<html>
<body>
<pre>
<h1>µVision Build Log</h1>
<h2>Tool Versions:</h2>
IDE-Version: µVision V5.17.0.0
Copyright (C) 2015 ARM Ltd and ARM Germany GmbH. All rights reserved.
License Information: 1 2, 3, LIC=Z3CTG-VF6VY-JMN98-3M9TP-13VTC-5EMJG
 
Tool Versions:
Toolchain:       MDK-ARM Professional  Version: 5.17
Toolchain Path:  C:\Keil_v5\ARM\ARMCC\Bin
C Compiler:      Armcc.exe V5.06 update 1 (build 61)
Assembler:       Armasm.exe V5.06 update 1 (build 61)
Linker/Locator:  ArmLink.exe V5.06 update 1 (build 61)
Library Manager: ArmAr.exe V5.06 update 1 (build 61)
Hex Converter:   FromElf.exe V5.06 update 1 (build 61)
CPU DLL:         SARMCM3.DLL V5.17
Dialog DLL:      DARMSTM.DL
Target DLL:      STLink\ST-LINKIII-KEIL_SWO.dll V2.0.18.0
Dialog DLL:      DARMSTM.DLL V1.65.0.0
 
<h2>Project:</h2>
E:\MC\2.STM32\STMProjects\GSM\GSM_M590\Project\gsm_stm32f103\MDK-ARM\gsm_stm32f103.uvprojx
Project File Date:  12/24/2017

<h2>Output:</h2>
*** Using Compiler 'V5.06 update 1 (build 61)', folder: 'C:\Keil_v5\ARM\ARMCC\Bin'
Build target 'gsm_stm32f103'
creating preprocessor file for stm32f1xx_hal_flash_ex.c...
creating preprocessor file for stm32f1xx_hal_dma.c...
creating preprocessor file for stm32f1xx_hal_tim_ex.c...
creating preprocessor file for stm32f1xx_hal_gpio.c...
creating preprocessor file for stm32f1xx_hal_cortex.c...
creating preprocessor file for stm32f1xx_hal.c...
creating preprocessor file for stm32f1xx_hal_tim.c...
creating preprocessor file for stm32f1xx_hal_gpio_ex.c...
creating preprocessor file for stm32f1xx_hal_pwr.c...
creating preprocessor file for stm32f1xx_hal_flash.c...
creating preprocessor file for stm32f1xx_hal_rcc.c...
creating preprocessor file for stm32f1xx_hal_rcc_ex.c...
creating preprocessor file for system_stm32f1xx.c...
creating preprocessor file for delay.c...
creating preprocessor file for stm32f1xx_hal_msp.c...
creating preprocessor file for main.c...
creating preprocessor file for tim.c...
creating preprocessor file for error.c...
creating preprocessor file for event_system.c...
creating preprocessor file for event_functions.c...
creating preprocessor file for init_mc.c...
..\Src\init_mc.c(176): warning:  #1-D: last line of file ends without a newline
  }
..\Src\init_mc.c: 1 warning, 0 errors
creating preprocessor file for util.c...
creating preprocessor file for interrupt.c...
compiling main.c...
creating preprocessor file for system.c...
creating preprocessor file for gpio.c...
creating preprocessor file for SSD1306.c...
creating preprocessor file for Fonts.c...
compiling init_mc.c...
..\Src\init_mc.c(176): warning:  #1-D: last line of file ends without a newline
  }
..\Src\init_mc.c(47): warning:  #177-D: function "init_gpio" was declared but never referenced
  static void init_gpio(void){
..\Src\init_mc.c(79): warning:  #177-D: function "SetSysClock" was declared but never referenced
  static void SetSysClock(void){
..\Src\init_mc.c: 3 warnings, 0 errors
creating preprocessor file for gsm.c...
creating preprocessor file for gsm_usart.c...
creating preprocessor file for gsm_common.c...
compiling gpio.c...
linking...
Program Size: Code=7576 RO-data=4288 RW-data=40 ZI-data=2400  
FromELF: creating hex file...
"gsm_stm32f103\gsm_stm32f103.axf" - 0 Error(s), 4 Warning(s).

<h2>Software Packages used:</h2>

Package Vendor: ARM
                http://www.keil.com/pack/ARM.CMSIS.5.0.1.pack
                ARM::CMSIS:CORE:5.0.1
                CMSIS (Cortex Microcontroller Software Interface Standard)
   * Component: CORE Version: 5.0.1

<h2>Collection of Component include folders:</h2>
  E:\MC\2.STM32\STMProjects\GSM\GSM_M590\Project\gsm_stm32f103\MDK-ARM\RTE
  C:\Keil_v5\ARM\PACK\ARM\CMSIS\5.0.1\CMSIS\Include
  C:\Keil_v5\ARM\PACK\Keil\STM32F1xx_DFP\2.1.0\Device\Include

<h2>Collection of Component Files used:</h2>

   * Component: ARM::CMSIS:CORE:5.0.1
Build Time Elapsed:  00:00:11
</pre>
</body>
</html>
