<html>
<body>
<pre>
<h1>µVision Build Log</h1>
<h2>Tool Versions:</h2>
IDE-Version: µVision V5.17.0.0
Copyright (C) 2015 ARM Ltd and ARM Germany GmbH. All rights reserved.
License Information: 1 2, 3, LIC=Z3CTG-VF6VY-JMN98-3M9TP-13VTC-5EMJG
 
Tool Versions:
Toolchain:       MDK-ARM Professional  Version: 5.17
Toolchain Path:  C:\Keil_v5\ARM\ARMCC\Bin
C Compiler:      Armcc.exe V5.06 update 1 (build 61)
Assembler:       Armasm.exe V5.06 update 1 (build 61)
Linker/Locator:  ArmLink.exe V5.06 update 1 (build 61)
Library Manager: ArmAr.exe V5.06 update 1 (build 61)
Hex Converter:   FromElf.exe V5.06 update 1 (build 61)
CPU DLL:         SARMCM3.DLL V5.17
Dialog DLL:      DARMSTM.DL
Target DLL:      STLink\ST-LINKIII-KEIL_SWO.dll V2.0.18.0
Dialog DLL:      DCD.DLL
 
<h2>Project:</h2>
E:\MC\2.STM32\STMProjects\GSM\M590\Project\Keil\gsm_stm32f103\MDK-ARM\gsm_stm32f103.uvprojx
Project File Date:  12/27/2017

<h2>Output:</h2>
*** Using Compiler 'V5.06 update 1 (build 61)', folder: 'C:\Keil_v5\ARM\ARMCC\Bin'
Build target 'gsm_stm32f103'
creating preprocessor file for system_stm32f1xx.c...
creating preprocessor file for delay.c...
creating preprocessor file for main.c...
creating preprocessor file for event_system.c...
creating preprocessor file for event_functions.c...
creating preprocessor file for init_mc.c...
creating preprocessor file for util.c...
creating preprocessor file for interrupt.c...
creating preprocessor file for gpio.c...
creating preprocessor file for SSD1306.c...
creating preprocessor file for Fonts.c...
creating preprocessor file for gsm_common.c...
creating preprocessor file for gsm_usart.c...
creating preprocessor file for gsm.c...
compiling SSD1306.c...
linking...
Program Size: Code=4448 RO-data=4272 RW-data=36 ZI-data=2340  
FromELF: creating hex file...
"gsm_stm32f103\gsm_stm32f103.axf" - 0 Error(s), 0 Warning(s).

<h2>Software Packages used:</h2>

Package Vendor: ARM
                http://www.keil.com/pack/ARM.CMSIS.5.0.1.pack
                ARM::CMSIS:CORE:5.0.1
                CMSIS (Cortex Microcontroller Software Interface Standard)
   * Component: CORE Version: 5.0.1

<h2>Collection of Component include folders:</h2>
  E:\MC\2.STM32\STMProjects\GSM\M590\Project\Keil\gsm_stm32f103\MDK-ARM\RTE
  C:\Keil_v5\ARM\PACK\ARM\CMSIS\5.0.1\CMSIS\Include
  C:\Keil_v5\ARM\PACK\Keil\STM32F1xx_DFP\2.1.0\Device\Include

<h2>Collection of Component Files used:</h2>

   * Component: ARM::CMSIS:CORE:5.0.1
Build Time Elapsed:  00:00:06
</pre>
</body>
</html>
