Component: ARM Compiler 5.06 update 1 (build 61) Tool: armlink [4d35a8]

==============================================================================

Section Cross References

    stm32f1xx_hal_flash_ex.o(i.FLASH_MassErase) refers to stm32f1xx_hal_flash.o(.bss) for pFlash
    stm32f1xx_hal_flash_ex.o(i.FLASH_OB_DisableWRP) refers to stm32f1xx_hal_flash_ex.o(i.FLASH_OB_GetWRP) for FLASH_OB_GetWRP
    stm32f1xx_hal_flash_ex.o(i.FLASH_OB_DisableWRP) refers to stm32f1xx_hal_flash.o(i.FLASH_WaitForLastOperation) for FLASH_WaitForLastOperation
    stm32f1xx_hal_flash_ex.o(i.FLASH_OB_DisableWRP) refers to stm32f1xx_hal_flash_ex.o(i.HAL_FLASHEx_OBErase) for HAL_FLASHEx_OBErase
    stm32f1xx_hal_flash_ex.o(i.FLASH_OB_DisableWRP) refers to stm32f1xx_hal_flash.o(.bss) for pFlash
    stm32f1xx_hal_flash_ex.o(i.FLASH_OB_EnableWRP) refers to stm32f1xx_hal_flash_ex.o(i.FLASH_OB_GetWRP) for FLASH_OB_GetWRP
    stm32f1xx_hal_flash_ex.o(i.FLASH_OB_EnableWRP) refers to stm32f1xx_hal_flash.o(i.FLASH_WaitForLastOperation) for FLASH_WaitForLastOperation
    stm32f1xx_hal_flash_ex.o(i.FLASH_OB_EnableWRP) refers to stm32f1xx_hal_flash_ex.o(i.HAL_FLASHEx_OBErase) for HAL_FLASHEx_OBErase
    stm32f1xx_hal_flash_ex.o(i.FLASH_OB_EnableWRP) refers to stm32f1xx_hal_flash.o(.bss) for pFlash
    stm32f1xx_hal_flash_ex.o(i.FLASH_OB_ProgramData) refers to stm32f1xx_hal_flash.o(i.FLASH_WaitForLastOperation) for FLASH_WaitForLastOperation
    stm32f1xx_hal_flash_ex.o(i.FLASH_OB_ProgramData) refers to stm32f1xx_hal_flash.o(.bss) for pFlash
    stm32f1xx_hal_flash_ex.o(i.FLASH_OB_RDP_LevelConfig) refers to stm32f1xx_hal_flash.o(i.FLASH_WaitForLastOperation) for FLASH_WaitForLastOperation
    stm32f1xx_hal_flash_ex.o(i.FLASH_OB_RDP_LevelConfig) refers to stm32f1xx_hal_flash.o(.bss) for pFlash
    stm32f1xx_hal_flash_ex.o(i.FLASH_OB_UserConfig) refers to stm32f1xx_hal_flash.o(i.FLASH_WaitForLastOperation) for FLASH_WaitForLastOperation
    stm32f1xx_hal_flash_ex.o(i.FLASH_OB_UserConfig) refers to stm32f1xx_hal_flash.o(.bss) for pFlash
    stm32f1xx_hal_flash_ex.o(i.FLASH_PageErase) refers to stm32f1xx_hal_flash.o(.bss) for pFlash
    stm32f1xx_hal_flash_ex.o(i.HAL_FLASHEx_Erase) refers to stm32f1xx_hal_flash.o(i.FLASH_WaitForLastOperation) for FLASH_WaitForLastOperation
    stm32f1xx_hal_flash_ex.o(i.HAL_FLASHEx_Erase) refers to stm32f1xx_hal_flash_ex.o(i.FLASH_MassErase) for FLASH_MassErase
    stm32f1xx_hal_flash_ex.o(i.HAL_FLASHEx_Erase) refers to stm32f1xx_hal_flash_ex.o(i.FLASH_PageErase) for FLASH_PageErase
    stm32f1xx_hal_flash_ex.o(i.HAL_FLASHEx_Erase) refers to stm32f1xx_hal_flash.o(.bss) for pFlash
    stm32f1xx_hal_flash_ex.o(i.HAL_FLASHEx_Erase_IT) refers to stm32f1xx_hal_flash_ex.o(i.FLASH_PageErase) for FLASH_PageErase
    stm32f1xx_hal_flash_ex.o(i.HAL_FLASHEx_Erase_IT) refers to stm32f1xx_hal_flash_ex.o(i.FLASH_MassErase) for FLASH_MassErase
    stm32f1xx_hal_flash_ex.o(i.HAL_FLASHEx_Erase_IT) refers to stm32f1xx_hal_flash.o(.bss) for pFlash
    stm32f1xx_hal_flash_ex.o(i.HAL_FLASHEx_OBErase) refers to stm32f1xx_hal_flash_ex.o(i.FLASH_OB_GetRDP) for FLASH_OB_GetRDP
    stm32f1xx_hal_flash_ex.o(i.HAL_FLASHEx_OBErase) refers to stm32f1xx_hal_flash.o(i.FLASH_WaitForLastOperation) for FLASH_WaitForLastOperation
    stm32f1xx_hal_flash_ex.o(i.HAL_FLASHEx_OBErase) refers to stm32f1xx_hal_flash_ex.o(i.FLASH_OB_RDP_LevelConfig) for FLASH_OB_RDP_LevelConfig
    stm32f1xx_hal_flash_ex.o(i.HAL_FLASHEx_OBErase) refers to stm32f1xx_hal_flash.o(.bss) for pFlash
    stm32f1xx_hal_flash_ex.o(i.HAL_FLASHEx_OBGetConfig) refers to stm32f1xx_hal_flash_ex.o(i.FLASH_OB_GetWRP) for FLASH_OB_GetWRP
    stm32f1xx_hal_flash_ex.o(i.HAL_FLASHEx_OBGetConfig) refers to stm32f1xx_hal_flash_ex.o(i.FLASH_OB_GetRDP) for FLASH_OB_GetRDP
    stm32f1xx_hal_flash_ex.o(i.HAL_FLASHEx_OBGetConfig) refers to stm32f1xx_hal_flash_ex.o(i.FLASH_OB_GetUser) for FLASH_OB_GetUser
    stm32f1xx_hal_flash_ex.o(i.HAL_FLASHEx_OBProgram) refers to stm32f1xx_hal_flash_ex.o(i.FLASH_OB_DisableWRP) for FLASH_OB_DisableWRP
    stm32f1xx_hal_flash_ex.o(i.HAL_FLASHEx_OBProgram) refers to stm32f1xx_hal_flash_ex.o(i.FLASH_OB_EnableWRP) for FLASH_OB_EnableWRP
    stm32f1xx_hal_flash_ex.o(i.HAL_FLASHEx_OBProgram) refers to stm32f1xx_hal_flash_ex.o(i.FLASH_OB_RDP_LevelConfig) for FLASH_OB_RDP_LevelConfig
    stm32f1xx_hal_flash_ex.o(i.HAL_FLASHEx_OBProgram) refers to stm32f1xx_hal_flash_ex.o(i.FLASH_OB_UserConfig) for FLASH_OB_UserConfig
    stm32f1xx_hal_flash_ex.o(i.HAL_FLASHEx_OBProgram) refers to stm32f1xx_hal_flash_ex.o(i.FLASH_OB_ProgramData) for FLASH_OB_ProgramData
    stm32f1xx_hal_flash_ex.o(i.HAL_FLASHEx_OBProgram) refers to stm32f1xx_hal_flash.o(.bss) for pFlash
    stm32f1xx_hal_dma.o(i.HAL_DMA_PollForTransfer) refers to stm32f1xx_hal.o(i.HAL_GetTick) for HAL_GetTick
    stm32f1xx_hal_dma.o(i.HAL_DMA_Start) refers to stm32f1xx_hal_dma.o(i.DMA_SetConfig) for DMA_SetConfig
[...]

Removing Unused input sections from the image.

    Removing stm32f1xx_hal_flash_ex.o(.rev16_text), (4 bytes).
    Removing stm32f1xx_hal_flash_ex.o(.revsh_text), (4 bytes).
    Removing stm32f1xx_hal_flash_ex.o(.rrx_text), (6 bytes).
    Removing stm32f1xx_hal_flash_ex.o(i.FLASH_MassErase), (36 bytes).
    Removing stm32f1xx_hal_flash_ex.o(i.FLASH_OB_DisableWRP), (180 bytes).
    Removing stm32f1xx_hal_flash_ex.o(i.FLASH_OB_EnableWRP), (180 bytes).
    Removing stm32f1xx_hal_flash_ex.o(i.FLASH_OB_GetRDP), (24 bytes).
    Removing stm32f1xx_hal_flash_ex.o(i.FLASH_OB_GetUser), (16 bytes).
    Removing stm32f1xx_hal_flash_ex.o(i.FLASH_OB_GetWRP), (12 bytes).
    Removing stm32f1xx_hal_flash_ex.o(i.FLASH_OB_ProgramData), (64 bytes).
    Removing stm32f1xx_hal_flash_ex.o(i.FLASH_OB_RDP_LevelConfig), (100 bytes).
    Removing stm32f1xx_hal_flash_ex.o(i.FLASH_OB_UserConfig), (68 bytes).
    Removing stm32f1xx_hal_flash_ex.o(i.FLASH_PageErase), (36 bytes).
    Removing stm32f1xx_hal_flash_ex.o(i.HAL_FLASHEx_Erase), (168 bytes).
    Removing stm32f1xx_hal_flash_ex.o(i.HAL_FLASHEx_Erase_IT), (84 bytes).
    Removing stm32f1xx_hal_flash_ex.o(i.HAL_FLASHEx_OBErase), (84 bytes).
    Removing stm32f1xx_hal_flash_ex.o(i.HAL_FLASHEx_OBGetConfig), (28 bytes).
    Removing stm32f1xx_hal_flash_ex.o(i.HAL_FLASHEx_OBGetUserData), (32 bytes).
    Removing stm32f1xx_hal_flash_ex.o(i.HAL_FLASHEx_OBProgram), (124 bytes).
    Removing stm32f1xx_hal_dma.o(.rev16_text), (4 bytes).
    Removing stm32f1xx_hal_dma.o(.revsh_text), (4 bytes).
    Removing stm32f1xx_hal_dma.o(.rrx_text), (6 bytes).
    Removing stm32f1xx_hal_dma.o(i.DMA_SetConfig), (44 bytes).
    Removing stm32f1xx_hal_dma.o(i.HAL_DMA_Abort), (48 bytes).
    Removing stm32f1xx_hal_dma.o(i.HAL_DMA_Abort_IT), (152 bytes).
    Removing stm32f1xx_hal_dma.o(i.HAL_DMA_DeInit), (88 bytes).
    Removing stm32f1xx_hal_dma.o(i.HAL_DMA_GetError), (4 bytes).
    Removing stm32f1xx_hal_dma.o(i.HAL_DMA_GetState), (6 bytes).
    Removing stm32f1xx_hal_dma.o(i.HAL_DMA_IRQHandler), (360 bytes).
    Removing stm32f1xx_hal_dma.o(i.HAL_DMA_Init), (108 bytes).
    Removing stm32f1xx_hal_dma.o(i.HAL_DMA_PollForTransfer), (556 bytes).
    Removing stm32f1xx_hal_dma.o(i.HAL_DMA_RegisterCallback), (76 bytes).
    Removing stm32f1xx_hal_dma.o(i.HAL_DMA_Start), (80 bytes).
    Removing stm32f1xx_hal_dma.o(i.HAL_DMA_Start_IT), (116 bytes).
    Removing stm32f1xx_hal_dma.o(i.HAL_DMA_UnRegisterCallback), (86 bytes).
    Removing stm32f1xx_hal_tim_ex.o(.rev16_text), (4 bytes).
    Removing stm32f1xx_hal_tim_ex.o(.revsh_text), (4 bytes).
    Removing stm32f1xx_hal_tim_ex.o(.rrx_text), (6 bytes).
    Removing stm32f1xx_hal_tim_ex.o(i.HAL_TIMEx_BreakCallback), (2 bytes).
    Removing stm32f1xx_hal_tim_ex.o(i.HAL_TIMEx_CommutationCallback), (2 bytes).
    Removing stm32f1xx_hal_tim_ex.o(i.HAL_TIMEx_ConfigBreakDeadTime), (90 bytes).
    Removing stm32f1xx_hal_tim_ex.o(i.HAL_TIMEx_ConfigCommutationEvent), (92 bytes).
    Removing stm32f1xx_hal_tim_ex.o(i.HAL_TIMEx_ConfigCommutationEvent_DMA), (124 bytes).
    Removing stm32f1xx_hal_tim_ex.o(i.HAL_TIMEx_ConfigCommutationEvent_IT), (102 bytes).
    Removing stm32f1xx_hal_tim_ex.o(i.HAL_TIMEx_HallSensor_DeInit), (54 bytes).
    Removing stm32f1xx_hal_tim_ex.o(i.HAL_TIMEx_HallSensor_GetState), (6 bytes).
    Removing stm32f1xx_hal_tim_ex.o(i.HAL_TIMEx_HallSensor_Init), (190 bytes).
    Removing stm32f1xx_hal_tim_ex.o(i.HAL_TIMEx_HallSensor_MspDeInit), (2 bytes).
    Removing stm32f1xx_hal_tim_ex.o(i.HAL_TIMEx_HallSensor_MspInit), (2 bytes).
    Removing stm32f1xx_hal_tim_ex.o(i.HAL_TIMEx_HallSensor_Start), (28 bytes).
    Removing stm32f1xx_hal_tim_ex.o(i.HAL_TIMEx_HallSensor_Start_DMA), (112 bytes).
    Removing stm32f1xx_hal_tim_ex.o(i.HAL_TIMEx_HallSensor_Start_IT), (38 bytes).
    Removing stm32f1xx_hal_tim_ex.o(i.HAL_TIMEx_HallSensor_Stop), (46 bytes).
    Removing stm32f1xx_hal_tim_ex.o(i.HAL_TIMEx_HallSensor_Stop_DMA), (56 bytes).
    Removing stm32f1xx_hal_tim_ex.o(i.HAL_TIMEx_HallSensor_Stop_IT), (56 bytes).
    Removing stm32f1xx_hal_tim_ex.o(i.HAL_TIMEx_OCN_Start), (36 bytes).
    Removing stm32f1xx_hal_tim_ex.o(i.HAL_TIMEx_OCN_Start_DMA), (224 bytes).
    Removing stm32f1xx_hal_tim_ex.o(i.HAL_TIMEx_OCN_Start_IT), (104 bytes).
    Removing stm32f1xx_hal_tim_ex.o(i.HAL_TIMEx_OCN_Stop), (68 bytes).
    Removing stm32f1xx_hal_tim_ex.o(i.HAL_TIMEx_OCN_Stop_DMA), (132 bytes).
    Removing stm32f1xx_hal_tim_ex.o(i.HAL_TIMEx_OCN_Stop_IT), (142 bytes).
    Removing stm32f1xx_hal_tim_ex.o(i.HAL_TIMEx_OnePulseN_Start), (26 bytes).
    Removing stm32f1xx_hal_tim_ex.o(i.HAL_TIMEx_OnePulseN_Start_IT), (46 bytes).
    Removing stm32f1xx_hal_tim_ex.o(i.HAL_TIMEx_OnePulseN_Stop), (68 bytes).
    Removing stm32f1xx_hal_tim_ex.o(i.HAL_TIMEx_OnePulseN_Stop_IT), (88 bytes).
    Removing stm32f1xx_hal_tim_ex.o(i.HAL_TIMEx_PWMN_Start), (36 bytes).
    Removing stm32f1xx_hal_tim_ex.o(i.HAL_TIMEx_PWMN_Start_DMA), (224 bytes).
    Removing stm32f1xx_hal_tim_ex.o(i.HAL_TIMEx_PWMN_Start_IT), (104 bytes).
    Removing stm32f1xx_hal_tim_ex.o(i.HAL_TIMEx_PWMN_Stop), (68 bytes).
    Removing stm32f1xx_hal_tim_ex.o(i.HAL_TIMEx_PWMN_Stop_DMA), (132 bytes).
    Removing stm32f1xx_hal_tim_ex.o(i.HAL_TIMEx_PWMN_Stop_IT), (142 bytes).
    Removing stm32f1xx_hal_tim_ex.o(i.TIMEx_DMACommutationCplt), (16 bytes).
    Removing stm32f1xx_hal_tim_ex.o(i.TIM_CCxNChannelCmd), (22 bytes).
    Removing stm32f1xx_hal_gpio.o(.rev16_text), (4 bytes).
    Removing stm32f1xx_hal_gpio.o(.revsh_text), (4 bytes).
    Removing stm32f1xx_hal_gpio.o(.rrx_text), (6 bytes).
    Removing stm32f1xx_hal_gpio.o(i.HAL_GPIO_DeInit), (236 bytes).
    Removing stm32f1xx_hal_gpio.o(i.HAL_GPIO_EXTI_Callback), (2 bytes).
    Removing stm32f1xx_hal_gpio.o(i.HAL_GPIO_EXTI_IRQHandler), (24 bytes).
    Removing stm32f1xx_hal_gpio.o(i.HAL_GPIO_LockPin), (36 bytes).
    Removing stm32f1xx_hal_gpio.o(i.HAL_GPIO_ReadPin), (14 bytes).
    Removing stm32f1xx_hal_gpio.o(i.HAL_GPIO_TogglePin), (8 bytes).
    Removing stm32f1xx_hal_cortex.o(.rev16_text), (4 bytes).
    Removing stm32f1xx_hal_cortex.o(.revsh_text), (4 bytes).
    Removing stm32f1xx_hal_cortex.o(.rrx_text), (6 bytes).
    Removing stm32f1xx_hal_cortex.o(i.HAL_NVIC_ClearPendingIRQ), (22 bytes).
    Removing stm32f1xx_hal_cortex.o(i.HAL_NVIC_DisableIRQ), (22 bytes).
    Removing stm32f1xx_hal_cortex.o(i.HAL_NVIC_GetActive), (32 bytes).
    Removing stm32f1xx_hal_cortex.o(i.HAL_NVIC_GetPendingIRQ), (32 bytes).
    Removing stm32f1xx_hal_cortex.o(i.HAL_NVIC_GetPriority), (86 bytes).
    Removing stm32f1xx_hal_cortex.o(i.HAL_NVIC_GetPriorityGrouping), (16 bytes).
    Removing stm32f1xx_hal_cortex.o(i.HAL_NVIC_SetPendingIRQ), (22 bytes).
    Removing stm32f1xx_hal_cortex.o(i.HAL_NVIC_SystemReset), (36 bytes).
    Removing stm32f1xx_hal_cortex.o(i.HAL_SYSTICK_Callback), (2 bytes).
    Removing stm32f1xx_hal_cortex.o(i.HAL_SYSTICK_IRQHandler), (8 bytes).
    Removing stm32f1xx_hal.o(.rev16_text), (4 bytes).
    Removing stm32f1xx_hal.o(.revsh_text), (4 bytes).
    Removing stm32f1xx_hal.o(.rrx_text), (6 bytes).
    Removing stm32f1xx_hal.o(i.HAL_DBGMCU_DisableDBGSleepMode), (16 bytes).
    Removing stm32f1xx_hal.o(i.HAL_DBGMCU_DisableDBGStandbyMode), (16 bytes).
    Removing stm32f1xx_hal.o(i.HAL_DBGMCU_DisableDBGStopMode), (16 bytes).
    Removing stm32f1xx_hal.o(i.HAL_DBGMCU_EnableDBGSleepMode), (16 bytes).
    Removing stm32f1xx_hal.o(i.HAL_DBGMCU_EnableDBGStandbyMode), (16 bytes).
    Removing stm32f1xx_hal.o(i.HAL_DBGMCU_EnableDBGStopMode), (16 bytes).
    Removing stm32f1xx_hal.o(i.HAL_DeInit), (32 bytes).
    Removing stm32f1xx_hal.o(i.HAL_Delay), (28 bytes).
    Removing stm32f1xx_hal.o(i.HAL_GetDEVID), (16 bytes).
    Removing stm32f1xx_hal.o(i.HAL_GetHalVersion), (8 bytes).
    Removing stm32f1xx_hal.o(i.HAL_GetREVID), (12 bytes).
    Removing stm32f1xx_hal.o(i.HAL_GetUID), (28 bytes).
    Removing stm32f1xx_hal.o(i.HAL_MspDeInit), (2 bytes).
    Removing stm32f1xx_hal.o(i.HAL_MspInit), (2 bytes).
    Removing stm32f1xx_hal.o(i.HAL_ResumeTick), (14 bytes).
    Removing stm32f1xx_hal.o(i.HAL_SuspendTick), (14 bytes).
    Removing stm32f1xx_hal_tim.o(.rev16_text), (4 bytes).
    Removing stm32f1xx_hal_tim.o(.revsh_text), (4 bytes).
    Removing stm32f1xx_hal_tim.o(.rrx_text), (6 bytes).
    Removing stm32f1xx_hal_tim.o(i.HAL_TIM_Base_DeInit), (54 bytes).
    Removing stm32f1xx_hal_tim.o(i.HAL_TIM_Base_GetState), (6 bytes).
    Removing stm32f1xx_hal_tim.o(i.HAL_TIM_Base_MspDeInit), (2 bytes).
    Removing stm32f1xx_hal_tim.o(i.HAL_TIM_Base_MspInit), (2 bytes).
    Removing stm32f1xx_hal_tim.o(i.HAL_TIM_Base_Start), (26 bytes).
    Removing stm32f1xx_hal_tim.o(i.HAL_TIM_Base_Start_DMA), (96 bytes).
    Removing stm32f1xx_hal_tim.o(i.HAL_TIM_Base_Stop), (44 bytes).
    Removing stm32f1xx_hal_tim.o(i.HAL_TIM_Base_Stop_DMA), (48 bytes).
    Removing stm32f1xx_hal_tim.o(i.HAL_TIM_Base_Stop_IT), (42 bytes).
    Removing stm32f1xx_hal_tim.o(i.HAL_TIM_ConfigOCrefClear), (202 bytes).
    Removing stm32f1xx_hal_tim.o(i.HAL_TIM_ConfigTI1Input), (16 bytes).
    Removing stm32f1xx_hal_tim.o(i.HAL_TIM_DMABurst_ReadStart), (328 bytes).
    Removing stm32f1xx_hal_tim.o(i.HAL_TIM_DMABurst_ReadStop), (120 bytes).
    Removing stm32f1xx_hal_tim.o(i.HAL_TIM_DMABurst_WriteStart), (328 bytes).
    Removing stm32f1xx_hal_tim.o(i.HAL_TIM_DMABurst_WriteStop), (120 bytes).
    Removing stm32f1xx_hal_tim.o(i.HAL_TIM_Encoder_DeInit), (54 bytes).
    Removing stm32f1xx_hal_tim.o(i.HAL_TIM_Encoder_GetState), (6 bytes).
    Removing stm32f1xx_hal_tim.o(i.HAL_TIM_Encoder_Init), (162 bytes).
    Removing stm32f1xx_hal_tim.o(i.HAL_TIM_Encoder_MspDeInit), (2 bytes).
    Removing stm32f1xx_hal_tim.o(i.HAL_TIM_Encoder_MspInit), (2 bytes).
    Removing stm32f1xx_hal_tim.o(i.HAL_TIM_Encoder_Start), (66 bytes).
    Removing stm32f1xx_hal_tim.o(i.HAL_TIM_Encoder_Start_DMA), (288 bytes).
    Removing stm32f1xx_hal_tim.o(i.HAL_TIM_Encoder_Start_IT), (106 bytes).
    Removing stm32f1xx_hal_tim.o(i.HAL_TIM_Encoder_Stop), (84 bytes).
    Removing stm32f1xx_hal_tim.o(i.HAL_TIM_Encoder_Stop_DMA), (130 bytes).
    Removing stm32f1xx_hal_tim.o(i.HAL_TIM_Encoder_Stop_IT), (130 bytes).
    Removing stm32f1xx_hal_tim.o(i.HAL_TIM_ErrorCallback), (2 bytes).
    Removing stm32f1xx_hal_tim.o(i.HAL_TIM_GenerateEvent), (38 bytes).
    Removing stm32f1xx_hal_tim.o(i.HAL_TIM_IC_CaptureCallback), (2 bytes).
    Removing stm32f1xx_hal_tim.o(i.HAL_TIM_IC_ConfigChannel), (188 bytes).
    Removing stm32f1xx_hal_tim.o(i.HAL_TIM_IC_DeInit), (54 bytes).
    Removing stm32f1xx_hal_tim.o(i.HAL_TIM_IC_GetState), (6 bytes).
    Removing stm32f1xx_hal_tim.o(i.HAL_TIM_IC_Init), (56 bytes).
    Removing stm32f1xx_hal_tim.o(i.HAL_TIM_IC_MspDeInit), (2 bytes).
    Removing stm32f1xx_hal_tim.o(i.HAL_TIM_IC_MspInit), (2 bytes).
    Removing stm32f1xx_hal_tim.o(i.HAL_TIM_IC_Start), (26 bytes).
    Removing stm32f1xx_hal_tim.o(i.HAL_TIM_IC_Start_DMA), (212 bytes).
    Removing stm32f1xx_hal_tim.o(i.HAL_TIM_IC_Start_IT), (84 bytes).
    Removing stm32f1xx_hal_tim.o(i.HAL_TIM_IC_Stop), (44 bytes).
    Removing stm32f1xx_hal_tim.o(i.HAL_TIM_IC_Stop_DMA), (108 bytes).
    Removing stm32f1xx_hal_tim.o(i.HAL_TIM_IC_Stop_IT), (102 bytes).
    Removing stm32f1xx_hal_tim.o(i.HAL_TIM_IRQHandler), (366 bytes).
    Removing stm32f1xx_hal_tim.o(i.HAL_TIM_OC_ConfigChannel), (84 bytes).
    Removing stm32f1xx_hal_tim.o(i.HAL_TIM_OC_DeInit), (54 bytes).
    Removing stm32f1xx_hal_tim.o(i.HAL_TIM_OC_DelayElapsedCallback), (2 bytes).
    Removing stm32f1xx_hal_tim.o(i.HAL_TIM_OC_GetState), (6 bytes).
    Removing stm32f1xx_hal_tim.o(i.HAL_TIM_OC_Init), (56 bytes).
    Removing stm32f1xx_hal_tim.o(i.HAL_TIM_OC_MspDeInit), (2 bytes).
    Removing stm32f1xx_hal_tim.o(i.HAL_TIM_OC_MspInit), (2 bytes).
    Removing stm32f1xx_hal_tim.o(i.HAL_TIM_OC_Start), (48 bytes).
    Removing stm32f1xx_hal_tim.o(i.HAL_TIM_OC_Start_DMA), (236 bytes).
    Removing stm32f1xx_hal_tim.o(i.HAL_TIM_OC_Start_IT), (104 bytes).
    Removing stm32f1xx_hal_tim.o(i.HAL_TIM_OC_Stop), (76 bytes).
    Removing stm32f1xx_hal_tim.o(i.HAL_TIM_OC_Stop_DMA), (140 bytes).
    Removing stm32f1xx_hal_tim.o(i.HAL_TIM_OC_Stop_IT), (136 bytes).
    Removing stm32f1xx_hal_tim.o(i.HAL_TIM_OnePulse_ConfigChannel), (234 bytes).
    Removing stm32f1xx_hal_tim.o(i.HAL_TIM_OnePulse_DeInit), (54 bytes).
    Removing stm32f1xx_hal_tim.o(i.HAL_TIM_OnePulse_GetState), (6 bytes).
    Removing stm32f1xx_hal_tim.o(i.HAL_TIM_OnePulse_Init), (76 bytes).
    Removing stm32f1xx_hal_tim.o(i.HAL_TIM_OnePulse_MspDeInit), (2 bytes).
    Removing stm32f1xx_hal_tim.o(i.HAL_TIM_OnePulse_MspInit), (2 bytes).
    Removing stm32f1xx_hal_tim.o(i.HAL_TIM_OnePulse_Start), (48 bytes).
    Removing stm32f1xx_hal_tim.o(i.HAL_TIM_OnePulse_Start_IT), (68 bytes).
    Removing stm32f1xx_hal_tim.o(i.HAL_TIM_OnePulse_Stop), (88 bytes).
    Removing stm32f1xx_hal_tim.o(i.HAL_TIM_OnePulse_Stop_IT), (108 bytes).
    Removing stm32f1xx_hal_tim.o(i.HAL_TIM_PWM_ConfigChannel), (218 bytes).
    Removing stm32f1xx_hal_tim.o(i.HAL_TIM_PWM_DeInit), (54 bytes).
    Removing stm32f1xx_hal_tim.o(i.HAL_TIM_PWM_GetState), (6 bytes).
    Removing stm32f1xx_hal_tim.o(i.HAL_TIM_PWM_Init), (56 bytes).
    Removing stm32f1xx_hal_tim.o(i.HAL_TIM_PWM_MspDeInit), (2 bytes).
    Removing stm32f1xx_hal_tim.o(i.HAL_TIM_PWM_MspInit), (2 bytes).
    Removing stm32f1xx_hal_tim.o(i.HAL_TIM_PWM_PulseFinishedCallback), (2 bytes).
    Removing stm32f1xx_hal_tim.o(i.HAL_TIM_PWM_Start), (48 bytes).
    Removing stm32f1xx_hal_tim.o(i.HAL_TIM_PWM_Start_DMA), (236 bytes).
    Removing stm32f1xx_hal_tim.o(i.HAL_TIM_PWM_Start_IT), (104 bytes).
    Removing stm32f1xx_hal_tim.o(i.HAL_TIM_PWM_Stop), (84 bytes).
    Removing stm32f1xx_hal_tim.o(i.HAL_TIM_PWM_Stop_DMA), (140 bytes).
    Removing stm32f1xx_hal_tim.o(i.HAL_TIM_PWM_Stop_IT), (136 bytes).
    Removing stm32f1xx_hal_tim.o(i.HAL_TIM_PeriodElapsedCallback), (2 bytes).
    Removing stm32f1xx_hal_tim.o(i.HAL_TIM_ReadCapturedValue), (68 bytes).
    Removing stm32f1xx_hal_tim.o(i.HAL_TIM_SlaveConfigSynchronization), (66 bytes).
    Removing stm32f1xx_hal_tim.o(i.HAL_TIM_SlaveConfigSynchronization_IT), (66 bytes).
    Removing stm32f1xx_hal_tim.o(i.HAL_TIM_TriggerCallback), (2 bytes).
    Removing stm32f1xx_hal_tim.o(i.TIM_CCxChannelCmd), (22 bytes).
    Removing stm32f1xx_hal_tim.o(i.TIM_DMACaptureCplt), (66 bytes).
    Removing stm32f1xx_hal_tim.o(i.TIM_DMADelayPulseCplt), (66 bytes).
    Removing stm32f1xx_hal_tim.o(i.TIM_DMAError), (16 bytes).
    Removing stm32f1xx_hal_tim.o(i.TIM_DMAPeriodElapsedCplt), (16 bytes).
    Removing stm32f1xx_hal_tim.o(i.TIM_DMATriggerCplt), (16 bytes).
    Removing stm32f1xx_hal_tim.o(i.TIM_OC1_SetConfig), (96 bytes).
    Removing stm32f1xx_hal_tim.o(i.TIM_OC2_SetConfig), (100 bytes).
    Removing stm32f1xx_hal_tim.o(i.TIM_OC3_SetConfig), (96 bytes).
    Removing stm32f1xx_hal_tim.o(i.TIM_OC4_SetConfig), (72 bytes).
    Removing stm32f1xx_hal_tim.o(i.TIM_SlaveTimer_SetConfig), (124 bytes).
    Removing stm32f1xx_hal_tim.o(i.TIM_TI1_SetConfig), (88 bytes).
    Removing stm32f1xx_hal_tim.o(i.TIM_TI2_SetConfig), (54 bytes).
    Removing stm32f1xx_hal_tim.o(i.TIM_TI3_SetConfig), (50 bytes).
    Removing stm32f1xx_hal_tim.o(i.TIM_TI4_SetConfig), (56 bytes).
    Removing stm32f1xx_hal_gpio_ex.o(.rev16_text), (4 bytes).
    Removing stm32f1xx_hal_gpio_ex.o(.revsh_text), (4 bytes).
    Removing stm32f1xx_hal_gpio_ex.o(.rrx_text), (6 bytes).
    Removing stm32f1xx_hal_gpio_ex.o(i.HAL_GPIOEx_ConfigEventout), (20 bytes).
    Removing stm32f1xx_hal_gpio_ex.o(i.HAL_GPIOEx_DisableEventout), (16 bytes).
    Removing stm32f1xx_hal_gpio_ex.o(i.HAL_GPIOEx_EnableEventout), (16 bytes).
    Removing stm32f1xx_hal_pwr.o(.rev16_text), (4 bytes).
    Removing stm32f1xx_hal_pwr.o(.revsh_text), (4 bytes).
    Removing stm32f1xx_hal_pwr.o(.rrx_text), (6 bytes).
    Removing stm32f1xx_hal_pwr.o(i.HAL_PWR_ConfigPVD), (124 bytes).
    Removing stm32f1xx_hal_pwr.o(i.HAL_PWR_DeInit), (24 bytes).
    Removing stm32f1xx_hal_pwr.o(i.HAL_PWR_DisableBkUpAccess), (12 bytes).
    Removing stm32f1xx_hal_pwr.o(i.HAL_PWR_DisablePVD), (12 bytes).
    Removing stm32f1xx_hal_pwr.o(i.HAL_PWR_DisableSEVOnPend), (16 bytes).
    Removing stm32f1xx_hal_pwr.o(i.HAL_PWR_DisableSleepOnExit), (16 bytes).
    Removing stm32f1xx_hal_pwr.o(i.HAL_PWR_DisableWakeUpPin), (28 bytes).
    Removing stm32f1xx_hal_pwr.o(i.HAL_PWR_EnableBkUpAccess), (12 bytes).
    Removing stm32f1xx_hal_pwr.o(i.HAL_PWR_EnablePVD), (12 bytes).
    Removing stm32f1xx_hal_pwr.o(i.HAL_PWR_EnableSEVOnPend), (16 bytes).
    Removing stm32f1xx_hal_pwr.o(i.HAL_PWR_EnableSleepOnExit), (16 bytes).
    Removing stm32f1xx_hal_pwr.o(i.HAL_PWR_EnableWakeUpPin), (28 bytes).
    Removing stm32f1xx_hal_pwr.o(i.HAL_PWR_EnterSLEEPMode), (32 bytes).
    Removing stm32f1xx_hal_pwr.o(i.HAL_PWR_EnterSTANDBYMode), (32 bytes).
    Removing stm32f1xx_hal_pwr.o(i.HAL_PWR_EnterSTOPMode), (68 bytes).
    Removing stm32f1xx_hal_pwr.o(i.HAL_PWR_PVDCallback), (2 bytes).
    Removing stm32f1xx_hal_pwr.o(i.HAL_PWR_PVD_IRQHandler), (28 bytes).
    Removing stm32f1xx_hal_pwr.o(i.PWR_OverloadWfe), (6 bytes).
    Removing stm32f1xx_hal_flash.o(.rev16_text), (4 bytes).
    Removing stm32f1xx_hal_flash.o(.revsh_text), (4 bytes).
    Removing stm32f1xx_hal_flash.o(.rrx_text), (6 bytes).
    Removing stm32f1xx_hal_flash.o(i.FLASH_Program_HalfWord), (28 bytes).
    Removing stm32f1xx_hal_flash.o(i.FLASH_SetErrorCode), (92 bytes).
    Removing stm32f1xx_hal_flash.o(i.FLASH_WaitForLastOperation), (84 bytes).
    Removing stm32f1xx_hal_flash.o(i.HAL_FLASH_EndOfOperationCallback), (2 bytes).
    Removing stm32f1xx_hal_flash.o(i.HAL_FLASH_GetError), (12 bytes).
    Removing stm32f1xx_hal_flash.o(i.HAL_FLASH_IRQHandler), (276 bytes).
    Removing stm32f1xx_hal_flash.o(i.HAL_FLASH_Lock), (20 bytes).
    Removing stm32f1xx_hal_flash.o(i.HAL_FLASH_OB_Launch), (4 bytes).
    Removing stm32f1xx_hal_flash.o(i.HAL_FLASH_OB_Lock), (20 bytes).
    Removing stm32f1xx_hal_flash.o(i.HAL_FLASH_OB_Unlock), (36 bytes).
    Removing stm32f1xx_hal_flash.o(i.HAL_FLASH_OperationErrorCallback), (2 bytes).
    Removing stm32f1xx_hal_flash.o(i.HAL_FLASH_Program), (140 bytes).
    Removing stm32f1xx_hal_flash.o(i.HAL_FLASH_Program_IT), (100 bytes).
    Removing stm32f1xx_hal_flash.o(i.HAL_FLASH_Unlock), (36 bytes).
    Removing stm32f1xx_hal_flash.o(.bss), (32 bytes).
    Removing stm32f1xx_hal_rcc.o(.rev16_text), (4 bytes).
    Removing stm32f1xx_hal_rcc.o(.revsh_text), (4 bytes).
    Removing stm32f1xx_hal_rcc.o(.rrx_text), (6 bytes).
    Removing stm32f1xx_hal_rcc.o(i.HAL_RCC_CSSCallback), (2 bytes).
    Removing stm32f1xx_hal_rcc.o(i.HAL_RCC_DeInit), (68 bytes).
    Removing stm32f1xx_hal_rcc.o(i.HAL_RCC_DisableCSS), (12 bytes).
    Removing stm32f1xx_hal_rcc.o(i.HAL_RCC_EnableCSS), (12 bytes).
    Removing stm32f1xx_hal_rcc.o(i.HAL_RCC_GetClockConfig), (60 bytes).
    Removing stm32f1xx_hal_rcc.o(i.HAL_RCC_GetOscConfig), (148 bytes).
    Removing stm32f1xx_hal_rcc.o(i.HAL_RCC_GetPCLK1Freq), (32 bytes).
    Removing stm32f1xx_hal_rcc.o(i.HAL_RCC_GetPCLK2Freq), (32 bytes).
    Removing stm32f1xx_hal_rcc.o(i.HAL_RCC_MCOConfig), (72 bytes).
    Removing stm32f1xx_hal_rcc.o(i.HAL_RCC_NMI_IRQHandler), (24 bytes).
    Removing stm32f1xx_hal_rcc_ex.o(.rev16_text), (4 bytes).
    Removing stm32f1xx_hal_rcc_ex.o(.revsh_text), (4 bytes).
    Removing stm32f1xx_hal_rcc_ex.o(.rrx_text), (6 bytes).
    Removing stm32f1xx_hal_rcc_ex.o(i.HAL_RCCEx_GetPeriphCLKConfig), (44 bytes).
    Removing stm32f1xx_hal_rcc_ex.o(i.HAL_RCCEx_GetPeriphCLKFreq), (208 bytes).
    Removing stm32f1xx_hal_rcc_ex.o(i.HAL_RCCEx_PeriphCLKConfig), (268 bytes).
    Removing system_stm32f1xx.o(.rev16_text), (4 bytes).
    Removing system_stm32f1xx.o(.revsh_text), (4 bytes).
    Removing system_stm32f1xx.o(.rrx_text), (6 bytes).
    Removing system_stm32f1xx.o(i.SystemCoreClockUpdate), (124 bytes).
    Removing system_stm32f1xx.o(.constdata), (8 bytes).
    Removing startup_stm32f103xb.o(HEAP), (512 bytes).
    Removing delay.o(.rev16_text), (4 bytes).
    Removing delay.o(.revsh_text), (4 bytes).
    Removing delay.o(.rrx_text), (6 bytes).
    Removing stm32f1xx_hal_msp.o(.rev16_text), (4 bytes).
    Removing stm32f1xx_hal_msp.o(.revsh_text), (4 bytes).
    Removing stm32f1xx_hal_msp.o(.rrx_text), (6 bytes).
    Removing stm32f1xx_hal_msp.o(i.HAL_MspInit), (132 bytes).
    Removing main.o(.rev16_text), (4 bytes).
    Removing main.o(.revsh_text), (4 bytes).
    Removing main.o(.rrx_text), (6 bytes).
    Removing main.o(.data), (1 bytes).
    Removing tim.o(.rev16_text), (4 bytes).
    Removing tim.o(.revsh_text), (4 bytes).
    Removing tim.o(.rrx_text), (6 bytes).
    Removing tim.o(i.HAL_TIM_Base_MspDeInit), (32 bytes).
    Removing error.o(.rev16_text), (4 bytes).
    Removing error.o(.revsh_text), (4 bytes).
    Removing error.o(.rrx_text), (6 bytes).
    Removing error.o(i.ERR_AddError), (36 bytes).
    Removing error.o(.bss), (10 bytes).
    Removing error.o(.data), (2 bytes).
    Removing event_system.o(.rev16_text), (4 bytes).
    Removing event_system.o(.revsh_text), (4 bytes).
    Removing event_system.o(.rrx_text), (6 bytes).
    Removing event_system.o(i.ES_FlushBuf), (16 bytes).
    Removing event_system.o(i.ES_GetCount), (12 bytes).
    Removing event_functions.o(.rev16_text), (4 bytes).
    Removing event_functions.o(.revsh_text), (4 bytes).
    Removing event_functions.o(.rrx_text), (6 bytes).
    Removing event_functions.o(i.EF_ReadSMS), (2 bytes).
    Removing init_mc.o(.rev16_text), (4 bytes).
    Removing init_mc.o(.revsh_text), (4 bytes).
    Removing init_mc.o(.rrx_text), (6 bytes).
    Removing interrupt.o(.rev16_text), (4 bytes).
    Removing interrupt.o(.revsh_text), (4 bytes).
    Removing interrupt.o(.rrx_text), (6 bytes).
    Removing system.o(.rev16_text), (4 bytes).
    Removing system.o(.revsh_text), (4 bytes).
    Removing system.o(.rrx_text), (6 bytes).
    Removing gpio.o(.rev16_text), (4 bytes).
    Removing gpio.o(.revsh_text), (4 bytes).
    Removing gpio.o(.rrx_text), (6 bytes).
    Removing ssd1306.o(.rev16_text), (4 bytes).
    Removing ssd1306.o(.revsh_text), (4 bytes).
    Removing ssd1306.o(.rrx_text), (6 bytes).
    Removing ssd1306.o(i.pow), (16 bytes).
    Removing ssd1306.o(i.spi_write_byte), (12 bytes).
    Removing ssd1306.o(i.ssd1306_clear_region), (76 bytes).
    Removing ssd1306.o(i.ssd1306_display_num), (126 bytes).
    Removing ssd1306.o(i.ssd1306_display_off), (30 bytes).
    Removing ssd1306.o(i.ssd1306_fill_screen), (56 bytes).
    Removing fonts.o(.rev16_text), (4 bytes).
    Removing fonts.o(.revsh_text), (4 bytes).
    Removing fonts.o(.rrx_text), (6 bytes).
    Removing fonts.o(.constdata), (16 bytes).
    Removing gsm.o(.rev16_text), (4 bytes).
    Removing gsm.o(.revsh_text), (4 bytes).
    Removing gsm.o(.rrx_text), (6 bytes).
    Removing gsm.o(i.GSM_GetRegInfo), (84 bytes).
    Removing gsm.o(i.GetBalance), (108 bytes).
    Removing gsm.o(i.HAL_GPIO_EXTI_Callback), (2 bytes).
    Removing gsm_usart.o(.rev16_text), (4 bytes).
    Removing gsm_usart.o(.revsh_text), (4 bytes).
    Removing gsm_usart.o(.rrx_text), (6 bytes).
    Removing gsm_usart.o(i.GSM_UART_Abort), (16 bytes).
    Removing gsm_usart.o(i.GSM_UART_Resume), (16 bytes).
    Removing gsm_common.o(.rev16_text), (4 bytes).
    Removing gsm_common.o(.revsh_text), (4 bytes).
    Removing gsm_common.o(.rrx_text), (6 bytes).
    Removing gsm_common.o(i.GSM_GetStatus), (12 bytes).
    Removing gsm_common.o(i.GSM_ResetStatus), (16 bytes).
    Removing gsm_common.o(.data), (1 bytes).
    Removing gsm_common.o(.data), (3 bytes).
    Removing gsm_common.o(.data), (3 bytes).
    Removing gsm_common.o(.data), (3 bytes).
    Removing gsm_common.o(.data), (3 bytes).
    Removing gsm_common.o(.data), (3 bytes).
    Removing gsm_common.o(.data), (3 bytes).
    Removing gsm_common.o(.data), (3 bytes).
    Removing gsm_common.o(.data), (3 bytes).
    Removing gsm_common.o(.data), (3 bytes).
    Removing gsm_common.o(.data), (3 bytes).
    Removing gsm_common.o(.data), (1 bytes).
    Removing dadd.o(.text), (334 bytes).
    Removing dmul.o(.text), (228 bytes).
    Removing ddiv.o(.text), (222 bytes).
    Removing dfixul.o(.text), (48 bytes).
    Removing cdrcmple.o(.text), (48 bytes).
    Removing depilogue.o(.text), (186 bytes).

374 unused section(s) (total 19487 bytes) removed from the image.

==============================================================================

Image Symbol Table

    Local Symbols

    Symbol Name                              Value     Ov Type        Size  Object(Section)

    ../Drivers/STM32F1xx_HAL_Driver/Src/stm32f1xx_hal.c 0x00000000   Number         0  stm32f1xx_hal.o ABSOLUTE
    ../Drivers/STM32F1xx_HAL_Driver/Src/stm32f1xx_hal_cortex.c 0x00000000   Number         0  stm32f1xx_hal_cortex.o ABSOLUTE
    ../Drivers/STM32F1xx_HAL_Driver/Src/stm32f1xx_hal_dma.c 0x00000000   Number         0  stm32f1xx_hal_dma.o ABSOLUTE
    ../Drivers/STM32F1xx_HAL_Driver/Src/stm32f1xx_hal_flash.c 0x00000000   Number         0  stm32f1xx_hal_flash.o ABSOLUTE
    ../Drivers/STM32F1xx_HAL_Driver/Src/stm32f1xx_hal_flash_ex.c 0x00000000   Number         0  stm32f1xx_hal_flash_ex.o ABSOLUTE
    ../Drivers/STM32F1xx_HAL_Driver/Src/stm32f1xx_hal_gpio.c 0x00000000   Number         0  stm32f1xx_hal_gpio.o ABSOLUTE
    ../Drivers/STM32F1xx_HAL_Driver/Src/stm32f1xx_hal_gpio_ex.c 0x00000000   Number         0  stm32f1xx_hal_gpio_ex.o ABSOLUTE
    ../Drivers/STM32F1xx_HAL_Driver/Src/stm32f1xx_hal_pwr.c 0x00000000   Number         0  stm32f1xx_hal_pwr.o ABSOLUTE
    ../Drivers/STM32F1xx_HAL_Driver/Src/stm32f1xx_hal_tim.c 0x00000000   Number         0  stm32f1xx_hal_tim.o ABSOLUTE
    ../Drivers/STM32F1xx_HAL_Driver/Src/stm32f1xx_hal_tim_ex.c 0x00000000   Number         0  stm32f1xx_hal_tim_ex.o ABSOLUTE
    ../Src/main.c                            0x00000000   Number         0  main.o ABSOLUTE
    ../Src/stm32f1xx_hal_msp.c               0x00000000   Number         0  stm32f1xx_hal_msp.o ABSOLUTE
    ../Src/tim.c                             0x00000000   Number         0  tim.o ABSOLUTE
    ../clib/microlib/ctype/ctype.c           0x00000000   Number         0  isupper_o.o ABSOLUTE
    ../clib/microlib/ctype/ctype.c           0x00000000   Number         0  islower_o.o ABSOLUTE
    ../clib/microlib/ctype/ctype.c           0x00000000   Number         0  isgraph_o.o ABSOLUTE
    ../clib/microlib/ctype/ctype.c           0x00000000   Number         0  isxdigit_o.o ABSOLUTE
    ../clib/microlib/ctype/ctype.c           0x00000000   Number         0  isdigit_o.o ABSOLUTE
    ../clib/microlib/ctype/ctype.c           0x00000000   Number         0  iscntrl_o.o ABSOLUTE
    ../clib/microlib/ctype/ctype.c           0x00000000   Number         0  isblank_o.o ABSOLUTE
    ../clib/microlib/ctype/ctype.c           0x00000000   Number         0  isalpha_o.o ABSOLUTE
    ../clib/microlib/ctype/ctype.c           0x00000000   Number         0  isalnum_o.o ABSOLUTE
    ../clib/microlib/ctype/ctype.c           0x00000000   Number         0  ispunct_o.o ABSOLUTE
    ../clib/microlib/ctype/ctype.c           0x00000000   Number         0  ctype_o.o ABSOLUTE
    ../clib/microlib/ctype/ctype.c           0x00000000   Number         0  isprint_o.o ABSOLUTE
    ../clib/microlib/ctype/ctype.c           0x00000000   Number         0  isspace_o.o ABSOLUTE
    ../clib/microlib/division.c              0x00000000   Number         0  uidiv.o ABSOLUTE
    ../clib/microlib/division.c              0x00000000   Number         0  uldiv.o ABSOLUTE
    ../clib/microlib/errno.c                 0x00000000   Number         0  errno.o ABSOLUTE
    ../clib/microlib/init/entry.s            0x00000000   Number         0  entry7b.o ABSOLUTE
    ../clib/microlib/init/entry.s            0x00000000   Number         0  entry.o ABSOLUTE
    ../clib/microlib/init/entry.s            0x00000000   Number         0  entry8a.o ABSOLUTE
    ../clib/microlib/init/entry.s            0x00000000   Number         0  entry8b.o ABSOLUTE
    ../clib/microlib/init/entry.s            0x00000000   Number         0  entry5.o ABSOLUTE
    ../clib/microlib/init/entry.s            0x00000000   Number         0  entry9a.o ABSOLUTE
    ../clib/microlib/init/entry.s            0x00000000   Number         0  entry11b.o ABSOLUTE
    ../clib/microlib/init/entry.s            0x00000000   Number         0  entry9b.o ABSOLUTE
    ../clib/microlib/init/entry.s            0x00000000   Number         0  entry10a.o ABSOLUTE
    ../clib/microlib/init/entry.s            0x00000000   Number         0  entry2.o ABSOLUTE
    ../clib/microlib/init/entry.s            0x00000000   Number         0  entry10b.o ABSOLUTE
    ../clib/microlib/init/entry.s            0x00000000   Number         0  entry7a.o ABSOLUTE
    ../clib/microlib/init/entry.s            0x00000000   Number         0  entry11a.o ABSOLUTE
    ../clib/microlib/longlong.c              0x00000000   Number         0  llushr.o ABSOLUTE
    ../clib/microlib/longlong.c              0x00000000   Number         0  llsshr.o ABSOLUTE
    ../clib/microlib/longlong.c              0x00000000   Number         0  llshl.o ABSOLUTE
    ../clib/microlib/printf/printf.c         0x00000000   Number         0  printfa.o ABSOLUTE
    ../clib/microlib/printf/printf.c         0x00000000   Number         0  printf8.o ABSOLUTE
    ../clib/microlib/printf/printf.c         0x00000000   Number         0  printf7.o ABSOLUTE
    ../clib/microlib/printf/printf.c         0x00000000   Number         0  printf6.o ABSOLUTE
    ../clib/microlib/printf/printf.c         0x00000000   Number         0  printf5.o ABSOLUTE
    ../clib/microlib/printf/printf.c         0x00000000   Number         0  printf4.o ABSOLUTE
    ../clib/microlib/printf/printf.c         0x00000000   Number         0  printf3.o ABSOLUTE
    ../clib/microlib/printf/printf.c         0x00000000   Number         0  printf2.o ABSOLUTE
    ../clib/microlib/printf/printf.c         0x00000000   Number         0  printf1.o ABSOLUTE
    ../clib/microlib/printf/printf.c         0x00000000   Number         0  printf0.o ABSOLUTE
    ../clib/microlib/printf/printf.c         0x00000000   Number         0  printfb.o ABSOLUTE
    ../clib/microlib/printf/stubs.s          0x00000000   Number         0  stubs.o ABSOLUTE
    ../clib/microlib/stdio/fputc.c           0x00000000   Number         0  fputc.o ABSOLUTE
    ../clib/microlib/stdio/semi.s            0x00000000   Number         0  semi.o ABSOLUTE
    ../clib/microlib/stdio/streams.c         0x00000000   Number         0  stdout.o ABSOLUTE
    ../clib/microlib/string/memset.c         0x00000000   Number         0  memseta.o ABSOLUTE
    ../clib/microlib/string/strchr.c         0x00000000   Number         0  strchr.o ABSOLUTE
    ../clib/microlib/string/strlen.c         0x00000000   Number         0  strlen.o ABSOLUTE
    ../clib/microlib/string/strstr.c         0x00000000   Number         0  strstr.o ABSOLUTE
    ../clib/microlib/stubs.s                 0x00000000   Number         0  iusefp.o ABSOLUTE
    ../clib/microlib/stubs.s                 0x00000000   Number         0  iusesemip.o ABSOLUTE
    ../clib/scanf.c                          0x00000000   Number         0  atoi.o ABSOLUTE
    ../clib/scanf.c                          0x00000000   Number         0  _strtoul.o ABSOLUTE
    ../clib/scanf.c                          0x00000000   Number         0  strtol.o ABSOLUTE
    ../clib/scanf.c                          0x00000000   Number         0  _chval.o ABSOLUTE
    ../fplib/microlib/fpadd.c                0x00000000   Number         0  dadd.o ABSOLUTE
    ../fplib/microlib/fpdiv.c                0x00000000   Number         0  ddiv.o ABSOLUTE
    ../fplib/microlib/fpepilogue.c           0x00000000   Number         0  depilogue.o ABSOLUTE
    ../fplib/microlib/fpfix.c                0x00000000   Number         0  dfixul.o ABSOLUTE
    ../fplib/microlib/fpmul.c                0x00000000   Number         0  dmul.o ABSOLUTE
    ..\Drivers\STM32F1xx_HAL_Driver\Src\stm32f1xx_hal.c 0x00000000   Number         0  stm32f1xx_hal.o ABSOLUTE
    ..\Drivers\STM32F1xx_HAL_Driver\Src\stm32f1xx_hal_cortex.c 0x00000000   Number         0  stm32f1xx_hal_cortex.o ABSOLUTE
    ..\Drivers\STM32F1xx_HAL_Driver\Src\stm32f1xx_hal_dma.c 0x00000000   Number         0  stm32f1xx_hal_dma.o ABSOLUTE
    ..\Drivers\STM32F1xx_HAL_Driver\Src\stm32f1xx_hal_flash.c 0x00000000   Number         0  stm32f1xx_hal_flash.o ABSOLUTE
    ..\Drivers\STM32F1xx_HAL_Driver\Src\stm32f1xx_hal_flash_ex.c 0x00000000   Number         0  stm32f1xx_hal_flash_ex.o ABSOLUTE
    ..\Drivers\STM32F1xx_HAL_Driver\Src\stm32f1xx_hal_gpio.c 0x00000000   Number         0  stm32f1xx_hal_gpio.o ABSOLUTE
    ..\Drivers\STM32F1xx_HAL_Driver\Src\stm32f1xx_hal_gpio_ex.c 0x00000000   Number         0  stm32f1xx_hal_gpio_ex.o ABSOLUTE
    ..\Drivers\STM32F1xx_HAL_Driver\Src\stm32f1xx_hal_pwr.c 0x00000000   Number         0  stm32f1xx_hal_pwr.o ABSOLUTE
    ..\Drivers\STM32F1xx_HAL_Driver\Src\stm32f1xx_hal_rcc.c 0x00000000   Number         0  stm32f1xx_hal_rcc.o ABSOLUTE
    ..\Drivers\STM32F1xx_HAL_Driver\Src\stm32f1xx_hal_rcc_ex.c 0x00000000   Number         0  stm32f1xx_hal_rcc_ex.o ABSOLUTE
    ..\Drivers\STM32F1xx_HAL_Driver\Src\stm32f1xx_hal_tim.c 0x00000000   Number         0  stm32f1xx_hal_tim.o ABSOLUTE
    ..\Drivers\STM32F1xx_HAL_Driver\Src\stm32f1xx_hal_tim_ex.c 0x00000000   Number         0  stm32f1xx_hal_tim_ex.o ABSOLUTE
    ..\Hardware\GSM_LIB\GENERAL\gsm.c        0x00000000   Number         0  gsm.o ABSOLUTE
    ..\Hardware\GSM_LIB\GENERAL\gsm_common.c 0x00000000   Number         0  gsm_common.o ABSOLUTE
    ..\Hardware\GSM_LIB\USART\gsm_usart.c    0x00000000   Number         0  gsm_usart.o ABSOLUTE
    ..\Hardware\SSD1306\Fonts.c              0x00000000   Number         0  fonts.o ABSOLUTE
    ..\Hardware\SSD1306\SSD1306.c            0x00000000   Number         0  ssd1306.o ABSOLUTE
    ..\Hardware\delay\delay.c                0x00000000   Number         0  delay.o ABSOLUTE
    ..\Src\event_functions.c                 0x00000000   Number         0  event_functions.o ABSOLUTE
    ..\Src\event_system.c                    0x00000000   Number         0  event_system.o ABSOLUTE
    ..\Src\gpio.c                            0x00000000   Number         0  gpio.o ABSOLUTE
    ..\Src\init_mc.c                         0x00000000   Number         0  init_mc.o ABSOLUTE
    ..\Src\interrupt.c                       0x00000000   Number         0  interrupt.o ABSOLUTE
    ..\Src\main.c                            0x00000000   Number         0  main.o ABSOLUTE
    ..\Src\stm32f1xx_hal_msp.c               0x00000000   Number         0  stm32f1xx_hal_msp.o ABSOLUTE
    ..\Src\system.c                          0x00000000   Number         0  system.o ABSOLUTE
    ..\Src\system_stm32f1xx.c                0x00000000   Number         0  system_stm32f1xx.o ABSOLUTE
    ..\Src\tim.c                             0x00000000   Number         0  tim.o ABSOLUTE
    ..\Src\util.c                            0x00000000   Number         0  util.o ABSOLUTE
    ..\\Drivers\\STM32F1xx_HAL_Driver\\Src\\stm32f1xx_hal_rcc.c 0x00000000   Number         0  stm32f1xx_hal_rcc.o ABSOLUTE
    ..\\Drivers\\STM32F1xx_HAL_Driver\\Src\\stm32f1xx_hal_rcc_ex.c 0x00000000   Number         0  stm32f1xx_hal_rcc_ex.o ABSOLUTE
    ..\\Hardware\\GSM_LIB\\GENERAL\\gsm.c    0x00000000   Number         0  gsm.o ABSOLUTE
    ..\\Hardware\\GSM_LIB\\GENERAL\\gsm_common.c 0x00000000   Number         0  gsm_common.o ABSOLUTE
    ..\\Hardware\\GSM_LIB\\USART\\gsm_usart.c 0x00000000   Number         0  gsm_usart.o ABSOLUTE
    ..\\Hardware\\SSD1306\\Fonts.c           0x00000000   Number         0  fonts.o ABSOLUTE
    ..\\Hardware\\SSD1306\\SSD1306.c         0x00000000   Number         0  ssd1306.o ABSOLUTE
    ..\\Hardware\\delay\\delay.c             0x00000000   Number         0  delay.o ABSOLUTE
    ..\\Src\\event_functions.c               0x00000000   Number         0  event_functions.o ABSOLUTE
    ..\\Src\\event_system.c                  0x00000000   Number         0  event_system.o ABSOLUTE
    ..\\Src\\gpio.c                          0x00000000   Number         0  gpio.o ABSOLUTE
    ..\\Src\\init_mc.c                       0x00000000   Number         0  init_mc.o ABSOLUTE
    ..\\Src\\interrupt.c                     0x00000000   Number         0  interrupt.o ABSOLUTE
    ..\\Src\\system.c                        0x00000000   Number         0  system.o ABSOLUTE
    ..\\Src\\system_stm32f1xx.c              0x00000000   Number         0  system_stm32f1xx.o ABSOLUTE
    cdrcmple.s                               0x00000000   Number         0  cdrcmple.o ABSOLUTE
    dc.s                                     0x00000000   Number         0  dc.o ABSOLUTE
    error.c                                  0x00000000   Number         0  error.o ABSOLUTE
    error.c                                  0x00000000   Number         0  error.o ABSOLUTE
    handlers.s                               0x00000000   Number         0  handlers.o ABSOLUTE
    init.s                                   0x00000000   Number         0  init.o ABSOLUTE
    startup_stm32f103xb.s                    0x00000000   Number         0  startup_stm32f103xb.o ABSOLUTE
    RESET                                    0x08000000   Section      236  startup_stm32f103xb.o(RESET)
    .ARM.Collect$$$$00000000                 0x080000ec   Section        0  entry.o(.ARM.Collect$$$$00000000)
    .ARM.Collect$$$$00000001                 0x080000ec   Section        4  entry2.o(.ARM.Collect$$$$00000001)
    .ARM.Collect$$$$00000004                 0x080000f0   Section        4  entry5.o(.ARM.Collect$$$$00000004)
    .ARM.Collect$$$$00000008                 0x080000f4   Section        0  entry7b.o(.ARM.Collect$$$$00000008)
    .ARM.Collect$$$$0000000A                 0x080000f4   Section        0  entry8b.o(.ARM.Collect$$$$0000000A)
    .ARM.Collect$$$$0000000B                 0x080000f4   Section        8  entry9a.o(.ARM.Collect$$$$0000000B)
    .ARM.Collect$$$$0000000D                 0x080000fc   Section        0  entry10a.o(.ARM.Collect$$$$0000000D)
    .ARM.Collect$$$$0000000F                 0x080000fc   Section        0  entry11a.o(.ARM.Collect$$$$0000000F)
    .ARM.Collect$$$$00002712                 0x080000fc   Section        4  entry2.o(.ARM.Collect$$$$00002712)
    __lit__00000000                          0x080000fc   Data           4  entry2.o(.ARM.Collect$$$$00002712)
    .text                                    0x08000100   Section       36  startup_stm32f103xb.o(.text)
    .text                                    0x08000124   Section        0  memseta.o(.text)
    .text                                    0x08000148   Section        0  strchr.o(.text)
    .text                                    0x0800015c   Section        0  strlen.o(.text)
    .text                                    0x0800016a   Section        0  atoi.o(.text)
    .text                                    0x08000184   Section        0  strtol.o(.text)
    .text                                    0x080001f4   Section       36  init.o(.text)
    .text                                    0x08000218   Section        0  ctype_o.o(.text)
    .text                                    0x08000220   Section        0  _strtoul.o(.text)
    .text                                    0x080002be   Section        0  _chval.o(.text)
    i.EF_PrintSignalLevel                    0x080002da   Section        0  event_functions.o(i.EF_PrintSignalLevel)
    i.ES_GetEvent                            0x080002f4   Section        0  event_system.o(i.ES_GetEvent)
    i.ES_PlaceEvent                          0x08000328   Section        0  event_system.o(i.ES_PlaceEvent)
    i.EXTI15_10_IRQHandler                   0x08000358   Section        0  interrupt.o(i.EXTI15_10_IRQHandler)
    i.GSM_AT                                 0x0800035c   Section        0  gsm.o(i.GSM_AT)
    i.GSM_Boot                               0x08000390   Section        0  gsm.o(i.GSM_Boot)
    i.GSM_Init                               0x080003f0   Section        0  gsm.o(i.GSM_Init)
    i.GSM_SetStatus                          0x08000524   Section        0  gsm_common.o(i.GSM_SetStatus)
    i.GSM_SignalLevel                        0x08000534   Section        0  gsm.o(i.GSM_SignalLevel)
    i.GSM_UART_FlushRxBuf                    0x080005a0   Section        0  gsm_usart.o(i.GSM_UART_FlushRxBuf)
    i.GSM_UART_FlushTxBuf                    0x080005c0   Section        0  gsm_usart.o(i.GSM_UART_FlushTxBuf)
    i.GSM_UART_GetRxBuffer                   0x080005cc   Section        0  gsm_usart.o(i.GSM_UART_GetRxBuffer)
    i.GSM_UART_GetTxBuffer                   0x080005d4   Section        0  gsm_usart.o(i.GSM_UART_GetTxBuffer)
    i.GSM_UART_Init                          0x080005dc   Section        0  gsm_usart.o(i.GSM_UART_Init)
    i.GSM_UART_SendATCommand                 0x08000640   Section        0  gsm_usart.o(i.GSM_UART_SendATCommand)
    i.HAL_GPIO_Init                          0x080006ac   Section        0  stm32f1xx_hal_gpio.o(i.HAL_GPIO_Init)
    i.HAL_GPIO_WritePin                      0x08000898   Section        0  stm32f1xx_hal_gpio.o(i.HAL_GPIO_WritePin)
    i.HAL_GetTick                            0x080008a8   Section        0  stm32f1xx_hal.o(i.HAL_GetTick)
    i.HAL_IncTick                            0x080008b4   Section        0  stm32f1xx_hal.o(i.HAL_IncTick)
    i.HAL_Init                               0x080008c4   Section        0  stm32f1xx_hal.o(i.HAL_Init)
    i.HAL_InitTick                           0x080008e4   Section        0  stm32f1xx_hal.o(i.HAL_InitTick)
    i.HAL_NVIC_EnableIRQ                     0x0800090c   Section        0  stm32f1xx_hal_cortex.o(i.HAL_NVIC_EnableIRQ)
    i.HAL_NVIC_SetPriority                   0x08000924   Section        0  stm32f1xx_hal_cortex.o(i.HAL_NVIC_SetPriority)
    i.HAL_NVIC_SetPriorityGrouping           0x08000964   Section        0  stm32f1xx_hal_cortex.o(i.HAL_NVIC_SetPriorityGrouping)
    i.HAL_RCC_ClockConfig                    0x08000988   Section        0  stm32f1xx_hal_rcc.o(i.HAL_RCC_ClockConfig)
    i.HAL_RCC_GetHCLKFreq                    0x08000aec   Section        0  stm32f1xx_hal_rcc.o(i.HAL_RCC_GetHCLKFreq)
    i.HAL_RCC_GetSysClockFreq                0x08000af8   Section        0  stm32f1xx_hal_rcc.o(i.HAL_RCC_GetSysClockFreq)
    i.HAL_RCC_OscConfig                      0x08000b6c   Section        0  stm32f1xx_hal_rcc.o(i.HAL_RCC_OscConfig)
    i.HAL_SYSTICK_CLKSourceConfig            0x08000ec4   Section        0  stm32f1xx_hal_cortex.o(i.HAL_SYSTICK_CLKSourceConfig)
    i.HAL_SYSTICK_Config                     0x08000ee0   Section        0  stm32f1xx_hal_cortex.o(i.HAL_SYSTICK_Config)
    i.HAL_TIMEx_MasterConfigSynchronization  0x08000f08   Section        0  stm32f1xx_hal_tim_ex.o(i.HAL_TIMEx_MasterConfigSynchronization)
    i.HAL_TIM_Base_Init                      0x08000f58   Section        0  stm32f1xx_hal_tim.o(i.HAL_TIM_Base_Init)
    i.HAL_TIM_Base_MspInit                   0x08000f90   Section        0  tim.o(i.HAL_TIM_Base_MspInit)
    i.HAL_TIM_Base_Start_IT                  0x08000fc8   Section        0  stm32f1xx_hal_tim.o(i.HAL_TIM_Base_Start_IT)
    i.HAL_TIM_ConfigClockSource              0x08000fe0   Section        0  stm32f1xx_hal_tim.o(i.HAL_TIM_ConfigClockSource)
    i.MX_GPIO_Init                           0x080010f0   Section        0  gpio.o(i.MX_GPIO_Init)
    i.MX_TIM2_Init                           0x080011d4   Section        0  tim.o(i.MX_TIM2_Init)
    i.NVIC_EnableIRQ                         0x08001250   Section        0  init_mc.o(i.NVIC_EnableIRQ)
    NVIC_EnableIRQ                           0x08001251   Thumb Code    22  init_mc.o(i.NVIC_EnableIRQ)
    i.NVIC_SetPriority                       0x08001266   Section        0  stm32f1xx_hal_cortex.o(i.NVIC_SetPriority)
    NVIC_SetPriority                         0x08001267   Thumb Code    32  stm32f1xx_hal_cortex.o(i.NVIC_SetPriority)
    i.RCC_Delay                              0x08001288   Section        0  stm32f1xx_hal_rcc.o(i.RCC_Delay)
    RCC_Delay                                0x08001289   Thumb Code    30  stm32f1xx_hal_rcc.o(i.RCC_Delay)
    i.SysTick_Handler                        0x080012ac   Section        0  interrupt.o(i.SysTick_Handler)
    i.SystemClock_Config                     0x080012b0   Section        0  system.o(i.SystemClock_Config)
    i.SystemInit                             0x08001334   Section        0  system_stm32f1xx.o(i.SystemInit)
    i.TIM2_IRQHandler                        0x0800137c   Section        0  interrupt.o(i.TIM2_IRQHandler)
    i.TIM4_IRQHandler                        0x080013a8   Section        0  interrupt.o(i.TIM4_IRQHandler)
    i.TIM_Base_SetConfig                     0x08001400   Section        0  stm32f1xx_hal_tim.o(i.TIM_Base_SetConfig)
    i.TIM_ETR_SetConfig                      0x0800146c   Section        0  stm32f1xx_hal_tim.o(i.TIM_ETR_SetConfig)
    TIM_ETR_SetConfig                        0x0800146d   Thumb Code    20  stm32f1xx_hal_tim.o(i.TIM_ETR_SetConfig)
    i.TIM_ITRx_SetConfig                     0x08001480   Section        0  stm32f1xx_hal_tim.o(i.TIM_ITRx_SetConfig)
    TIM_ITRx_SetConfig                       0x08001481   Thumb Code    16  stm32f1xx_hal_tim.o(i.TIM_ITRx_SetConfig)
    i.TIM_TI1_ConfigInputStage               0x08001490   Section        0  stm32f1xx_hal_tim.o(i.TIM_TI1_ConfigInputStage)
    TIM_TI1_ConfigInputStage                 0x08001491   Thumb Code    34  stm32f1xx_hal_tim.o(i.TIM_TI1_ConfigInputStage)
    i.TIM_TI2_ConfigInputStage               0x080014b2   Section        0  stm32f1xx_hal_tim.o(i.TIM_TI2_ConfigInputStage)
    TIM_TI2_ConfigInputStage                 0x080014b3   Thumb Code    36  stm32f1xx_hal_tim.o(i.TIM_TI2_ConfigInputStage)
    i.USART1_IRQHandler                      0x080014d8   Section        0  gsm_usart.o(i.USART1_IRQHandler)
    i._Error_Handler                         0x08001524   Section        0  main.o(i._Error_Handler)
    i.__0sprintf$2                           0x08001528   Section        0  printf2.o(i.__0sprintf$2)
    i.__aeabi_errno_addr                     0x08001550   Section        0  errno.o(i.__aeabi_errno_addr)
    i.__scatterload_copy                     0x08001558   Section       14  handlers.o(i.__scatterload_copy)
    i.__scatterload_null                     0x08001566   Section        2  handlers.o(i.__scatterload_null)
    i.__scatterload_zeroinit                 0x08001568   Section       14  handlers.o(i.__scatterload_zeroinit)
    i._printf_core                           0x08001576   Section        0  printf2.o(i._printf_core)
    _printf_core                             0x08001577   Thumb Code   214  printf2.o(i._printf_core)
    i._sputc                                 0x0800164c   Section        0  printf2.o(i._sputc)
    _sputc                                   0x0800164d   Thumb Code    10  printf2.o(i._sputc)
    i.delay_init                             0x08001658   Section        0  delay.o(i.delay_init)
    i.delay_ms                               0x08001688   Section        0  delay.o(i.delay_ms)
    i.delay_us                               0x080016b0   Section        0  delay.o(i.delay_us)
    i.gsm_usart_send_char                    0x080016d8   Section        0  gsm_usart.o(i.gsm_usart_send_char)
    i.initNVIC                               0x080016ec   Section        0  init_mc.o(i.initNVIC)
    initNVIC                                 0x080016ed   Thumb Code    24  init_mc.o(i.initNVIC)
    i.initTim4CaptureMode                    0x08001708   Section        0  init_mc.o(i.initTim4CaptureMode)
    initTim4CaptureMode                      0x08001709   Thumb Code    88  init_mc.o(i.initTim4CaptureMode)
    i.init_mc                                0x0800176c   Section        0  init_mc.o(i.init_mc)
    i.main                                   0x08001798   Section        0  main.o(i.main)
    i.ssd1306_clear_screen                   0x08001930   Section        0  ssd1306.o(i.ssd1306_clear_screen)
    i.ssd1306_display_char                   0x08001978   Section        0  ssd1306.o(i.ssd1306_display_char)
    i.ssd1306_display_on                     0x08001a28   Section        0  ssd1306.o(i.ssd1306_display_on)
    i.ssd1306_display_string                 0x08001a46   Section        0  ssd1306.o(i.ssd1306_display_string)
    i.ssd1306_draw_1616char                  0x08001a9c   Section        0  ssd1306.o(i.ssd1306_draw_1616char)
    i.ssd1306_draw_3216char                  0x08001af4   Section        0  ssd1306.o(i.ssd1306_draw_3216char)
    i.ssd1306_draw_antenna                   0x08001b4c   Section        0  ssd1306.o(i.ssd1306_draw_antenna)
    i.ssd1306_draw_bitmap                    0x08001be8   Section        0  ssd1306.o(i.ssd1306_draw_bitmap)
    i.ssd1306_draw_point                     0x08001c4c   Section        0  ssd1306.o(i.ssd1306_draw_point)
    i.ssd1306_init                           0x08001c88   Section        0  ssd1306.o(i.ssd1306_init)
    i.ssd1306_refresh_gram                   0x08001db4   Section        0  ssd1306.o(i.ssd1306_refresh_gram)
    i.ssd1306_write_byte                     0x08001dfc   Section        0  ssd1306.o(i.ssd1306_write_byte)
    ssd1306_write_byte                       0x08001dfd   Thumb Code   130  ssd1306.o(i.ssd1306_write_byte)
    .constdata                               0x08001e84   Section       16  system_stm32f1xx.o(.constdata)
    .constdata                               0x08001e94   Section     1140  fonts.o(.constdata)
    .constdata                               0x08002308   Section     1520  fonts.o(.constdata)
    .constdata                               0x080028f8   Section      352  fonts.o(.constdata)
    .constdata                               0x08002a58   Section      704  fonts.o(.constdata)
    .constdata                               0x08002d18   Section       96  fonts.o(.constdata)
    .constdata                               0x08002d78   Section       16  fonts.o(.constdata)
    .constdata                               0x08002d88   Section       16  fonts.o(.constdata)
    .constdata                               0x08002d98   Section        8  fonts.o(.constdata)
    .constdata                               0x08002da0   Section        8  fonts.o(.constdata)
    .constdata                               0x08002da8   Section        8  fonts.o(.constdata)
    .constdata                               0x08002db0   Section      129  ctype_o.o(.constdata)
    .constdata                               0x08002e34   Section        4  ctype_o.o(.constdata)
    table                                    0x08002e34   Data           4  ctype_o.o(.constdata)
    .data                                    0x20000000   Section        4  stm32f1xx_hal.o(.data)
    .data                                    0x20000004   Section        4  system_stm32f1xx.o(.data)
    .data                                    0x20000008   Section        3  event_system.o(.data)
    tailBuf                                  0x20000008   Data           1  event_system.o(.data)
    headBuf                                  0x20000009   Data           1  event_system.o(.data)
    countBuf                                 0x2000000a   Data           1  event_system.o(.data)
    .data                                    0x2000000c   Section        6  interrupt.o(.data)
    sec                                      0x2000000c   Data           1  interrupt.o(.data)
    Value_Prev                               0x2000000e   Data           2  interrupt.o(.data)
    Value                                    0x20000010   Data           2  interrupt.o(.data)
    .data                                    0x20000014   Section       12  gsm_usart.o(.data)
    report_form                              0x20000014   Data           1  gsm_usart.o(.data)
    symI                                     0x20000016   Data           2  gsm_usart.o(.data)
    rxLength                                 0x20000018   Data           2  gsm_usart.o(.data)
    prxBuffer                                0x2000001c   Data           4  gsm_usart.o(.data)
    .data                                    0x20000020   Section        3  gsm_common.o(.data)
    .data                                    0x20000023   Section        1  gsm_common.o(.data)
    .data                                    0x20000024   Section        4  errno.o(.data)
    _errno                                   0x20000024   Data           4  errno.o(.data)
    .bss                                     0x20000028   Section       64  tim.o(.bss)
    .bss                                     0x20000068   Section      128  event_system.o(.bss)
    cycleBuf                                 0x20000068   Data         128  event_system.o(.bss)
    .bss                                     0x200000e8   Section     1024  ssd1306.o(.bss)
    s_chDispalyBuffer                        0x200000e8   Data        1024  ssd1306.o(.bss)
    .bss                                     0x200004e8   Section      160  gsm_usart.o(.bss)
    STACK                                    0x20000588   Section     1024  startup_stm32f103xb.o(STACK)

    Global Symbols

    Symbol Name                              Value     Ov Type        Size  Object(Section)

    BuildAttributes$$THM_ISAv4$P$D$K$B$S$PE$A:L22UL41UL21$X:L11$S22US41US21$IEEE1$IW$USESV6$~STKCKD$USESV7$~SHL$OSPACE$ROPI$EBA8$MICROLIB$REQ8$PRES8$EABIv2 0x00000000   Number         0  anon$$obj.o ABSOLUTE
    __ARM_use_no_argv                        0x00000000   Number         0  main.o ABSOLUTE
    _printf_a                                0x00000000   Number         0  stubs.o ABSOLUTE
    _printf_c                                0x00000000   Number         0  stubs.o ABSOLUTE
    _printf_charcount                        0x00000000   Number         0  stubs.o ABSOLUTE
    _printf_d                                0x00000000   Number         0  stubs.o ABSOLUTE
    _printf_e                                0x00000000   Number         0  stubs.o ABSOLUTE
    _printf_f                                0x00000000   Number         0  stubs.o ABSOLUTE
    _printf_flags                            0x00000000   Number         0  stubs.o ABSOLUTE
    _printf_fp_dec                           0x00000000   Number         0  stubs.o ABSOLUTE
    _printf_fp_hex                           0x00000000   Number         0  stubs.o ABSOLUTE
    _printf_g                                0x00000000   Number         0  stubs.o ABSOLUTE
    _printf_i                                0x00000000   Number         0  stubs.o ABSOLUTE
    _printf_int_dec                          0x00000000   Number         0  stubs.o ABSOLUTE
    _printf_l                                0x00000000   Number         0  stubs.o ABSOLUTE
    _printf_lc                               0x00000000   Number         0  stubs.o ABSOLUTE
    _printf_ll                               0x00000000   Number         0  stubs.o ABSOLUTE
    _printf_lld                              0x00000000   Number         0  stubs.o ABSOLUTE
    _printf_lli                              0x00000000   Number         0  stubs.o ABSOLUTE
    _printf_llo                              0x00000000   Number         0  stubs.o ABSOLUTE
    _printf_llu                              0x00000000   Number         0  stubs.o ABSOLUTE
    _printf_llx                              0x00000000   Number         0  stubs.o ABSOLUTE
    _printf_longlong_dec                     0x00000000   Number         0  stubs.o ABSOLUTE
    _printf_longlong_hex                     0x00000000   Number         0  stubs.o ABSOLUTE
    _printf_longlong_oct                     0x00000000   Number         0  stubs.o ABSOLUTE
    _printf_ls                               0x00000000   Number         0  stubs.o ABSOLUTE
    _printf_mbtowc                           0x00000000   Number         0  stubs.o ABSOLUTE
    _printf_n                                0x00000000   Number         0  stubs.o ABSOLUTE
    _printf_o                                0x00000000   Number         0  stubs.o ABSOLUTE
    _printf_p                                0x00000000   Number         0  stubs.o ABSOLUTE
    _printf_percent                          0x00000000   Number         0  stubs.o ABSOLUTE
    _printf_pre_padding                      0x00000000   Number         0  stubs.o ABSOLUTE
    _printf_return_value                     0x00000000   Number         0  stubs.o ABSOLUTE
    _printf_s                                0x00000000   Number         0  stubs.o ABSOLUTE
    _printf_sizespec                         0x00000000   Number         0  stubs.o ABSOLUTE
    _printf_str                              0x00000000   Number         0  stubs.o ABSOLUTE
    _printf_truncate_signed                  0x00000000   Number         0  stubs.o ABSOLUTE
    _printf_truncate_unsigned                0x00000000   Number         0  stubs.o ABSOLUTE
    _printf_u                                0x00000000   Number         0  stubs.o ABSOLUTE
    _printf_wc                               0x00000000   Number         0  stubs.o ABSOLUTE
    _printf_wctomb                           0x00000000   Number         0  stubs.o ABSOLUTE
    _printf_widthprec                        0x00000000   Number         0  stubs.o ABSOLUTE
    _printf_x                                0x00000000   Number         0  stubs.o ABSOLUTE
    __cpp_initialize__aeabi_                  - Undefined Weak Reference
    __cxa_finalize                            - Undefined Weak Reference
    __decompress                              - Undefined Weak Reference
    _clock_init                               - Undefined Weak Reference
    _microlib_exit                            - Undefined Weak Reference
    __Vectors_Size                           0x000000ec   Number         0  startup_stm32f103xb.o ABSOLUTE
    __Vectors                                0x08000000   Data           4  startup_stm32f103xb.o(RESET)
    __Vectors_End                            0x080000ec   Data           0  startup_stm32f103xb.o(RESET)
    __main                                   0x080000ed   Thumb Code     0  entry.o(.ARM.Collect$$$$00000000)
    _main_stk                                0x080000ed   Thumb Code     0  entry2.o(.ARM.Collect$$$$00000001)
    _main_scatterload                        0x080000f1   Thumb Code     0  entry5.o(.ARM.Collect$$$$00000004)
    __main_after_scatterload                 0x080000f5   Thumb Code     0  entry5.o(.ARM.Collect$$$$00000004)
    _main_clock                              0x080000f5   Thumb Code     0  entry7b.o(.ARM.Collect$$$$00000008)
    _main_cpp_init                           0x080000f5   Thumb Code     0  entry8b.o(.ARM.Collect$$$$0000000A)
    _main_init                               0x080000f5   Thumb Code     0  entry9a.o(.ARM.Collect$$$$0000000B)
    __rt_final_cpp                           0x080000fd   Thumb Code     0  entry10a.o(.ARM.Collect$$$$0000000D)
    __rt_final_exit                          0x080000fd   Thumb Code     0  entry11a.o(.ARM.Collect$$$$0000000F)
    Reset_Handler                            0x08000101   Thumb Code     8  startup_stm32f103xb.o(.text)
    NMI_Handler                              0x08000109   Thumb Code     2  startup_stm32f103xb.o(.text)
    HardFault_Handler                        0x0800010b   Thumb Code     2  startup_stm32f103xb.o(.text)
    MemManage_Handler                        0x0800010d   Thumb Code     2  startup_stm32f103xb.o(.text)
    BusFault_Handler                         0x0800010f   Thumb Code     2  startup_stm32f103xb.o(.text)
    UsageFault_Handler                       0x08000111   Thumb Code     2  startup_stm32f103xb.o(.text)
    SVC_Handler                              0x08000113   Thumb Code     2  startup_stm32f103xb.o(.text)
    DebugMon_Handler                         0x08000115   Thumb Code     2  startup_stm32f103xb.o(.text)
    PendSV_Handler                           0x08000117   Thumb Code     2  startup_stm32f103xb.o(.text)
    ADC1_2_IRQHandler                        0x0800011b   Thumb Code     0  startup_stm32f103xb.o(.text)
    CAN1_RX1_IRQHandler                      0x0800011b   Thumb Code     0  startup_stm32f103xb.o(.text)
    CAN1_SCE_IRQHandler                      0x0800011b   Thumb Code     0  startup_stm32f103xb.o(.text)
    DMA1_Channel1_IRQHandler                 0x0800011b   Thumb Code     0  startup_stm32f103xb.o(.text)
    DMA1_Channel2_IRQHandler                 0x0800011b   Thumb Code     0  startup_stm32f103xb.o(.text)
    DMA1_Channel3_IRQHandler                 0x0800011b   Thumb Code     0  startup_stm32f103xb.o(.text)
    DMA1_Channel4_IRQHandler                 0x0800011b   Thumb Code     0  startup_stm32f103xb.o(.text)
    DMA1_Channel5_IRQHandler                 0x0800011b   Thumb Code     0  startup_stm32f103xb.o(.text)
    DMA1_Channel6_IRQHandler                 0x0800011b   Thumb Code     0  startup_stm32f103xb.o(.text)
    DMA1_Channel7_IRQHandler                 0x0800011b   Thumb Code     0  startup_stm32f103xb.o(.text)
    EXTI0_IRQHandler                         0x0800011b   Thumb Code     0  startup_stm32f103xb.o(.text)
    EXTI1_IRQHandler                         0x0800011b   Thumb Code     0  startup_stm32f103xb.o(.text)
    EXTI2_IRQHandler                         0x0800011b   Thumb Code     0  startup_stm32f103xb.o(.text)
    EXTI3_IRQHandler                         0x0800011b   Thumb Code     0  startup_stm32f103xb.o(.text)
    EXTI4_IRQHandler                         0x0800011b   Thumb Code     0  startup_stm32f103xb.o(.text)
    EXTI9_5_IRQHandler                       0x0800011b   Thumb Code     0  startup_stm32f103xb.o(.text)
    FLASH_IRQHandler                         0x0800011b   Thumb Code     0  startup_stm32f103xb.o(.text)
    I2C1_ER_IRQHandler                       0x0800011b   Thumb Code     0  startup_stm32f103xb.o(.text)
    I2C1_EV_IRQHandler                       0x0800011b   Thumb Code     0  startup_stm32f103xb.o(.text)
    I2C2_ER_IRQHandler                       0x0800011b   Thumb Code     0  startup_stm32f103xb.o(.text)
    I2C2_EV_IRQHandler                       0x0800011b   Thumb Code     0  startup_stm32f103xb.o(.text)
    PVD_IRQHandler                           0x0800011b   Thumb Code     0  startup_stm32f103xb.o(.text)
    RCC_IRQHandler                           0x0800011b   Thumb Code     0  startup_stm32f103xb.o(.text)
    RTC_Alarm_IRQHandler                     0x0800011b   Thumb Code     0  startup_stm32f103xb.o(.text)
    RTC_IRQHandler                           0x0800011b   Thumb Code     0  startup_stm32f103xb.o(.text)
    SPI1_IRQHandler                          0x0800011b   Thumb Code     0  startup_stm32f103xb.o(.text)
    SPI2_IRQHandler                          0x0800011b   Thumb Code     0  startup_stm32f103xb.o(.text)
    TAMPER_IRQHandler                        0x0800011b   Thumb Code     0  startup_stm32f103xb.o(.text)
    TIM1_BRK_IRQHandler                      0x0800011b   Thumb Code     0  startup_stm32f103xb.o(.text)
    TIM1_CC_IRQHandler                       0x0800011b   Thumb Code     0  startup_stm32f103xb.o(.text)
    TIM1_TRG_COM_IRQHandler                  0x0800011b   Thumb Code     0  startup_stm32f103xb.o(.text)
    TIM1_UP_IRQHandler                       0x0800011b   Thumb Code     0  startup_stm32f103xb.o(.text)
    TIM3_IRQHandler                          0x0800011b   Thumb Code     0  startup_stm32f103xb.o(.text)
    USART2_IRQHandler                        0x0800011b   Thumb Code     0  startup_stm32f103xb.o(.text)
    USART3_IRQHandler                        0x0800011b   Thumb Code     0  startup_stm32f103xb.o(.text)
    USBWakeUp_IRQHandler                     0x0800011b   Thumb Code     0  startup_stm32f103xb.o(.text)
    USB_HP_CAN1_TX_IRQHandler                0x0800011b   Thumb Code     0  startup_stm32f103xb.o(.text)
    USB_LP_CAN1_RX0_IRQHandler               0x0800011b   Thumb Code     0  startup_stm32f103xb.o(.text)
    WWDG_IRQHandler                          0x0800011b   Thumb Code     0  startup_stm32f103xb.o(.text)
    __aeabi_memset                           0x08000125   Thumb Code    14  memseta.o(.text)
    __aeabi_memset4                          0x08000125   Thumb Code     0  memseta.o(.text)
    __aeabi_memset8                          0x08000125   Thumb Code     0  memseta.o(.text)
    __aeabi_memclr                           0x08000133   Thumb Code     4  memseta.o(.text)
    __aeabi_memclr4                          0x08000133   Thumb Code     0  memseta.o(.text)
    __aeabi_memclr8                          0x08000133   Thumb Code     0  memseta.o(.text)
    _memset$wrapper                          0x08000137   Thumb Code    18  memseta.o(.text)
    strchr                                   0x08000149   Thumb Code    20  strchr.o(.text)
    strlen                                   0x0800015d   Thumb Code    14  strlen.o(.text)
    atoi                                     0x0800016b   Thumb Code    26  atoi.o(.text)
    strtol                                   0x08000185   Thumb Code   112  strtol.o(.text)
    __scatterload                            0x080001f5   Thumb Code    28  init.o(.text)
    __scatterload_rt2                        0x080001f5   Thumb Code     0  init.o(.text)
    __rt_ctype_table                         0x08000219   Thumb Code     4  ctype_o.o(.text)
    _strtoul                                 0x08000221   Thumb Code   158  _strtoul.o(.text)
    _chval                                   0x080002bf   Thumb Code    28  _chval.o(.text)
    EF_PrintSignalLevel                      0x080002db   Thumb Code    24  event_functions.o(i.EF_PrintSignalLevel)
    ES_GetEvent                              0x080002f5   Thumb Code    42  event_system.o(i.ES_GetEvent)
    ES_PlaceEvent                            0x08000329   Thumb Code    38  event_system.o(i.ES_PlaceEvent)
    EXTI15_10_IRQHandler                     0x08000359   Thumb Code     2  interrupt.o(i.EXTI15_10_IRQHandler)
    GSM_AT                                   0x0800035d   Thumb Code    40  gsm.o(i.GSM_AT)
    GSM_Boot                                 0x08000391   Thumb Code    90  gsm.o(i.GSM_Boot)
    GSM_Init                                 0x080003f1   Thumb Code   210  gsm.o(i.GSM_Init)
    GSM_SetStatus                            0x08000525   Thumb Code    10  gsm_common.o(i.GSM_SetStatus)
    GSM_SignalLevel                          0x08000535   Thumb Code    90  gsm.o(i.GSM_SignalLevel)
    GSM_UART_FlushRxBuf                      0x080005a1   Thumb Code    22  gsm_usart.o(i.GSM_UART_FlushRxBuf)
    GSM_UART_FlushTxBuf                      0x080005c1   Thumb Code     8  gsm_usart.o(i.GSM_UART_FlushTxBuf)
    GSM_UART_GetRxBuffer                     0x080005cd   Thumb Code     4  gsm_usart.o(i.GSM_UART_GetRxBuffer)
    GSM_UART_GetTxBuffer                     0x080005d5   Thumb Code     4  gsm_usart.o(i.GSM_UART_GetTxBuffer)
    GSM_UART_Init                            0x080005dd   Thumb Code    76  gsm_usart.o(i.GSM_UART_Init)
    GSM_UART_SendATCommand                   0x08000641   Thumb Code    90  gsm_usart.o(i.GSM_UART_SendATCommand)
    HAL_GPIO_Init                            0x080006ad   Thumb Code   460  stm32f1xx_hal_gpio.o(i.HAL_GPIO_Init)
    HAL_GPIO_WritePin                        0x08000899   Thumb Code    14  stm32f1xx_hal_gpio.o(i.HAL_GPIO_WritePin)
    HAL_GetTick                              0x080008a9   Thumb Code     6  stm32f1xx_hal.o(i.HAL_GetTick)
    HAL_IncTick                              0x080008b5   Thumb Code    10  stm32f1xx_hal.o(i.HAL_IncTick)
    HAL_Init                                 0x080008c5   Thumb Code    28  stm32f1xx_hal.o(i.HAL_Init)
    HAL_InitTick                             0x080008e5   Thumb Code    34  stm32f1xx_hal.o(i.HAL_InitTick)
    HAL_NVIC_EnableIRQ                       0x0800090d   Thumb Code    22  stm32f1xx_hal_cortex.o(i.HAL_NVIC_EnableIRQ)
    HAL_NVIC_SetPriority                     0x08000925   Thumb Code    60  stm32f1xx_hal_cortex.o(i.HAL_NVIC_SetPriority)
    HAL_NVIC_SetPriorityGrouping             0x08000965   Thumb Code    26  stm32f1xx_hal_cortex.o(i.HAL_NVIC_SetPriorityGrouping)
    HAL_RCC_ClockConfig                      0x08000989   Thumb Code   338  stm32f1xx_hal_rcc.o(i.HAL_RCC_ClockConfig)
    HAL_RCC_GetHCLKFreq                      0x08000aed   Thumb Code     6  stm32f1xx_hal_rcc.o(i.HAL_RCC_GetHCLKFreq)
    HAL_RCC_GetSysClockFreq                  0x08000af9   Thumb Code    84  stm32f1xx_hal_rcc.o(i.HAL_RCC_GetSysClockFreq)
    HAL_RCC_OscConfig                        0x08000b6d   Thumb Code   840  stm32f1xx_hal_rcc.o(i.HAL_RCC_OscConfig)
    HAL_SYSTICK_CLKSourceConfig              0x08000ec5   Thumb Code    28  stm32f1xx_hal_cortex.o(i.HAL_SYSTICK_CLKSourceConfig)
    HAL_SYSTICK_Config                       0x08000ee1   Thumb Code    40  stm32f1xx_hal_cortex.o(i.HAL_SYSTICK_Config)
    HAL_TIMEx_MasterConfigSynchronization    0x08000f09   Thumb Code    80  stm32f1xx_hal_tim_ex.o(i.HAL_TIMEx_MasterConfigSynchronization)
    HAL_TIM_Base_Init                        0x08000f59   Thumb Code    56  stm32f1xx_hal_tim.o(i.HAL_TIM_Base_Init)
    HAL_TIM_Base_MspInit                     0x08000f91   Thumb Code    50  tim.o(i.HAL_TIM_Base_MspInit)
    HAL_TIM_Base_Start_IT                    0x08000fc9   Thumb Code    24  stm32f1xx_hal_tim.o(i.HAL_TIM_Base_Start_IT)
    HAL_TIM_ConfigClockSource                0x08000fe1   Thumb Code   270  stm32f1xx_hal_tim.o(i.HAL_TIM_ConfigClockSource)
    MX_GPIO_Init                             0x080010f1   Thumb Code   208  gpio.o(i.MX_GPIO_Init)
    MX_TIM2_Init                             0x080011d5   Thumb Code   102  tim.o(i.MX_TIM2_Init)
    SysTick_Handler                          0x080012ad   Thumb Code     4  interrupt.o(i.SysTick_Handler)
    SystemClock_Config                       0x080012b1   Thumb Code   116  system.o(i.SystemClock_Config)
    SystemInit                               0x08001335   Thumb Code    56  system_stm32f1xx.o(i.SystemInit)
    TIM2_IRQHandler                          0x0800137d   Thumb Code    34  interrupt.o(i.TIM2_IRQHandler)
    TIM4_IRQHandler                          0x080013a9   Thumb Code    74  interrupt.o(i.TIM4_IRQHandler)
    TIM_Base_SetConfig                       0x08001401   Thumb Code    94  stm32f1xx_hal_tim.o(i.TIM_Base_SetConfig)
    USART1_IRQHandler                        0x080014d9   Thumb Code    66  gsm_usart.o(i.USART1_IRQHandler)
    _Error_Handler                           0x08001525   Thumb Code     2  main.o(i._Error_Handler)
    __0sprintf$2                             0x08001529   Thumb Code    34  printf2.o(i.__0sprintf$2)
    __1sprintf$2                             0x08001529   Thumb Code     0  printf2.o(i.__0sprintf$2)
    __2sprintf                               0x08001529   Thumb Code     0  printf2.o(i.__0sprintf$2)
    __aeabi_errno_addr                       0x08001551   Thumb Code     4  errno.o(i.__aeabi_errno_addr)
    __rt_errno_addr                          0x08001551   Thumb Code     0  errno.o(i.__aeabi_errno_addr)
    __scatterload_copy                       0x08001559   Thumb Code    14  handlers.o(i.__scatterload_copy)
    __scatterload_null                       0x08001567   Thumb Code     2  handlers.o(i.__scatterload_null)
    __scatterload_zeroinit                   0x08001569   Thumb Code    14  handlers.o(i.__scatterload_zeroinit)
    delay_init                               0x08001659   Thumb Code    38  delay.o(i.delay_init)
    delay_ms                                 0x08001689   Thumb Code    30  delay.o(i.delay_ms)
    delay_us                                 0x080016b1   Thumb Code    28  delay.o(i.delay_us)
    gsm_usart_send_char                      0x080016d9   Thumb Code    16  gsm_usart.o(i.gsm_usart_send_char)
    init_mc                                  0x0800176d   Thumb Code    34  init_mc.o(i.init_mc)
    main                                     0x08001799   Thumb Code   318  main.o(i.main)
    ssd1306_clear_screen                     0x08001931   Thumb Code    68  ssd1306.o(i.ssd1306_clear_screen)
    ssd1306_display_char                     0x08001979   Thumb Code   166  ssd1306.o(i.ssd1306_display_char)
    ssd1306_display_on                       0x08001a29   Thumb Code    30  ssd1306.o(i.ssd1306_display_on)
    ssd1306_display_string                   0x08001a47   Thumb Code    84  ssd1306.o(i.ssd1306_display_string)
    ssd1306_draw_1616char                    0x08001a9d   Thumb Code    84  ssd1306.o(i.ssd1306_draw_1616char)
    ssd1306_draw_3216char                    0x08001af5   Thumb Code    84  ssd1306.o(i.ssd1306_draw_3216char)
    ssd1306_draw_antenna                     0x08001b4d   Thumb Code   138  ssd1306.o(i.ssd1306_draw_antenna)
    ssd1306_draw_bitmap                      0x08001be9   Thumb Code    98  ssd1306.o(i.ssd1306_draw_bitmap)
    ssd1306_draw_point                       0x08001c4d   Thumb Code    56  ssd1306.o(i.ssd1306_draw_point)
    ssd1306_init                             0x08001c89   Thumb Code   296  ssd1306.o(i.ssd1306_init)
    ssd1306_refresh_gram                     0x08001db5   Thumb Code    66  ssd1306.o(i.ssd1306_refresh_gram)
    AHBPrescTable                            0x08001e84   Data          16  system_stm32f1xx.o(.constdata)
    c_chFont1206                             0x08001e94   Data        1140  fonts.o(.constdata)
    c_chFont1608                             0x08002308   Data        1520  fonts.o(.constdata)
    c_chFont1612                             0x080028f8   Data         352  fonts.o(.constdata)
    c_chFont3216                             0x08002a58   Data         704  fonts.o(.constdata)
    c_chBmp4016                              0x08002d18   Data          96  fonts.o(.constdata)
    c_chMsg816                               0x08002d78   Data          16  fonts.o(.constdata)
    c_chBat816                               0x08002d88   Data          16  fonts.o(.constdata)
    c_chBluetooth88                          0x08002d98   Data           8  fonts.o(.constdata)
    c_chGPRS88                               0x08002da0   Data           8  fonts.o(.constdata)
    c_chAlarm88                              0x08002da8   Data           8  fonts.o(.constdata)
    __ctype_table                            0x08002db0   Data         129  ctype_o.o(.constdata)
    Region$$Table$$Base                      0x08002e38   Number         0  anon$$obj.o(Region$$Table)
    Region$$Table$$Limit                     0x08002e58   Number         0  anon$$obj.o(Region$$Table)
    uwTick                                   0x20000000   Data           4  stm32f1xx_hal.o(.data)
    SystemCoreClock                          0x20000004   Data           4  system_stm32f1xx.o(.data)
    end                                      0x20000020   Data           3  gsm_common.o(.data)
    gsm_status                               0x20000023   Data           1  gsm_common.o(.data)
    htim2                                    0x20000028   Data          64  tim.o(.bss)
    txBuffer                                 0x200004e8   Data          32  gsm_usart.o(.bss)
    rxBuffer                                 0x20000508   Data         128  gsm_usart.o(.bss)
    __initial_sp                             0x20000988   Data           0  startup_stm32f103xb.o(STACK)



==============================================================================

Memory Map of the image

  Image Entry point : 0x080000ed

  Load Region LR_IROM1 (Base: 0x08000000, Size: 0x00002e80, Max: 0x00010000, ABSOLUTE)

    Execution Region ER_IROM1 (Base: 0x08000000, Size: 0x00002e58, Max: 0x00010000, ABSOLUTE)

    Base Addr    Size         Type   Attr      Idx    E Section Name        Object

    0x08000000   0x000000ec   Data   RO         1928    RESET               startup_stm32f103xb.o
    0x080000ec   0x00000000   Code   RO         2745  * .ARM.Collect$$$$00000000  mc_w.l(entry.o)
    0x080000ec   0x00000004   Code   RO         3021    .ARM.Collect$$$$00000001  mc_w.l(entry2.o)
    0x080000f0   0x00000004   Code   RO         3024    .ARM.Collect$$$$00000004  mc_w.l(entry5.o)
    0x080000f4   0x00000000   Code   RO         3026    .ARM.Collect$$$$00000008  mc_w.l(entry7b.o)
    0x080000f4   0x00000000   Code   RO         3028    .ARM.Collect$$$$0000000A  mc_w.l(entry8b.o)
    0x080000f4   0x00000008   Code   RO         3029    .ARM.Collect$$$$0000000B  mc_w.l(entry9a.o)
    0x080000fc   0x00000000   Code   RO         3031    .ARM.Collect$$$$0000000D  mc_w.l(entry10a.o)
    0x080000fc   0x00000000   Code   RO         3033    .ARM.Collect$$$$0000000F  mc_w.l(entry11a.o)
    0x080000fc   0x00000004   Code   RO         3022    .ARM.Collect$$$$00002712  mc_w.l(entry2.o)
    0x08000100   0x00000024   Code   RO         1929    .text               startup_stm32f103xb.o
    0x08000124   0x00000024   Code   RO         2750    .text               mc_w.l(memseta.o)
    0x08000148   0x00000014   Code   RO         2754    .text               mc_w.l(strchr.o)
    0x0800015c   0x0000000e   Code   RO         2756    .text               mc_w.l(strlen.o)
    0x0800016a   0x0000001a   Code   RO         3019    .text               mc_w.l(atoi.o)
    0x08000184   0x00000070   Code   RO         3049    .text               mc_w.l(strtol.o)
    0x080001f4   0x00000024   Code   RO         3062    .text               mc_w.l(init.o)
    0x08000218   0x00000008   Code   RO         3069    .text               mc_w.l(ctype_o.o)
    0x08000220   0x0000009e   Code   RO         3097    .text               mc_w.l(_strtoul.o)
    0x080002be   0x0000001c   Code   RO         3102    .text               mc_w.l(_chval.o)
    0x080002da   0x00000018   Code   RO         2201    i.EF_PrintSignalLevel  event_functions.o
    0x080002f2   0x00000002   PAD
    0x080002f4   0x00000034   Code   RO         2158    i.ES_GetEvent       event_system.o
    0x08000328   0x00000030   Code   RO         2159    i.ES_PlaceEvent     event_system.o
    0x08000358   0x00000002   Code   RO         2286    i.EXTI15_10_IRQHandler  interrupt.o
    0x0800035a   0x00000002   PAD
    0x0800035c   0x00000034   Code   RO         2541    i.GSM_AT            gsm.o
    0x08000390   0x00000060   Code   RO         2542    i.GSM_Boot          gsm.o
    0x080003f0   0x00000134   Code   RO         2544    i.GSM_Init          gsm.o
    0x08000524   0x00000010   Code   RO         2695    i.GSM_SetStatus     gsm_common.o
    0x08000534   0x0000006c   Code   RO         2545    i.GSM_SignalLevel   gsm.o
    0x080005a0   0x00000020   Code   RO         2608    i.GSM_UART_FlushRxBuf  gsm_usart.o
    0x080005c0   0x0000000c   Code   RO         2609    i.GSM_UART_FlushTxBuf  gsm_usart.o
    0x080005cc   0x00000008   Code   RO         2610    i.GSM_UART_GetRxBuffer  gsm_usart.o
    0x080005d4   0x00000008   Code   RO         2611    i.GSM_UART_GetTxBuffer  gsm_usart.o
    0x080005dc   0x00000064   Code   RO         2612    i.GSM_UART_Init     gsm_usart.o
    0x08000640   0x0000006c   Code   RO         2614    i.GSM_UART_SendATCommand  gsm_usart.o
    0x080006ac   0x000001ec   Code   RO          522    i.HAL_GPIO_Init     stm32f1xx_hal_gpio.o
    0x08000898   0x0000000e   Code   RO          526    i.HAL_GPIO_WritePin  stm32f1xx_hal_gpio.o
    0x080008a6   0x00000002   PAD
    0x080008a8   0x0000000c   Code   RO          713    i.HAL_GetTick       stm32f1xx_hal.o
    0x080008b4   0x00000010   Code   RO          715    i.HAL_IncTick       stm32f1xx_hal.o
    0x080008c4   0x00000020   Code   RO          716    i.HAL_Init          stm32f1xx_hal.o
    0x080008e4   0x00000028   Code   RO          717    i.HAL_InitTick      stm32f1xx_hal.o
    0x0800090c   0x00000016   Code   RO          587    i.HAL_NVIC_EnableIRQ  stm32f1xx_hal_cortex.o
    0x08000922   0x00000002   PAD
    0x08000924   0x00000040   Code   RO          593    i.HAL_NVIC_SetPriority  stm32f1xx_hal_cortex.o
    0x08000964   0x00000024   Code   RO          594    i.HAL_NVIC_SetPriorityGrouping  stm32f1xx_hal_cortex.o
    0x08000988   0x00000164   Code   RO         1749    i.HAL_RCC_ClockConfig  stm32f1xx_hal_rcc.o
    0x08000aec   0x0000000c   Code   RO         1754    i.HAL_RCC_GetHCLKFreq  stm32f1xx_hal_rcc.o
    0x08000af8   0x00000074   Code   RO         1758    i.HAL_RCC_GetSysClockFreq  stm32f1xx_hal_rcc.o
    0x08000b6c   0x00000358   Code   RO         1761    i.HAL_RCC_OscConfig  stm32f1xx_hal_rcc.o
    0x08000ec4   0x0000001c   Code   RO          596    i.HAL_SYSTICK_CLKSourceConfig  stm32f1xx_hal_cortex.o
    0x08000ee0   0x00000028   Code   RO          598    i.HAL_SYSTICK_Config  stm32f1xx_hal_cortex.o
    0x08000f08   0x00000050   Code   RO          303    i.HAL_TIMEx_MasterConfigSynchronization  stm32f1xx_hal_tim_ex.o
    0x08000f58   0x00000038   Code   RO          845    i.HAL_TIM_Base_Init  stm32f1xx_hal_tim.o
    0x08000f90   0x00000038   Code   RO         2084    i.HAL_TIM_Base_MspInit  tim.o
    0x08000fc8   0x00000018   Code   RO          850    i.HAL_TIM_Base_Start_IT  stm32f1xx_hal_tim.o
    0x08000fe0   0x0000010e   Code   RO          854    i.HAL_TIM_ConfigClockSource  stm32f1xx_hal_tim.o
    0x080010ee   0x00000002   PAD
    0x080010f0   0x000000e4   Code   RO         2357    i.MX_GPIO_Init      gpio.o
    0x080011d4   0x0000007c   Code   RO         2085    i.MX_TIM2_Init      tim.o
    0x08001250   0x00000016   Code   RO         2234    i.NVIC_EnableIRQ    init_mc.o
    0x08001266   0x00000020   Code   RO          600    i.NVIC_SetPriority  stm32f1xx_hal_cortex.o
    0x08001286   0x00000002   PAD
    0x08001288   0x00000024   Code   RO         1762    i.RCC_Delay         stm32f1xx_hal_rcc.o
    0x080012ac   0x00000004   Code   RO         2287    i.SysTick_Handler   interrupt.o
    0x080012b0   0x00000084   Code   RO         2333    i.SystemClock_Config  system.o
    0x08001334   0x00000048   Code   RO         1892    i.SystemInit        system_stm32f1xx.o
    0x0800137c   0x0000002c   Code   RO         2288    i.TIM2_IRQHandler   interrupt.o
    0x080013a8   0x00000058   Code   RO         2289    i.TIM4_IRQHandler   interrupt.o
    0x08001400   0x0000006c   Code   RO          929    i.TIM_Base_SetConfig  stm32f1xx_hal_tim.o
    0x0800146c   0x00000014   Code   RO          936    i.TIM_ETR_SetConfig  stm32f1xx_hal_tim.o
    0x08001480   0x00000010   Code   RO          937    i.TIM_ITRx_SetConfig  stm32f1xx_hal_tim.o
    0x08001490   0x00000022   Code   RO          943    i.TIM_TI1_ConfigInputStage  stm32f1xx_hal_tim.o
    0x080014b2   0x00000024   Code   RO          945    i.TIM_TI2_ConfigInputStage  stm32f1xx_hal_tim.o
    0x080014d6   0x00000002   PAD
    0x080014d8   0x0000004c   Code   RO         2615    i.USART1_IRQHandler  gsm_usart.o
    0x08001524   0x00000002   Code   RO         1999    i._Error_Handler    main.o
    0x08001526   0x00000002   PAD
    0x08001528   0x00000028   Code   RO         2827    i.__0sprintf$2      mc_w.l(printf2.o)
    0x08001550   0x00000008   Code   RO         3042    i.__aeabi_errno_addr  mc_w.l(errno.o)
    0x08001558   0x0000000e   Code   RO         3106    i.__scatterload_copy  mc_w.l(handlers.o)
    0x08001566   0x00000002   Code   RO         3107    i.__scatterload_null  mc_w.l(handlers.o)
    0x08001568   0x0000000e   Code   RO         3108    i.__scatterload_zeroinit  mc_w.l(handlers.o)
    0x08001576   0x000000d6   Code   RO         2832    i._printf_core      mc_w.l(printf2.o)
    0x0800164c   0x0000000a   Code   RO         2834    i._sputc            mc_w.l(printf2.o)
    0x08001656   0x00000002   PAD
    0x08001658   0x00000030   Code   RO         1936    i.delay_init        delay.o
    0x08001688   0x00000028   Code   RO         1937    i.delay_ms          delay.o
    0x080016b0   0x00000028   Code   RO         1938    i.delay_us          delay.o
    0x080016d8   0x00000014   Code   RO         2616    i.gsm_usart_send_char  gsm_usart.o
    0x080016ec   0x0000001c   Code   RO         2235    i.initNVIC          init_mc.o
    0x08001708   0x00000064   Code   RO         2236    i.initTim4CaptureMode  init_mc.o
    0x0800176c   0x0000002c   Code   RO         2237    i.init_mc           init_mc.o
    0x08001798   0x00000198   Code   RO         2000    i.main              main.o
    0x08001930   0x00000048   Code   RO         2384    i.ssd1306_clear_screen  ssd1306.o
    0x08001978   0x000000b0   Code   RO         2385    i.ssd1306_display_char  ssd1306.o
    0x08001a28   0x0000001e   Code   RO         2388    i.ssd1306_display_on  ssd1306.o
    0x08001a46   0x00000054   Code   RO         2389    i.ssd1306_display_string  ssd1306.o
    0x08001a9a   0x00000002   PAD
    0x08001a9c   0x00000058   Code   RO         2390    i.ssd1306_draw_1616char  ssd1306.o
    0x08001af4   0x00000058   Code   RO         2391    i.ssd1306_draw_3216char  ssd1306.o
    0x08001b4c   0x0000009c   Code   RO         2392    i.ssd1306_draw_antenna  ssd1306.o
    0x08001be8   0x00000062   Code   RO         2393    i.ssd1306_draw_bitmap  ssd1306.o
    0x08001c4a   0x00000002   PAD
    0x08001c4c   0x0000003c   Code   RO         2394    i.ssd1306_draw_point  ssd1306.o
    0x08001c88   0x0000012c   Code   RO         2396    i.ssd1306_init      ssd1306.o
    0x08001db4   0x00000048   Code   RO         2397    i.ssd1306_refresh_gram  ssd1306.o
    0x08001dfc   0x00000088   Code   RO         2398    i.ssd1306_write_byte  ssd1306.o
    0x08001e84   0x00000010   Data   RO         1893    .constdata          system_stm32f1xx.o
    0x08001e94   0x00000474   Data   RO         2507    .constdata          fonts.o
    0x08002308   0x000005f0   Data   RO         2508    .constdata          fonts.o
    0x080028f8   0x00000160   Data   RO         2509    .constdata          fonts.o
    0x08002a58   0x000002c0   Data   RO         2510    .constdata          fonts.o
    0x08002d18   0x00000060   Data   RO         2511    .constdata          fonts.o
    0x08002d78   0x00000010   Data   RO         2513    .constdata          fonts.o
    0x08002d88   0x00000010   Data   RO         2514    .constdata          fonts.o
    0x08002d98   0x00000008   Data   RO         2515    .constdata          fonts.o
    0x08002da0   0x00000008   Data   RO         2516    .constdata          fonts.o
    0x08002da8   0x00000008   Data   RO         2517    .constdata          fonts.o
    0x08002db0   0x00000081   Data   RO         3070    .constdata          mc_w.l(ctype_o.o)
    0x08002e31   0x00000003   PAD
    0x08002e34   0x00000004   Data   RO         3071    .constdata          mc_w.l(ctype_o.o)
    0x08002e38   0x00000020   Data   RO         3104    Region$$Table       anon$$obj.o


    Execution Region RW_IRAM1 (Base: 0x20000000, Size: 0x00000988, Max: 0x00005000, ABSOLUTE)

    Base Addr    Size         Type   Attr      Idx    E Section Name        Object

    0x20000000   0x00000004   Data   RW          722    .data               stm32f1xx_hal.o
    0x20000004   0x00000004   Data   RW         1895    .data               system_stm32f1xx.o
    0x20000008   0x00000003   Data   RW         2161    .data               event_system.o
    0x2000000b   0x00000001   PAD
    0x2000000c   0x00000006   Data   RW         2290    .data               interrupt.o
    0x20000012   0x00000002   PAD
    0x20000014   0x0000000c   Data   RW         2618    .data               gsm_usart.o
    0x20000020   0x00000003   Data   RW         2697    .data               gsm_common.o
    0x20000023   0x00000001   Data   RW         2709    .data               gsm_common.o
    0x20000024   0x00000004   Data   RW         3045    .data               mc_w.l(errno.o)
    0x20000028   0x00000040   Zero   RW         2086    .bss                tim.o
    0x20000068   0x00000080   Zero   RW         2160    .bss                event_system.o
    0x200000e8   0x00000400   Zero   RW         2399    .bss                ssd1306.o
    0x200004e8   0x000000a0   Zero   RW         2617    .bss                gsm_usart.o
    0x20000588   0x00000400   Zero   RW         1926    STACK               startup_stm32f103xb.o


==============================================================================

Image component sizes


      Code (inc. data)   RO Data    RW Data    ZI Data      Debug   Object Name

       128         32          0          0          0       2251   delay.o
        24          0          0          0          0        526   event_functions.o
       100         20          0          3        128       1634   event_system.o
         0          0       3868          0          0       1109   fonts.o
       228         20          0          0          0        983   gpio.o
       564        134          0          0          0       2501   gsm.o
        16          6          0          4          0       2085   gsm_common.o
       364         78          0         12        160      27716   gsm_usart.o
       194         26          0          0          0      23929   init_mc.o
       138         24          0          6          0       2393   interrupt.o
       410         90          0          0          0       1932   main.o
      1360         60          0          0       1024       9852   ssd1306.o
        36          8        236          0       1024        780   startup_stm32f103xb.o
       100         22          0          4          0       3131   stm32f1xx_hal.o
       222         14          0          0          0      26497   stm32f1xx_hal_cortex.o
         0          0          0          0          0     421620   stm32f1xx_hal_flash_ex.o
       506         32          0          0          0       2828   stm32f1xx_hal_gpio.o
      1376         78          0          0          0       5530   stm32f1xx_hal_rcc.o
       564         14          0          0          0       6305   stm32f1xx_hal_tim.o
        80          0          0          0          0       1208   stm32f1xx_hal_tim_ex.o
       132         16          0          0          0        613   system.o
        72         16         16          4          0       1183   system_stm32f1xx.o
       180         28          0          0         64       1638   tim.o

    ----------------------------------------------------------------------
      6814        718       4152         36       2400     548244   Object Totals
         0          0         32          0          0          0   (incl. Generated)
        20          0          0          3          0          0   (incl. Padding)

    ----------------------------------------------------------------------

      Code (inc. data)   RO Data    RW Data    ZI Data      Debug   Library Member Name

        28          0          0          0          0         68   _chval.o
       158          0          0          0          0         92   _strtoul.o
        26          0          0          0          0         80   atoi.o
         8          4        133          0          0         68   ctype_o.o
         0          0          0          0          0          0   entry.o
         0          0          0          0          0          0   entry10a.o
         0          0          0          0          0          0   entry11a.o
         8          4          0          0          0          0   entry2.o
         4          0          0          0          0          0   entry5.o
         0          0          0          0          0          0   entry7b.o
         0          0          0          0          0          0   entry8b.o
         8          4          0          0          0          0   entry9a.o
         8          4          0          4          0         68   errno.o
        30          0          0          0          0          0   handlers.o
        36          8          0          0          0         68   init.o
        36          0          0          0          0        108   memseta.o
       264          6          0          0          0        244   printf2.o
        20          0          0          0          0         68   strchr.o
        14          0          0          0          0         68   strlen.o
       112          0          0          0          0         88   strtol.o

    ----------------------------------------------------------------------
       762         30        136          4          0       1020   Library Totals
         2          0          3          0          0          0   (incl. Padding)

    ----------------------------------------------------------------------

      Code (inc. data)   RO Data    RW Data    ZI Data      Debug   Library Name

       760         30        133          4          0       1020   mc_w.l

    ----------------------------------------------------------------------
       762         30        136          4          0       1020   Library Totals

    ----------------------------------------------------------------------

==============================================================================


      Code (inc. data)   RO Data    RW Data    ZI Data      Debug   

      7576        748       4288         40       2400     545464   Grand Totals
      7576        748       4288         40       2400     545464   ELF Image Totals
      7576        748       4288         40          0          0   ROM Totals

==============================================================================

    Total RO  Size (Code + RO Data)                11864 (  11.59kB)
    Total RW  Size (RW Data + ZI Data)              2440 (   2.38kB)
    Total ROM Size (Code + RO Data + RW Data)      11904 (  11.63kB)

==============================================================================

