Component: ARM Compiler 5.06 update 1 (build 61) Tool: armlink [4d35a8]

==============================================================================

Section Cross References

    system_stm32f1xx.o(i.SystemCoreClockUpdate) refers to system_stm32f1xx.o(.data) for .data
    system_stm32f1xx.o(i.SystemCoreClockUpdate) refers to system_stm32f1xx.o(.constdata) for .constdata
    startup_stm32f103xb.o(RESET) refers to startup_stm32f103xb.o(STACK) for __initial_sp
    startup_stm32f103xb.o(RESET) refers to startup_stm32f103xb.o(.text) for Reset_Handler
    startup_stm32f103xb.o(RESET) refers to interrupt.o(i.TIM2_IRQHandler) for TIM2_IRQHandler
    startup_stm32f103xb.o(RESET) refers to interrupt.o(i.TIM4_IRQHandler) for TIM4_IRQHandler
    startup_stm32f103xb.o(RESET) refers to gsm_usart.o(i.USART1_IRQHandler) for USART1_IRQHandler
    startup_stm32f103xb.o(RESET) refers to interrupt.o(i.EXTI15_10_IRQHandler) for EXTI15_10_IRQHandler
    startup_stm32f103xb.o(.text) refers to system_stm32f1xx.o(i.SystemInit) for SystemInit
    startup_stm32f103xb.o(.text) refers to entry.o(.ARM.Collect$$$$00000000) for __main
    delay.o(i.delay_ms) refers to system_stm32f1xx.o(.data) for SystemCoreClock
    delay.o(i.delay_us) refers to system_stm32f1xx.o(.data) for SystemCoreClock
    main.o(i.main) refers to init_mc.o(i.init_mc) for init_mc
    main.o(i.main) refers to delay.o(i.delay_init) for delay_init
    main.o(i.main) refers to delay.o(i.delay_ms) for delay_ms
    main.o(i.main) refers to ssd1306.o(i.ssd1306_init) for ssd1306_init
    main.o(i.main) refers to ssd1306.o(i.ssd1306_display_on) for ssd1306_display_on
    main.o(i.main) refers to ssd1306.o(i.ssd1306_clear_screen) for ssd1306_clear_screen
    main.o(i.main) refers to ssd1306.o(i.ssd1306_display_string) for ssd1306_display_string
    main.o(i.main) refers to ssd1306.o(i.ssd1306_refresh_gram) for ssd1306_refresh_gram
    main.o(i.main) refers to ssd1306.o(i.ssd1306_draw_bitmap) for ssd1306_draw_bitmap
    main.o(i.main) refers to ssd1306.o(i.ssd1306_draw_3216char) for ssd1306_draw_3216char
    main.o(i.main) refers to ssd1306.o(i.ssd1306_draw_1616char) for ssd1306_draw_1616char
    main.o(i.main) refers to gsm_usart.o(i.GSM_UART_Init) for GSM_UART_Init
    main.o(i.main) refers to gsm.o(i.GSM_Boot) for GSM_Boot
    main.o(i.main) refers to gsm_common.o(i.GSM_SetStatus) for GSM_SetStatus
    main.o(i.main) refers to gsm.o(i.GSM_Init) for GSM_Init
    main.o(i.main) refers to event_system.o(i.ES_GetEvent) for ES_GetEvent
    main.o(i.main) refers to fonts.o(.constdata) for c_chBluetooth88
    main.o(i.main) refers to fonts.o(.constdata) for c_chMsg816
    main.o(i.main) refers to fonts.o(.constdata) for c_chGPRS88
    main.o(i.main) refers to fonts.o(.constdata) for c_chAlarm88
    main.o(i.main) refers to fonts.o(.constdata) for c_chBat816
    main.o(i.main) refers to fonts.o(.constdata) for c_chBmp4016
    event_system.o(i.ES_FlushBuf) refers to event_system.o(.data) for .data
    event_system.o(i.ES_GetCount) refers to event_system.o(.data) for .data
    event_system.o(i.ES_GetEvent) refers to event_system.o(.data) for .data
    event_system.o(i.ES_GetEvent) refers to event_system.o(.bss) for .bss
    event_system.o(i.ES_PlaceEvent) refers to event_system.o(.data) for .data
    event_system.o(i.ES_PlaceEvent) refers to event_system.o(.bss) for .bss
    event_functions.o(i.EF_PrintSignalLevel) refers to gsm.o(i.GSM_SignalLevel) for GSM_SignalLevel
    event_functions.o(i.EF_PrintSignalLevel) refers to ssd1306.o(i.ssd1306_draw_antenna) for ssd1306_draw_antenna
    event_functions.o(i.EF_PrintSignalLevel) refers to ssd1306.o(i.ssd1306_refresh_gram) for ssd1306_refresh_gram
    init_mc.o(i.initNVIC) refers to init_mc.o(i.NVIC_EnableIRQ) for NVIC_EnableIRQ
    init_mc.o(i.init_mc) refers to init_mc.o(i.SetSysClock) for SetSysClock
    init_mc.o(i.init_mc) refers to init_mc.o(i.initTim4CaptureMode) for initTim4CaptureMode
    init_mc.o(i.init_mc) refers to init_mc.o(i.initTim2BaseMode) for initTim2BaseMode
    init_mc.o(i.init_mc) refers to init_mc.o(i.initNVIC) for initNVIC
    init_mc.o(i.init_mc) refers to gpio.o(i.init_gpio) for init_gpio
    interrupt.o(i.TIM2_IRQHandler) refers to event_system.o(i.ES_PlaceEvent) for ES_PlaceEvent
    interrupt.o(i.TIM2_IRQHandler) refers to interrupt.o(.data) for .data
    interrupt.o(i.TIM2_IRQHandler) refers to event_functions.o(i.EF_PrintSignalLevel) for EF_PrintSignalLevel
    interrupt.o(i.TIM4_IRQHandler) refers to event_system.o(i.ES_PlaceEvent) for ES_PlaceEvent
    interrupt.o(i.TIM4_IRQHandler) refers to interrupt.o(.data) for .data
    interrupt.o(i.TIM4_IRQHandler) refers to event_functions.o(i.EF_PrintSignalLevel) for EF_PrintSignalLevel
    ssd1306.o(i.ssd1306_clear_region) refers to ssd1306.o(.bss) for .bss
    ssd1306.o(i.ssd1306_clear_screen) refers to ssd1306.o(i.ssd1306_write_byte) for ssd1306_write_byte
    ssd1306.o(i.ssd1306_clear_screen) refers to ssd1306.o(i.ssd1306_refresh_gram) for ssd1306_refresh_gram
    ssd1306.o(i.ssd1306_clear_screen) refers to ssd1306.o(.bss) for .bss
    ssd1306.o(i.ssd1306_display_char) refers to ssd1306.o(i.ssd1306_draw_point) for ssd1306_draw_point
    ssd1306.o(i.ssd1306_display_char) refers to fonts.o(.constdata) for c_chFont1608
    ssd1306.o(i.ssd1306_display_char) refers to fonts.o(.constdata) for c_chFont1206
    ssd1306.o(i.ssd1306_display_num) refers to ssd1306.o(i.pow) for pow
    ssd1306.o(i.ssd1306_display_num) refers to ssd1306.o(i.ssd1306_display_char) for ssd1306_display_char
    ssd1306.o(i.ssd1306_display_off) refers to ssd1306.o(i.ssd1306_write_byte) for ssd1306_write_byte
    ssd1306.o(i.ssd1306_display_on) refers to ssd1306.o(i.ssd1306_write_byte) for ssd1306_write_byte
    ssd1306.o(i.ssd1306_display_string) refers to ssd1306.o(i.ssd1306_clear_screen) for ssd1306_clear_screen
    ssd1306.o(i.ssd1306_display_string) refers to ssd1306.o(i.ssd1306_display_char) for ssd1306_display_char
    ssd1306.o(i.ssd1306_draw_1616char) refers to ssd1306.o(i.ssd1306_draw_point) for ssd1306_draw_point
    ssd1306.o(i.ssd1306_draw_1616char) refers to fonts.o(.constdata) for c_chFont1612
    ssd1306.o(i.ssd1306_draw_3216char) refers to ssd1306.o(i.ssd1306_draw_point) for ssd1306_draw_point
    ssd1306.o(i.ssd1306_draw_3216char) refers to fonts.o(.constdata) for c_chFont3216
    ssd1306.o(i.ssd1306_draw_antenna) refers to ssd1306.o(i.ssd1306_draw_point) for ssd1306_draw_point
    ssd1306.o(i.ssd1306_draw_bitmap) refers to ssd1306.o(i.ssd1306_draw_point) for ssd1306_draw_point
    ssd1306.o(i.ssd1306_draw_point) refers to ssd1306.o(.bss) for .bss
    ssd1306.o(i.ssd1306_fill_screen) refers to ssd1306.o(i.ssd1306_draw_point) for ssd1306_draw_point
    ssd1306.o(i.ssd1306_fill_screen) refers to ssd1306.o(i.ssd1306_refresh_gram) for ssd1306_refresh_gram
    ssd1306.o(i.ssd1306_init) refers to gpio.o(i.GPIO_WritePin) for GPIO_WritePin
    ssd1306.o(i.ssd1306_init) refers to ssd1306.o(i.ssd1306_write_byte) for ssd1306_write_byte
    ssd1306.o(i.ssd1306_init) refers to ssd1306.o(i.ssd1306_clear_screen) for ssd1306_clear_screen
    ssd1306.o(i.ssd1306_refresh_gram) refers to ssd1306.o(i.ssd1306_write_byte) for ssd1306_write_byte
    ssd1306.o(i.ssd1306_refresh_gram) refers to ssd1306.o(.bss) for .bss
    ssd1306.o(i.ssd1306_write_byte) refers to gpio.o(i.GPIO_WritePin) for GPIO_WritePin
    ssd1306.o(i.ssd1306_write_byte) refers to delay.o(i.delay_us) for delay_us
    gsm_common.o(i.GSM_GetStatus) refers to gsm_common.o(.data) for .data
    gsm_common.o(i.GSM_ResetStatus) refers to gsm_common.o(.data) for .data
    gsm_common.o(i.GSM_SetStatus) refers to gsm_common.o(.data) for .data
    gsm_usart.o(i.GSM_UART_FlushRxBuf) refers to memseta.o(.text) for __aeabi_memclr
    gsm_usart.o(i.GSM_UART_FlushRxBuf) refers to gsm_usart.o(.bss) for .bss
    gsm_usart.o(i.GSM_UART_FlushRxBuf) refers to gsm_usart.o(.data) for .data
    gsm_usart.o(i.GSM_UART_FlushTxBuf) refers to memseta.o(.text) for __aeabi_memclr
    gsm_usart.o(i.GSM_UART_FlushTxBuf) refers to gsm_usart.o(.bss) for .bss
    gsm_usart.o(i.GSM_UART_GetRxBuffer) refers to gsm_usart.o(.bss) for .bss
    gsm_usart.o(i.GSM_UART_GetTxBuffer) refers to gsm_usart.o(.bss) for .bss
    gsm_usart.o(i.GSM_UART_Init) refers to gsm_usart.o(.bss) for .bss
    gsm_usart.o(i.GSM_UART_Init) refers to gsm_usart.o(.data) for .data
    gsm_usart.o(i.GSM_UART_SendATCommand) refers to strlen.o(.text) for strlen
    gsm_usart.o(i.GSM_UART_SendATCommand) refers to gsm_usart.o(i.gsm_usart_send_char) for gsm_usart_send_char
    gsm_usart.o(i.GSM_UART_SendATCommand) refers to gsm_usart.o(.bss) for .bss
    gsm_usart.o(i.GSM_UART_SendATCommand) refers to gsm_usart.o(.data) for .data
    gsm_usart.o(i.GSM_UART_SendATCommand) refers to system_stm32f1xx.o(.data) for SystemCoreClock
    gsm_usart.o(i.USART1_IRQHandler) refers to gsm_usart.o(.data) for .data
    gsm.o(i.GSM_AT) refers to gsm_usart.o(i.GSM_UART_FlushTxBuf) for GSM_UART_FlushTxBuf
    gsm.o(i.GSM_AT) refers to gsm_usart.o(i.GSM_UART_FlushRxBuf) for GSM_UART_FlushRxBuf
    gsm.o(i.GSM_AT) refers to gsm_usart.o(i.GSM_UART_GetTxBuffer) for GSM_UART_GetTxBuffer
    gsm.o(i.GSM_AT) refers to printf2.o(i.__0sprintf$2) for __2sprintf
    gsm.o(i.GSM_AT) refers to gsm_usart.o(i.GSM_UART_SendATCommand) for GSM_UART_SendATCommand
    gsm.o(i.GSM_AT) refers to gsm_common.o(.data) for end
    gsm.o(i.GSM_Boot) refers to gsm.o(i.GSM_AT) for GSM_AT
    gsm.o(i.GSM_Boot) refers to delay.o(i.delay_ms) for delay_ms
    gsm.o(i.GSM_GetRegInfo) refers to gsm_usart.o(i.GSM_UART_FlushTxBuf) for GSM_UART_FlushTxBuf
    gsm.o(i.GSM_GetRegInfo) refers to gsm_usart.o(i.GSM_UART_FlushRxBuf) for GSM_UART_FlushRxBuf
    gsm.o(i.GSM_GetRegInfo) refers to gsm_usart.o(i.GSM_UART_GetTxBuffer) for GSM_UART_GetTxBuffer
    gsm.o(i.GSM_GetRegInfo) refers to printf2.o(i.__0sprintf$2) for __2sprintf
    gsm.o(i.GSM_GetRegInfo) refers to gsm_usart.o(i.GSM_UART_SendATCommand) for GSM_UART_SendATCommand
    gsm.o(i.GSM_GetRegInfo) refers to gsm_usart.o(i.GSM_UART_GetRxBuffer) for GSM_UART_GetRxBuffer
    gsm.o(i.GSM_GetRegInfo) refers to strchr.o(.text) for strchr
    gsm.o(i.GSM_GetRegInfo) refers to atoi.o(.text) for atoi
    gsm.o(i.GSM_GetRegInfo) refers to gsm_common.o(.data) for end
    gsm.o(i.GSM_Init) refers to gsm_usart.o(i.GSM_UART_FlushTxBuf) for GSM_UART_FlushTxBuf
    gsm.o(i.GSM_Init) refers to gsm_usart.o(i.GSM_UART_FlushRxBuf) for GSM_UART_FlushRxBuf
    gsm.o(i.GSM_Init) refers to gsm_usart.o(i.GSM_UART_GetTxBuffer) for GSM_UART_GetTxBuffer
    gsm.o(i.GSM_Init) refers to printf2.o(i.__0sprintf$2) for __2sprintf
    gsm.o(i.GSM_Init) refers to gsm_usart.o(i.GSM_UART_SendATCommand) for GSM_UART_SendATCommand
    gsm.o(i.GSM_Init) refers to delay.o(i.delay_ms) for delay_ms
    gsm.o(i.GSM_Init) refers to gsm_common.o(.data) for end
    gsm.o(i.GSM_SignalLevel) refers to gsm_usart.o(i.GSM_UART_FlushTxBuf) for GSM_UART_FlushTxBuf
    gsm.o(i.GSM_SignalLevel) refers to gsm_usart.o(i.GSM_UART_FlushRxBuf) for GSM_UART_FlushRxBuf
    gsm.o(i.GSM_SignalLevel) refers to gsm_usart.o(i.GSM_UART_GetTxBuffer) for GSM_UART_GetTxBuffer
    gsm.o(i.GSM_SignalLevel) refers to printf2.o(i.__0sprintf$2) for __2sprintf
    gsm.o(i.GSM_SignalLevel) refers to gsm_usart.o(i.GSM_UART_SendATCommand) for GSM_UART_SendATCommand
    gsm.o(i.GSM_SignalLevel) refers to gsm_usart.o(i.GSM_UART_GetRxBuffer) for GSM_UART_GetRxBuffer
    gsm.o(i.GSM_SignalLevel) refers to strchr.o(.text) for strchr
    gsm.o(i.GSM_SignalLevel) refers to atoi.o(.text) for atoi
    gsm.o(i.GSM_SignalLevel) refers to gsm_common.o(.data) for end
    gsm.o(i.GetBalance) refers to gsm_usart.o(i.GSM_UART_FlushTxBuf) for GSM_UART_FlushTxBuf
    gsm.o(i.GetBalance) refers to gsm_usart.o(i.GSM_UART_FlushRxBuf) for GSM_UART_FlushRxBuf
    gsm.o(i.GetBalance) refers to gsm_usart.o(i.GSM_UART_GetTxBuffer) for GSM_UART_GetTxBuffer
    gsm.o(i.GetBalance) refers to printf2.o(i.__0sprintf$2) for __2sprintf
    gsm.o(i.GetBalance) refers to gsm_usart.o(i.GSM_UART_SendATCommand) for GSM_UART_SendATCommand
    gsm.o(i.GetBalance) refers to gsm_usart.o(i.GSM_UART_GetRxBuffer) for GSM_UART_GetRxBuffer
    gsm.o(i.GetBalance) refers to strstr.o(.text) for strstr
    gsm.o(i.GetBalance) refers to strchr.o(.text) for strchr
    gsm.o(i.GetBalance) refers to gsm_common.o(.data) for end
    entry.o(.ARM.Collect$$$$00000000) refers (Special) to entry10a.o(.ARM.Collect$$$$0000000D) for __rt_final_cpp
    entry.o(.ARM.Collect$$$$00000000) refers (Special) to entry11a.o(.ARM.Collect$$$$0000000F) for __rt_final_exit
    entry.o(.ARM.Collect$$$$00000000) refers (Special) to entry7b.o(.ARM.Collect$$$$00000008) for _main_clock
    entry.o(.ARM.Collect$$$$00000000) refers (Special) to entry8b.o(.ARM.Collect$$$$0000000A) for _main_cpp_init
    entry.o(.ARM.Collect$$$$00000000) refers (Special) to entry9a.o(.ARM.Collect$$$$0000000B) for _main_init
    entry.o(.ARM.Collect$$$$00000000) refers (Special) to entry5.o(.ARM.Collect$$$$00000004) for _main_scatterload
    entry.o(.ARM.Collect$$$$00000000) refers (Special) to entry2.o(.ARM.Collect$$$$00000001) for _main_stk
    printfb.o(i.__0fprintf$bare) refers to printfb.o(i._printf_core) for _printf_core
    printfb.o(i.__0fprintf$bare) refers to fputc.o(i.fputc) for fputc
    printfb.o(i.__0printf$bare) refers to printfb.o(i._printf_core) for _printf_core
    printfb.o(i.__0printf$bare) refers to fputc.o(i.fputc) for fputc
    printfb.o(i.__0printf$bare) refers to stdout.o(.data) for __stdout
    printfb.o(i.__0snprintf$bare) refers to printfb.o(i._printf_core) for _printf_core
    printfb.o(i.__0snprintf$bare) refers to printfb.o(i._snputc) for _snputc
    printfb.o(i.__0sprintf$bare) refers to printfb.o(i._printf_core) for _printf_core
    printfb.o(i.__0sprintf$bare) refers to printfb.o(i._sputc) for _sputc
    printfb.o(i.__0vfprintf$bare) refers to printfb.o(i._printf_core) for _printf_core
    printfb.o(i.__0vfprintf$bare) refers to fputc.o(i.fputc) for fputc
    printfb.o(i.__0vprintf$bare) refers to printfb.o(i._printf_core) for _printf_core
    printfb.o(i.__0vprintf$bare) refers to fputc.o(i.fputc) for fputc
    printfb.o(i.__0vprintf$bare) refers to stdout.o(.data) for __stdout
    printfb.o(i.__0vsnprintf$bare) refers to printfb.o(i._printf_core) for _printf_core
    printfb.o(i.__0vsnprintf$bare) refers to printfb.o(i._snputc) for _snputc
    printfb.o(i.__0vsprintf$bare) refers to printfb.o(i._printf_core) for _printf_core
    printfb.o(i.__0vsprintf$bare) refers to printfb.o(i._sputc) for _sputc
    printf0.o(i.__0fprintf$0) refers to printf0.o(i._printf_core) for _printf_core
    printf0.o(i.__0fprintf$0) refers to fputc.o(i.fputc) for fputc
    printf0.o(i.__0printf$0) refers to printf0.o(i._printf_core) for _printf_core
    printf0.o(i.__0printf$0) refers to fputc.o(i.fputc) for fputc
    printf0.o(i.__0printf$0) refers to stdout.o(.data) for __stdout
    printf0.o(i.__0snprintf$0) refers to printf0.o(i._printf_core) for _printf_core
    printf0.o(i.__0snprintf$0) refers to printf0.o(i._snputc) for _snputc
    printf0.o(i.__0sprintf$0) refers to printf0.o(i._printf_core) for _printf_core
    printf0.o(i.__0sprintf$0) refers to printf0.o(i._sputc) for _sputc
    printf0.o(i.__0vfprintf$0) refers to printf0.o(i._printf_core) for _printf_core
    printf0.o(i.__0vfprintf$0) refers to fputc.o(i.fputc) for fputc
    printf0.o(i.__0vprintf$0) refers to printf0.o(i._printf_core) for _printf_core
    printf0.o(i.__0vprintf$0) refers to fputc.o(i.fputc) for fputc
    printf0.o(i.__0vprintf$0) refers to stdout.o(.data) for __stdout
    printf0.o(i.__0vsnprintf$0) refers to printf0.o(i._printf_core) for _printf_core
    printf0.o(i.__0vsnprintf$0) refers to printf0.o(i._snputc) for _snputc
    printf0.o(i.__0vsprintf$0) refers to printf0.o(i._printf_core) for _printf_core
    printf0.o(i.__0vsprintf$0) refers to printf0.o(i._sputc) for _sputc
    printf1.o(i.__0fprintf$1) refers to printf1.o(i._printf_core) for _printf_core
    printf1.o(i.__0fprintf$1) refers to fputc.o(i.fputc) for fputc
    printf1.o(i.__0printf$1) refers to printf1.o(i._printf_core) for _printf_core
    printf1.o(i.__0printf$1) refers to fputc.o(i.fputc) for fputc
    printf1.o(i.__0printf$1) refers to stdout.o(.data) for __stdout
    printf1.o(i.__0snprintf$1) refers to printf1.o(i._printf_core) for _printf_core
    printf1.o(i.__0snprintf$1) refers to printf1.o(i._snputc) for _snputc
    printf1.o(i.__0sprintf$1) refers to printf1.o(i._printf_core) for _printf_core
    printf1.o(i.__0sprintf$1) refers to printf1.o(i._sputc) for _sputc
    printf1.o(i.__0vfprintf$1) refers to printf1.o(i._printf_core) for _printf_core
    printf1.o(i.__0vfprintf$1) refers to fputc.o(i.fputc) for fputc
    printf1.o(i.__0vprintf$1) refers to printf1.o(i._printf_core) for _printf_core
    printf1.o(i.__0vprintf$1) refers to fputc.o(i.fputc) for fputc
    printf1.o(i.__0vprintf$1) refers to stdout.o(.data) for __stdout
    printf1.o(i.__0vsnprintf$1) refers to printf1.o(i._printf_core) for _printf_core
    printf1.o(i.__0vsnprintf$1) refers to printf1.o(i._snputc) for _snputc
    printf1.o(i.__0vsprintf$1) refers to printf1.o(i._printf_core) for _printf_core
    printf1.o(i.__0vsprintf$1) refers to printf1.o(i._sputc) for _sputc
    printf1.o(i._printf_core) refers to uidiv.o(.text) for __aeabi_uidivmod
    printf2.o(i.__0fprintf$2) refers to printf2.o(i._printf_core) for _printf_core
    printf2.o(i.__0fprintf$2) refers to fputc.o(i.fputc) for fputc
    printf2.o(i.__0printf$2) refers to printf2.o(i._printf_core) for _printf_core
    printf2.o(i.__0printf$2) refers to fputc.o(i.fputc) for fputc
    printf2.o(i.__0printf$2) refers to stdout.o(.data) for __stdout
    printf2.o(i.__0snprintf$2) refers to printf2.o(i._printf_core) for _printf_core
    printf2.o(i.__0snprintf$2) refers to printf2.o(i._snputc) for _snputc
    printf2.o(i.__0sprintf$2) refers to printf2.o(i._printf_core) for _printf_core
    printf2.o(i.__0sprintf$2) refers to printf2.o(i._sputc) for _sputc
    printf2.o(i.__0vfprintf$2) refers to printf2.o(i._printf_core) for _printf_core
    printf2.o(i.__0vfprintf$2) refers to fputc.o(i.fputc) for fputc
    printf2.o(i.__0vprintf$2) refers to printf2.o(i._printf_core) for _printf_core
    printf2.o(i.__0vprintf$2) refers to fputc.o(i.fputc) for fputc
    printf2.o(i.__0vprintf$2) refers to stdout.o(.data) for __stdout
    printf2.o(i.__0vsnprintf$2) refers to printf2.o(i._printf_core) for _printf_core
    printf2.o(i.__0vsnprintf$2) refers to printf2.o(i._snputc) for _snputc
    printf2.o(i.__0vsprintf$2) refers to printf2.o(i._printf_core) for _printf_core
    printf2.o(i.__0vsprintf$2) refers to printf2.o(i._sputc) for _sputc
    printf3.o(i.__0fprintf$3) refers to printf3.o(i._printf_core) for _printf_core
    printf3.o(i.__0fprintf$3) refers to fputc.o(i.fputc) for fputc
    printf3.o(i.__0printf$3) refers to printf3.o(i._printf_core) for _printf_core
    printf3.o(i.__0printf$3) refers to fputc.o(i.fputc) for fputc
    printf3.o(i.__0printf$3) refers to stdout.o(.data) for __stdout
    printf3.o(i.__0snprintf$3) refers to printf3.o(i._printf_core) for _printf_core
    printf3.o(i.__0snprintf$3) refers to printf3.o(i._snputc) for _snputc
    printf3.o(i.__0sprintf$3) refers to printf3.o(i._printf_core) for _printf_core
    printf3.o(i.__0sprintf$3) refers to printf3.o(i._sputc) for _sputc
    printf3.o(i.__0vfprintf$3) refers to printf3.o(i._printf_core) for _printf_core
    printf3.o(i.__0vfprintf$3) refers to fputc.o(i.fputc) for fputc
    printf3.o(i.__0vprintf$3) refers to printf3.o(i._printf_core) for _printf_core
    printf3.o(i.__0vprintf$3) refers to fputc.o(i.fputc) for fputc
    printf3.o(i.__0vprintf$3) refers to stdout.o(.data) for __stdout
    printf3.o(i.__0vsnprintf$3) refers to printf3.o(i._printf_core) for _printf_core
    printf3.o(i.__0vsnprintf$3) refers to printf3.o(i._snputc) for _snputc
    printf3.o(i.__0vsprintf$3) refers to printf3.o(i._printf_core) for _printf_core
    printf3.o(i.__0vsprintf$3) refers to printf3.o(i._sputc) for _sputc
    printf3.o(i._printf_core) refers to uidiv.o(.text) for __aeabi_uidivmod
    printf4.o(i.__0fprintf$4) refers to printf4.o(i._printf_core) for _printf_core
    printf4.o(i.__0fprintf$4) refers to fputc.o(i.fputc) for fputc
    printf4.o(i.__0printf$4) refers to printf4.o(i._printf_core) for _printf_core
    printf4.o(i.__0printf$4) refers to fputc.o(i.fputc) for fputc
    printf4.o(i.__0printf$4) refers to stdout.o(.data) for __stdout
    printf4.o(i.__0snprintf$4) refers to printf4.o(i._printf_core) for _printf_core
    printf4.o(i.__0snprintf$4) refers to printf4.o(i._snputc) for _snputc
    printf4.o(i.__0sprintf$4) refers to printf4.o(i._printf_core) for _printf_core
    printf4.o(i.__0sprintf$4) refers to printf4.o(i._sputc) for _sputc
    printf4.o(i.__0vfprintf$4) refers to printf4.o(i._printf_core) for _printf_core
    printf4.o(i.__0vfprintf$4) refers to fputc.o(i.fputc) for fputc
    printf4.o(i.__0vprintf$4) refers to printf4.o(i._printf_core) for _printf_core
    printf4.o(i.__0vprintf$4) refers to fputc.o(i.fputc) for fputc
    printf4.o(i.__0vprintf$4) refers to stdout.o(.data) for __stdout
    printf4.o(i.__0vsnprintf$4) refers to printf4.o(i._printf_core) for _printf_core
    printf4.o(i.__0vsnprintf$4) refers to printf4.o(i._snputc) for _snputc
    printf4.o(i.__0vsprintf$4) refers to printf4.o(i._printf_core) for _printf_core
    printf4.o(i.__0vsprintf$4) refers to printf4.o(i._sputc) for _sputc
    printf4.o(i._printf_core) refers to uldiv.o(.text) for __aeabi_uldivmod
    printf5.o(i.__0fprintf$5) refers to printf5.o(i._printf_core) for _printf_core
    printf5.o(i.__0fprintf$5) refers to fputc.o(i.fputc) for fputc
    printf5.o(i.__0printf$5) refers to printf5.o(i._printf_core) for _printf_core
    printf5.o(i.__0printf$5) refers to fputc.o(i.fputc) for fputc
    printf5.o(i.__0printf$5) refers to stdout.o(.data) for __stdout
    printf5.o(i.__0snprintf$5) refers to printf5.o(i._printf_core) for _printf_core
    printf5.o(i.__0snprintf$5) refers to printf5.o(i._snputc) for _snputc
    printf5.o(i.__0sprintf$5) refers to printf5.o(i._printf_core) for _printf_core
    printf5.o(i.__0sprintf$5) refers to printf5.o(i._sputc) for _sputc
    printf5.o(i.__0vfprintf$5) refers to printf5.o(i._printf_core) for _printf_core
    printf5.o(i.__0vfprintf$5) refers to fputc.o(i.fputc) for fputc
    printf5.o(i.__0vprintf$5) refers to printf5.o(i._printf_core) for _printf_core
    printf5.o(i.__0vprintf$5) refers to fputc.o(i.fputc) for fputc
    printf5.o(i.__0vprintf$5) refers to stdout.o(.data) for __stdout
    printf5.o(i.__0vsnprintf$5) refers to printf5.o(i._printf_core) for _printf_core
    printf5.o(i.__0vsnprintf$5) refers to printf5.o(i._snputc) for _snputc
    printf5.o(i.__0vsprintf$5) refers to printf5.o(i._printf_core) for _printf_core
    printf5.o(i.__0vsprintf$5) refers to printf5.o(i._sputc) for _sputc
    printf5.o(i._printf_core) refers to uldiv.o(.text) for __aeabi_uldivmod
    printf6.o(i.__0fprintf$6) refers to printf6.o(i._printf_core) for _printf_core
    printf6.o(i.__0fprintf$6) refers to fputc.o(i.fputc) for fputc
    printf6.o(i.__0printf$6) refers to printf6.o(i._printf_core) for _printf_core
    printf6.o(i.__0printf$6) refers to fputc.o(i.fputc) for fputc
    printf6.o(i.__0printf$6) refers to stdout.o(.data) for __stdout
    printf6.o(i.__0snprintf$6) refers to printf6.o(i._printf_core) for _printf_core
    printf6.o(i.__0snprintf$6) refers to printf6.o(i._snputc) for _snputc
    printf6.o(i.__0sprintf$6) refers to printf6.o(i._printf_core) for _printf_core
    printf6.o(i.__0sprintf$6) refers to printf6.o(i._sputc) for _sputc
    printf6.o(i.__0vfprintf$6) refers to printf6.o(i._printf_core) for _printf_core
    printf6.o(i.__0vfprintf$6) refers to fputc.o(i.fputc) for fputc
    printf6.o(i.__0vprintf$6) refers to printf6.o(i._printf_core) for _printf_core
    printf6.o(i.__0vprintf$6) refers to fputc.o(i.fputc) for fputc
    printf6.o(i.__0vprintf$6) refers to stdout.o(.data) for __stdout
    printf6.o(i.__0vsnprintf$6) refers to printf6.o(i._printf_core) for _printf_core
    printf6.o(i.__0vsnprintf$6) refers to printf6.o(i._snputc) for _snputc
    printf6.o(i.__0vsprintf$6) refers to printf6.o(i._printf_core) for _printf_core
    printf6.o(i.__0vsprintf$6) refers to printf6.o(i._sputc) for _sputc
    printf6.o(i._printf_core) refers to printf6.o(i._printf_pre_padding) for _printf_pre_padding
    printf6.o(i._printf_core) refers to uidiv.o(.text) for __aeabi_uidivmod
    printf6.o(i._printf_core) refers to printf6.o(i._printf_post_padding) for _printf_post_padding
    printf7.o(i.__0fprintf$7) refers to printf7.o(i._printf_core) for _printf_core
    printf7.o(i.__0fprintf$7) refers to fputc.o(i.fputc) for fputc
    printf7.o(i.__0printf$7) refers to printf7.o(i._printf_core) for _printf_core
    printf7.o(i.__0printf$7) refers to fputc.o(i.fputc) for fputc
    printf7.o(i.__0printf$7) refers to stdout.o(.data) for __stdout
    printf7.o(i.__0snprintf$7) refers to printf7.o(i._printf_core) for _printf_core
    printf7.o(i.__0snprintf$7) refers to printf7.o(i._snputc) for _snputc
    printf7.o(i.__0sprintf$7) refers to printf7.o(i._printf_core) for _printf_core
    printf7.o(i.__0sprintf$7) refers to printf7.o(i._sputc) for _sputc
    printf7.o(i.__0vfprintf$7) refers to printf7.o(i._printf_core) for _printf_core
    printf7.o(i.__0vfprintf$7) refers to fputc.o(i.fputc) for fputc
    printf7.o(i.__0vprintf$7) refers to printf7.o(i._printf_core) for _printf_core
    printf7.o(i.__0vprintf$7) refers to fputc.o(i.fputc) for fputc
    printf7.o(i.__0vprintf$7) refers to stdout.o(.data) for __stdout
    printf7.o(i.__0vsnprintf$7) refers to printf7.o(i._printf_core) for _printf_core
    printf7.o(i.__0vsnprintf$7) refers to printf7.o(i._snputc) for _snputc
    printf7.o(i.__0vsprintf$7) refers to printf7.o(i._printf_core) for _printf_core
    printf7.o(i.__0vsprintf$7) refers to printf7.o(i._sputc) for _sputc
    printf7.o(i._printf_core) refers to printf7.o(i._printf_pre_padding) for _printf_pre_padding
    printf7.o(i._printf_core) refers to uldiv.o(.text) for __aeabi_uldivmod
    printf7.o(i._printf_core) refers to printf7.o(i._printf_post_padding) for _printf_post_padding
    printf8.o(i.__0fprintf$8) refers to printf8.o(i._printf_core) for _printf_core
    printf8.o(i.__0fprintf$8) refers to fputc.o(i.fputc) for fputc
    printf8.o(i.__0printf$8) refers to printf8.o(i._printf_core) for _printf_core
    printf8.o(i.__0printf$8) refers to fputc.o(i.fputc) for fputc
    printf8.o(i.__0printf$8) refers to stdout.o(.data) for __stdout
    printf8.o(i.__0snprintf$8) refers to printf8.o(i._printf_core) for _printf_core
    printf8.o(i.__0snprintf$8) refers to printf8.o(i._snputc) for _snputc
    printf8.o(i.__0sprintf$8) refers to printf8.o(i._printf_core) for _printf_core
    printf8.o(i.__0sprintf$8) refers to printf8.o(i._sputc) for _sputc
    printf8.o(i.__0vfprintf$8) refers to printf8.o(i._printf_core) for _printf_core
    printf8.o(i.__0vfprintf$8) refers to fputc.o(i.fputc) for fputc
    printf8.o(i.__0vprintf$8) refers to printf8.o(i._printf_core) for _printf_core
    printf8.o(i.__0vprintf$8) refers to fputc.o(i.fputc) for fputc
    printf8.o(i.__0vprintf$8) refers to stdout.o(.data) for __stdout
    printf8.o(i.__0vsnprintf$8) refers to printf8.o(i._printf_core) for _printf_core
    printf8.o(i.__0vsnprintf$8) refers to printf8.o(i._snputc) for _snputc
    printf8.o(i.__0vsprintf$8) refers to printf8.o(i._printf_core) for _printf_core
    printf8.o(i.__0vsprintf$8) refers to printf8.o(i._sputc) for _sputc
    printf8.o(i._printf_core) refers to printf8.o(i._printf_pre_padding) for _printf_pre_padding
    printf8.o(i._printf_core) refers to uldiv.o(.text) for __aeabi_uldivmod
    printf8.o(i._printf_core) refers to printf8.o(i._printf_post_padding) for _printf_post_padding
    printfa.o(i.__0fprintf) refers (Special) to iusefp.o(.text) for __I$use$fp
    printfa.o(i.__0fprintf) refers to printfa.o(i._printf_core) for _printf_core
    printfa.o(i.__0fprintf) refers to fputc.o(i.fputc) for fputc
    printfa.o(i.__0printf) refers (Special) to iusefp.o(.text) for __I$use$fp
    printfa.o(i.__0printf) refers to printfa.o(i._printf_core) for _printf_core
    printfa.o(i.__0printf) refers to fputc.o(i.fputc) for fputc
    printfa.o(i.__0printf) refers to stdout.o(.data) for __stdout
    printfa.o(i.__0snprintf) refers (Special) to iusefp.o(.text) for __I$use$fp
    printfa.o(i.__0snprintf) refers to printfa.o(i._printf_core) for _printf_core
    printfa.o(i.__0snprintf) refers to printfa.o(i._snputc) for _snputc
    printfa.o(i.__0sprintf) refers (Special) to iusefp.o(.text) for __I$use$fp
    printfa.o(i.__0sprintf) refers to printfa.o(i._printf_core) for _printf_core
    printfa.o(i.__0sprintf) refers to printfa.o(i._sputc) for _sputc
    printfa.o(i.__0vfprintf) refers (Special) to iusefp.o(.text) for __I$use$fp
    printfa.o(i.__0vfprintf) refers to printfa.o(i._printf_core) for _printf_core
    printfa.o(i.__0vfprintf) refers to fputc.o(i.fputc) for fputc
    printfa.o(i.__0vprintf) refers (Special) to iusefp.o(.text) for __I$use$fp
    printfa.o(i.__0vprintf) refers to printfa.o(i._printf_core) for _printf_core
    printfa.o(i.__0vprintf) refers to fputc.o(i.fputc) for fputc
    printfa.o(i.__0vprintf) refers to stdout.o(.data) for __stdout
    printfa.o(i.__0vsnprintf) refers (Special) to iusefp.o(.text) for __I$use$fp
    printfa.o(i.__0vsnprintf) refers to printfa.o(i._printf_core) for _printf_core
    printfa.o(i.__0vsnprintf) refers to printfa.o(i._snputc) for _snputc
    printfa.o(i.__0vsprintf) refers (Special) to iusefp.o(.text) for __I$use$fp
    printfa.o(i.__0vsprintf) refers to printfa.o(i._printf_core) for _printf_core
    printfa.o(i.__0vsprintf) refers to printfa.o(i._sputc) for _sputc
    printfa.o(i._fp_digits) refers (Special) to iusefp.o(.text) for __I$use$fp
    printfa.o(i._fp_digits) refers to dmul.o(.text) for __aeabi_dmul
    printfa.o(i._fp_digits) refers to ddiv.o(.text) for __aeabi_ddiv
    printfa.o(i._fp_digits) refers to cdrcmple.o(.text) for __aeabi_cdrcmple
    printfa.o(i._fp_digits) refers to dadd.o(.text) for __aeabi_dadd
    printfa.o(i._fp_digits) refers to dfixul.o(.text) for __aeabi_d2ulz
    printfa.o(i._fp_digits) refers to uldiv.o(.text) for __aeabi_uldivmod
    printfa.o(i._printf_core) refers (Special) to iusefp.o(.text) for __I$use$fp
    printfa.o(i._printf_core) refers to printfa.o(i._printf_pre_padding) for _printf_pre_padding
    printfa.o(i._printf_core) refers to uldiv.o(.text) for __aeabi_uldivmod
    printfa.o(i._printf_core) refers to printfa.o(i._printf_post_padding) for _printf_post_padding
    printfa.o(i._printf_core) refers to printfa.o(i._fp_digits) for _fp_digits
    printfa.o(i._printf_core) refers to uidiv.o(.text) for __aeabi_uidivmod
    printfa.o(i._printf_post_padding) refers (Special) to iusefp.o(.text) for __I$use$fp
    printfa.o(i._printf_pre_padding) refers (Special) to iusefp.o(.text) for __I$use$fp
    printfa.o(i._snputc) refers (Special) to iusefp.o(.text) for __I$use$fp
    printfa.o(i._sputc) refers (Special) to iusefp.o(.text) for __I$use$fp
    atoi.o(.text) refers to errno.o(i.__aeabi_errno_addr) for __aeabi_errno_addr
    atoi.o(.text) refers to strtol.o(.text) for strtol
    entry2.o(.ARM.Collect$$$$00000001) refers to entry2.o(.ARM.Collect$$$$00002712) for __lit__00000000
    entry2.o(.ARM.Collect$$$$00002712) refers to startup_stm32f103xb.o(STACK) for __initial_sp
    entry2.o(__vectab_stack_and_reset_area) refers to startup_stm32f103xb.o(STACK) for __initial_sp
    entry2.o(__vectab_stack_and_reset_area) refers to entry.o(.ARM.Collect$$$$00000000) for __main
    entry5.o(.ARM.Collect$$$$00000004) refers to init.o(.text) for __scatterload
    entry9a.o(.ARM.Collect$$$$0000000B) refers to main.o(i.main) for main
    entry9b.o(.ARM.Collect$$$$0000000C) refers to main.o(i.main) for main
    fputc.o(i.fputc) refers (Special) to iusesemip.o(.text) for __I$use$semihosting$fputc
    fputc.o(i.fputc) refers (Special) to semi.o(.text) for __semihosting_library_function
    uldiv.o(.text) refers to llushr.o(.text) for __aeabi_llsr
    uldiv.o(.text) refers to llshl.o(.text) for __aeabi_llsl
    errno.o(i.__aeabi_errno_addr) refers to errno.o(.data) for .data
    errno.o(i.__read_errno) refers to errno.o(.data) for .data
    errno.o(i.__set_errno) refers to errno.o(.data) for .data
    strtol.o(.text) refers to ctype_o.o(.text) for __rt_ctype_table
    strtol.o(.text) refers to _strtoul.o(.text) for _strtoul
    strtol.o(.text) refers to errno.o(i.__aeabi_errno_addr) for __aeabi_errno_addr
    dadd.o(.text) refers to llshl.o(.text) for __aeabi_llsl
    dadd.o(.text) refers to llsshr.o(.text) for __aeabi_lasr
    dadd.o(.text) refers to depilogue.o(.text) for _double_epilogue
    dmul.o(.text) refers to depilogue.o(.text) for _double_epilogue
    ddiv.o(.text) refers to depilogue.o(.text) for _double_round
    dfixul.o(.text) refers to llushr.o(.text) for __aeabi_llsr
    dfixul.o(.text) refers to llshl.o(.text) for __aeabi_llsl
    init.o(.text) refers to entry5.o(.ARM.Collect$$$$00000004) for __main_after_scatterload
    ctype_o.o(.text) refers to ctype_o.o(.constdata) for .constdata
    ctype_o.o(.constdata) refers to ctype_o.o(.constdata) for __ctype_table
    isalnum_o.o(.text) refers to ctype_o.o(.text) for __rt_ctype_table
    isalpha_o.o(.text) refers to ctype_o.o(.text) for __rt_ctype_table
    isblank_o.o(.text) refers to ctype_o.o(.constdata) for __ctype_table
    iscntrl_o.o(.text) refers to ctype_o.o(.text) for __rt_ctype_table
    isdigit_o.o(.text) refers to ctype_o.o(.text) for __rt_ctype_table
    isgraph_o.o(.text) refers to ctype_o.o(.text) for __rt_ctype_table
    islower_o.o(.text) refers to ctype_o.o(.text) for __rt_ctype_table
    isprint_o.o(.text) refers to ctype_o.o(.text) for __rt_ctype_table
    ispunct_o.o(.text) refers to ctype_o.o(.text) for __rt_ctype_table
    isspace_o.o(.text) refers to ctype_o.o(.text) for __rt_ctype_table
    isupper_o.o(.text) refers to ctype_o.o(.text) for __rt_ctype_table
    isxdigit_o.o(.text) refers to ctype_o.o(.text) for __rt_ctype_table
    _strtoul.o(.text) refers to _chval.o(.text) for _chval
    _strtoul.o(.text) refers to errno.o(i.__aeabi_errno_addr) for __aeabi_errno_addr
    depilogue.o(.text) refers to llshl.o(.text) for __aeabi_llsl
    depilogue.o(.text) refers to llushr.o(.text) for __aeabi_llsr


==============================================================================

Removing Unused input sections from the image.

    Removing system_stm32f1xx.o(.rev16_text), (4 bytes).
    Removing system_stm32f1xx.o(.revsh_text), (4 bytes).
    Removing system_stm32f1xx.o(.rrx_text), (6 bytes).
    Removing system_stm32f1xx.o(i.SystemCoreClockUpdate), (124 bytes).
    Removing system_stm32f1xx.o(.constdata), (16 bytes).
    Removing system_stm32f1xx.o(.constdata), (8 bytes).
    Removing startup_stm32f103xb.o(HEAP), (512 bytes).
    Removing delay.o(.rev16_text), (4 bytes).
    Removing delay.o(.revsh_text), (4 bytes).
    Removing delay.o(.rrx_text), (6 bytes).
    Removing main.o(.rev16_text), (4 bytes).
    Removing main.o(.revsh_text), (4 bytes).
    Removing main.o(.rrx_text), (6 bytes).
    Removing main.o(i._Error_Handler), (2 bytes).
    Removing main.o(.data), (1 bytes).
    Removing event_system.o(.rev16_text), (4 bytes).
    Removing event_system.o(.revsh_text), (4 bytes).
    Removing event_system.o(.rrx_text), (6 bytes).
    Removing event_system.o(i.ES_FlushBuf), (16 bytes).
    Removing event_system.o(i.ES_GetCount), (12 bytes).
    Removing event_functions.o(.rev16_text), (4 bytes).
    Removing event_functions.o(.revsh_text), (4 bytes).
    Removing event_functions.o(.rrx_text), (6 bytes).
    Removing event_functions.o(i.EF_ReadSMS), (2 bytes).
    Removing init_mc.o(.rev16_text), (4 bytes).
    Removing init_mc.o(.revsh_text), (4 bytes).
    Removing init_mc.o(.rrx_text), (6 bytes).
    Removing util.o(.rev16_text), (4 bytes).
    Removing util.o(.revsh_text), (4 bytes).
    Removing util.o(.rrx_text), (6 bytes).
    Removing interrupt.o(.rev16_text), (4 bytes).
    Removing interrupt.o(.revsh_text), (4 bytes).
    Removing interrupt.o(.rrx_text), (6 bytes).
    Removing gpio.o(.rev16_text), (4 bytes).
    Removing gpio.o(.revsh_text), (4 bytes).
    Removing gpio.o(.rrx_text), (6 bytes).
    Removing ssd1306.o(.rev16_text), (4 bytes).
    Removing ssd1306.o(.revsh_text), (4 bytes).
    Removing ssd1306.o(.rrx_text), (6 bytes).
    Removing ssd1306.o(i.pow), (16 bytes).
    Removing ssd1306.o(i.spi_write_byte), (12 bytes).
    Removing ssd1306.o(i.ssd1306_clear_region), (76 bytes).
    Removing ssd1306.o(i.ssd1306_display_num), (126 bytes).
    Removing ssd1306.o(i.ssd1306_display_off), (30 bytes).
    Removing ssd1306.o(i.ssd1306_fill_screen), (56 bytes).
    Removing fonts.o(.rev16_text), (4 bytes).
    Removing fonts.o(.revsh_text), (4 bytes).
    Removing fonts.o(.rrx_text), (6 bytes).
    Removing fonts.o(.constdata), (16 bytes).
    Removing gsm_common.o(.rev16_text), (4 bytes).
    Removing gsm_common.o(.revsh_text), (4 bytes).
    Removing gsm_common.o(.rrx_text), (6 bytes).
    Removing gsm_common.o(i.GSM_GetStatus), (12 bytes).
    Removing gsm_common.o(i.GSM_ResetStatus), (16 bytes).
    Removing gsm_common.o(.data), (1 bytes).
    Removing gsm_common.o(.data), (3 bytes).
    Removing gsm_common.o(.data), (3 bytes).
    Removing gsm_common.o(.data), (3 bytes).
    Removing gsm_common.o(.data), (3 bytes).
    Removing gsm_common.o(.data), (3 bytes).
    Removing gsm_common.o(.data), (3 bytes).
    Removing gsm_common.o(.data), (3 bytes).
    Removing gsm_common.o(.data), (3 bytes).
    Removing gsm_common.o(.data), (3 bytes).
    Removing gsm_common.o(.data), (3 bytes).
    Removing gsm_common.o(.data), (1 bytes).
    Removing gsm_usart.o(.rev16_text), (4 bytes).
    Removing gsm_usart.o(.revsh_text), (4 bytes).
    Removing gsm_usart.o(.rrx_text), (6 bytes).
    Removing gsm_usart.o(i.GSM_UART_Abort), (16 bytes).
    Removing gsm_usart.o(i.GSM_UART_Resume), (16 bytes).
    Removing gsm.o(.rev16_text), (4 bytes).
    Removing gsm.o(.revsh_text), (4 bytes).
    Removing gsm.o(.rrx_text), (6 bytes).
    Removing gsm.o(i.GSM_GetRegInfo), (84 bytes).
    Removing gsm.o(i.GetBalance), (108 bytes).
    Removing gsm.o(i.HAL_GPIO_EXTI_Callback), (2 bytes).
    Removing dadd.o(.text), (334 bytes).
    Removing dmul.o(.text), (228 bytes).
    Removing ddiv.o(.text), (222 bytes).
    Removing dfixul.o(.text), (48 bytes).
    Removing cdrcmple.o(.text), (48 bytes).
    Removing depilogue.o(.text), (186 bytes).

83 unused section(s) (total 2573 bytes) removed from the image.

==============================================================================

Image Symbol Table

    Local Symbols

    Symbol Name                              Value     Ov Type        Size  Object(Section)

    ../Src/main.c                            0x00000000   Number         0  main.o ABSOLUTE
    ../clib/microlib/ctype/ctype.c           0x00000000   Number         0  isprint_o.o ABSOLUTE
    ../clib/microlib/ctype/ctype.c           0x00000000   Number         0  ispunct_o.o ABSOLUTE
    ../clib/microlib/ctype/ctype.c           0x00000000   Number         0  isspace_o.o ABSOLUTE
    ../clib/microlib/ctype/ctype.c           0x00000000   Number         0  isupper_o.o ABSOLUTE
    ../clib/microlib/ctype/ctype.c           0x00000000   Number         0  isdigit_o.o ABSOLUTE
    ../clib/microlib/ctype/ctype.c           0x00000000   Number         0  isxdigit_o.o ABSOLUTE
    ../clib/microlib/ctype/ctype.c           0x00000000   Number         0  isalpha_o.o ABSOLUTE
    ../clib/microlib/ctype/ctype.c           0x00000000   Number         0  isalnum_o.o ABSOLUTE
    ../clib/microlib/ctype/ctype.c           0x00000000   Number         0  ctype_o.o ABSOLUTE
    ../clib/microlib/ctype/ctype.c           0x00000000   Number         0  islower_o.o ABSOLUTE
    ../clib/microlib/ctype/ctype.c           0x00000000   Number         0  isgraph_o.o ABSOLUTE
    ../clib/microlib/ctype/ctype.c           0x00000000   Number         0  iscntrl_o.o ABSOLUTE
    ../clib/microlib/ctype/ctype.c           0x00000000   Number         0  isblank_o.o ABSOLUTE
    ../clib/microlib/division.c              0x00000000   Number         0  uidiv.o ABSOLUTE
    ../clib/microlib/division.c              0x00000000   Number         0  uldiv.o ABSOLUTE
    ../clib/microlib/errno.c                 0x00000000   Number         0  errno.o ABSOLUTE
    ../clib/microlib/init/entry.s            0x00000000   Number         0  entry7b.o ABSOLUTE
    ../clib/microlib/init/entry.s            0x00000000   Number         0  entry7a.o ABSOLUTE
    ../clib/microlib/init/entry.s            0x00000000   Number         0  entry8a.o ABSOLUTE
    ../clib/microlib/init/entry.s            0x00000000   Number         0  entry9a.o ABSOLUTE
    ../clib/microlib/init/entry.s            0x00000000   Number         0  entry8b.o ABSOLUTE
    ../clib/microlib/init/entry.s            0x00000000   Number         0  entry9b.o ABSOLUTE
    ../clib/microlib/init/entry.s            0x00000000   Number         0  entry10a.o ABSOLUTE
    ../clib/microlib/init/entry.s            0x00000000   Number         0  entry11a.o ABSOLUTE
    ../clib/microlib/init/entry.s            0x00000000   Number         0  entry11b.o ABSOLUTE
    ../clib/microlib/init/entry.s            0x00000000   Number         0  entry10b.o ABSOLUTE
    ../clib/microlib/init/entry.s            0x00000000   Number         0  entry.o ABSOLUTE
    ../clib/microlib/init/entry.s            0x00000000   Number         0  entry5.o ABSOLUTE
    ../clib/microlib/init/entry.s            0x00000000   Number         0  entry2.o ABSOLUTE
    ../clib/microlib/longlong.c              0x00000000   Number         0  llushr.o ABSOLUTE
    ../clib/microlib/longlong.c              0x00000000   Number         0  llshl.o ABSOLUTE
    ../clib/microlib/longlong.c              0x00000000   Number         0  llsshr.o ABSOLUTE
    ../clib/microlib/printf/printf.c         0x00000000   Number         0  printf4.o ABSOLUTE
    ../clib/microlib/printf/printf.c         0x00000000   Number         0  printf5.o ABSOLUTE
    ../clib/microlib/printf/printf.c         0x00000000   Number         0  printf6.o ABSOLUTE
    ../clib/microlib/printf/printf.c         0x00000000   Number         0  printf7.o ABSOLUTE
    ../clib/microlib/printf/printf.c         0x00000000   Number         0  printf8.o ABSOLUTE
    ../clib/microlib/printf/printf.c         0x00000000   Number         0  printf3.o ABSOLUTE
    ../clib/microlib/printf/printf.c         0x00000000   Number         0  printf0.o ABSOLUTE
    ../clib/microlib/printf/printf.c         0x00000000   Number         0  printf2.o ABSOLUTE
    ../clib/microlib/printf/printf.c         0x00000000   Number         0  printfb.o ABSOLUTE
    ../clib/microlib/printf/printf.c         0x00000000   Number         0  printf1.o ABSOLUTE
    ../clib/microlib/printf/printf.c         0x00000000   Number         0  printfa.o ABSOLUTE
    ../clib/microlib/printf/stubs.s          0x00000000   Number         0  stubs.o ABSOLUTE
    ../clib/microlib/stdio/fputc.c           0x00000000   Number         0  fputc.o ABSOLUTE
    ../clib/microlib/stdio/semi.s            0x00000000   Number         0  semi.o ABSOLUTE
    ../clib/microlib/stdio/streams.c         0x00000000   Number         0  stdout.o ABSOLUTE
    ../clib/microlib/string/memset.c         0x00000000   Number         0  memseta.o ABSOLUTE
    ../clib/microlib/string/strchr.c         0x00000000   Number         0  strchr.o ABSOLUTE
    ../clib/microlib/string/strlen.c         0x00000000   Number         0  strlen.o ABSOLUTE
    ../clib/microlib/string/strstr.c         0x00000000   Number         0  strstr.o ABSOLUTE
    ../clib/microlib/stubs.s                 0x00000000   Number         0  iusefp.o ABSOLUTE
    ../clib/microlib/stubs.s                 0x00000000   Number         0  iusesemip.o ABSOLUTE
    ../clib/scanf.c                          0x00000000   Number         0  _chval.o ABSOLUTE
    ../clib/scanf.c                          0x00000000   Number         0  strtol.o ABSOLUTE
    ../clib/scanf.c                          0x00000000   Number         0  _strtoul.o ABSOLUTE
    ../clib/scanf.c                          0x00000000   Number         0  atoi.o ABSOLUTE
    ../fplib/microlib/fpadd.c                0x00000000   Number         0  dadd.o ABSOLUTE
    ../fplib/microlib/fpdiv.c                0x00000000   Number         0  ddiv.o ABSOLUTE
    ../fplib/microlib/fpepilogue.c           0x00000000   Number         0  depilogue.o ABSOLUTE
    ../fplib/microlib/fpfix.c                0x00000000   Number         0  dfixul.o ABSOLUTE
    ../fplib/microlib/fpmul.c                0x00000000   Number         0  dmul.o ABSOLUTE
    ..\Hardware\GSM_LIB\GENERAL\gsm.c        0x00000000   Number         0  gsm.o ABSOLUTE
    ..\Hardware\GSM_LIB\GENERAL\gsm_common.c 0x00000000   Number         0  gsm_common.o ABSOLUTE
    ..\Hardware\GSM_LIB\USART\gsm_usart.c    0x00000000   Number         0  gsm_usart.o ABSOLUTE
    ..\Hardware\SSD1306\Fonts.c              0x00000000   Number         0  fonts.o ABSOLUTE
    ..\Hardware\SSD1306\SSD1306.c            0x00000000   Number         0  ssd1306.o ABSOLUTE
    ..\Hardware\delay\delay.c                0x00000000   Number         0  delay.o ABSOLUTE
    ..\Src\event_functions.c                 0x00000000   Number         0  event_functions.o ABSOLUTE
    ..\Src\event_system.c                    0x00000000   Number         0  event_system.o ABSOLUTE
    ..\Src\gpio.c                            0x00000000   Number         0  gpio.o ABSOLUTE
    ..\Src\init_mc.c                         0x00000000   Number         0  init_mc.o ABSOLUTE
    ..\Src\interrupt.c                       0x00000000   Number         0  interrupt.o ABSOLUTE
    ..\Src\main.c                            0x00000000   Number         0  main.o ABSOLUTE
    ..\Src\system_stm32f1xx.c                0x00000000   Number         0  system_stm32f1xx.o ABSOLUTE
    ..\Src\util.c                            0x00000000   Number         0  util.o ABSOLUTE
    ..\\Hardware\\GSM_LIB\\GENERAL\\gsm.c    0x00000000   Number         0  gsm.o ABSOLUTE
    ..\\Hardware\\GSM_LIB\\GENERAL\\gsm_common.c 0x00000000   Number         0  gsm_common.o ABSOLUTE
    ..\\Hardware\\GSM_LIB\\USART\\gsm_usart.c 0x00000000   Number         0  gsm_usart.o ABSOLUTE
    ..\\Hardware\\SSD1306\\Fonts.c           0x00000000   Number         0  fonts.o ABSOLUTE
    ..\\Hardware\\SSD1306\\SSD1306.c         0x00000000   Number         0  ssd1306.o ABSOLUTE
    ..\\Hardware\\delay\\delay.c             0x00000000   Number         0  delay.o ABSOLUTE
    ..\\Src\\event_functions.c               0x00000000   Number         0  event_functions.o ABSOLUTE
    ..\\Src\\event_system.c                  0x00000000   Number         0  event_system.o ABSOLUTE
    ..\\Src\\gpio.c                          0x00000000   Number         0  gpio.o ABSOLUTE
    ..\\Src\\init_mc.c                       0x00000000   Number         0  init_mc.o ABSOLUTE
    ..\\Src\\interrupt.c                     0x00000000   Number         0  interrupt.o ABSOLUTE
    ..\\Src\\system_stm32f1xx.c              0x00000000   Number         0  system_stm32f1xx.o ABSOLUTE
    ..\\Src\\util.c                          0x00000000   Number         0  util.o ABSOLUTE
    cdrcmple.s                               0x00000000   Number         0  cdrcmple.o ABSOLUTE
    dc.s                                     0x00000000   Number         0  dc.o ABSOLUTE
    handlers.s                               0x00000000   Number         0  handlers.o ABSOLUTE
    init.s                                   0x00000000   Number         0  init.o ABSOLUTE
    startup_stm32f103xb.s                    0x00000000   Number         0  startup_stm32f103xb.o ABSOLUTE
    RESET                                    0x08000000   Section      236  startup_stm32f103xb.o(RESET)
    .ARM.Collect$$$$00000000                 0x080000ec   Section        0  entry.o(.ARM.Collect$$$$00000000)
    .ARM.Collect$$$$00000001                 0x080000ec   Section        4  entry2.o(.ARM.Collect$$$$00000001)
    .ARM.Collect$$$$00000004                 0x080000f0   Section        4  entry5.o(.ARM.Collect$$$$00000004)
    .ARM.Collect$$$$00000008                 0x080000f4   Section        0  entry7b.o(.ARM.Collect$$$$00000008)
    .ARM.Collect$$$$0000000A                 0x080000f4   Section        0  entry8b.o(.ARM.Collect$$$$0000000A)
    .ARM.Collect$$$$0000000B                 0x080000f4   Section        8  entry9a.o(.ARM.Collect$$$$0000000B)
    .ARM.Collect$$$$0000000D                 0x080000fc   Section        0  entry10a.o(.ARM.Collect$$$$0000000D)
    .ARM.Collect$$$$0000000F                 0x080000fc   Section        0  entry11a.o(.ARM.Collect$$$$0000000F)
    .ARM.Collect$$$$00002712                 0x080000fc   Section        4  entry2.o(.ARM.Collect$$$$00002712)
    __lit__00000000                          0x080000fc   Data           4  entry2.o(.ARM.Collect$$$$00002712)
    .text                                    0x08000100   Section       36  startup_stm32f103xb.o(.text)
    .text                                    0x08000124   Section        0  memseta.o(.text)
    .text                                    0x08000148   Section        0  strchr.o(.text)
    .text                                    0x0800015c   Section        0  strlen.o(.text)
    .text                                    0x0800016a   Section        0  atoi.o(.text)
    .text                                    0x08000184   Section        0  strtol.o(.text)
    .text                                    0x080001f4   Section       36  init.o(.text)
    .text                                    0x08000218   Section        0  ctype_o.o(.text)
    .text                                    0x08000220   Section        0  _strtoul.o(.text)
    .text                                    0x080002be   Section        0  _chval.o(.text)
    i.EF_PrintSignalLevel                    0x080002da   Section        0  event_functions.o(i.EF_PrintSignalLevel)
    i.ES_GetEvent                            0x080002f4   Section        0  event_system.o(i.ES_GetEvent)
    i.ES_PlaceEvent                          0x08000328   Section        0  event_system.o(i.ES_PlaceEvent)
    i.EXTI15_10_IRQHandler                   0x08000358   Section        0  interrupt.o(i.EXTI15_10_IRQHandler)
    i.GPIO_WritePin                          0x0800035a   Section        0  gpio.o(i.GPIO_WritePin)
    i.GSM_AT                                 0x08000368   Section        0  gsm.o(i.GSM_AT)
    i.GSM_Boot                               0x0800039c   Section        0  gsm.o(i.GSM_Boot)
    i.GSM_Init                               0x080003c0   Section        0  gsm.o(i.GSM_Init)
    i.GSM_SetStatus                          0x080004f4   Section        0  gsm_common.o(i.GSM_SetStatus)
    i.GSM_SignalLevel                        0x08000504   Section        0  gsm.o(i.GSM_SignalLevel)
    i.GSM_UART_FlushRxBuf                    0x08000570   Section        0  gsm_usart.o(i.GSM_UART_FlushRxBuf)
    i.GSM_UART_FlushTxBuf                    0x08000590   Section        0  gsm_usart.o(i.GSM_UART_FlushTxBuf)
    i.GSM_UART_GetRxBuffer                   0x0800059c   Section        0  gsm_usart.o(i.GSM_UART_GetRxBuffer)
    i.GSM_UART_GetTxBuffer                   0x080005a4   Section        0  gsm_usart.o(i.GSM_UART_GetTxBuffer)
    i.GSM_UART_Init                          0x080005ac   Section        0  gsm_usart.o(i.GSM_UART_Init)
    i.GSM_UART_SendATCommand                 0x08000610   Section        0  gsm_usart.o(i.GSM_UART_SendATCommand)
    i.NVIC_EnableIRQ                         0x0800067c   Section        0  init_mc.o(i.NVIC_EnableIRQ)
    NVIC_EnableIRQ                           0x0800067d   Thumb Code    22  init_mc.o(i.NVIC_EnableIRQ)
    i.SetSysClock                            0x08000694   Section        0  init_mc.o(i.SetSysClock)
    SetSysClock                              0x08000695   Thumb Code   156  init_mc.o(i.SetSysClock)
    i.SystemInit                             0x08000738   Section        0  system_stm32f1xx.o(i.SystemInit)
    i.TIM2_IRQHandler                        0x08000780   Section        0  interrupt.o(i.TIM2_IRQHandler)
    i.TIM4_IRQHandler                        0x080007bc   Section        0  interrupt.o(i.TIM4_IRQHandler)
    i.USART1_IRQHandler                      0x08000814   Section        0  gsm_usart.o(i.USART1_IRQHandler)
    i.__0sprintf$2                           0x08000860   Section        0  printf2.o(i.__0sprintf$2)
    i.__aeabi_errno_addr                     0x08000888   Section        0  errno.o(i.__aeabi_errno_addr)
    i.__scatterload_copy                     0x08000890   Section       14  handlers.o(i.__scatterload_copy)
    i.__scatterload_null                     0x0800089e   Section        2  handlers.o(i.__scatterload_null)
    i.__scatterload_zeroinit                 0x080008a0   Section       14  handlers.o(i.__scatterload_zeroinit)
    i._printf_core                           0x080008ae   Section        0  printf2.o(i._printf_core)
    _printf_core                             0x080008af   Thumb Code   214  printf2.o(i._printf_core)
    i._sputc                                 0x08000984   Section        0  printf2.o(i._sputc)
    _sputc                                   0x08000985   Thumb Code    10  printf2.o(i._sputc)
    i.delay_init                             0x08000990   Section        0  delay.o(i.delay_init)
    i.delay_ms                               0x080009c0   Section        0  delay.o(i.delay_ms)
    i.delay_us                               0x080009e8   Section        0  delay.o(i.delay_us)
    i.gsm_usart_send_char                    0x08000a10   Section        0  gsm_usart.o(i.gsm_usart_send_char)
    i.initNVIC                               0x08000a24   Section        0  init_mc.o(i.initNVIC)
    initNVIC                                 0x08000a25   Thumb Code    24  init_mc.o(i.initNVIC)
    i.initTim2BaseMode                       0x08000a40   Section        0  init_mc.o(i.initTim2BaseMode)
    initTim2BaseMode                         0x08000a41   Thumb Code    42  init_mc.o(i.initTim2BaseMode)
    i.initTim4CaptureMode                    0x08000a70   Section        0  init_mc.o(i.initTim4CaptureMode)
    initTim4CaptureMode                      0x08000a71   Thumb Code    80  init_mc.o(i.initTim4CaptureMode)
    i.init_gpio                              0x08000acc   Section        0  gpio.o(i.init_gpio)
    i.init_mc                                0x08000b54   Section        0  init_mc.o(i.init_mc)
    i.main                                   0x08000b8c   Section        0  main.o(i.main)
    i.ssd1306_clear_screen                   0x08000d14   Section        0  ssd1306.o(i.ssd1306_clear_screen)
    i.ssd1306_display_char                   0x08000d5c   Section        0  ssd1306.o(i.ssd1306_display_char)
    i.ssd1306_display_on                     0x08000e0c   Section        0  ssd1306.o(i.ssd1306_display_on)
    i.ssd1306_display_string                 0x08000e2a   Section        0  ssd1306.o(i.ssd1306_display_string)
    i.ssd1306_draw_1616char                  0x08000e80   Section        0  ssd1306.o(i.ssd1306_draw_1616char)
    i.ssd1306_draw_3216char                  0x08000ed8   Section        0  ssd1306.o(i.ssd1306_draw_3216char)
    i.ssd1306_draw_antenna                   0x08000f30   Section        0  ssd1306.o(i.ssd1306_draw_antenna)
    i.ssd1306_draw_bitmap                    0x08000fcc   Section        0  ssd1306.o(i.ssd1306_draw_bitmap)
    i.ssd1306_draw_point                     0x08001030   Section        0  ssd1306.o(i.ssd1306_draw_point)
    i.ssd1306_init                           0x0800106c   Section        0  ssd1306.o(i.ssd1306_init)
    i.ssd1306_refresh_gram                   0x0800117c   Section        0  ssd1306.o(i.ssd1306_refresh_gram)
    i.ssd1306_write_byte                     0x080011c4   Section        0  ssd1306.o(i.ssd1306_write_byte)
    ssd1306_write_byte                       0x080011c5   Thumb Code   130  ssd1306.o(i.ssd1306_write_byte)
    .constdata                               0x0800124c   Section     1140  fonts.o(.constdata)
    .constdata                               0x080016c0   Section     1520  fonts.o(.constdata)
    .constdata                               0x08001cb0   Section      352  fonts.o(.constdata)
    .constdata                               0x08001e10   Section      704  fonts.o(.constdata)
    .constdata                               0x080020d0   Section       96  fonts.o(.constdata)
    .constdata                               0x08002130   Section       16  fonts.o(.constdata)
    .constdata                               0x08002140   Section       16  fonts.o(.constdata)
    .constdata                               0x08002150   Section        8  fonts.o(.constdata)
    .constdata                               0x08002158   Section        8  fonts.o(.constdata)
    .constdata                               0x08002160   Section        8  fonts.o(.constdata)
    .constdata                               0x08002168   Section      129  ctype_o.o(.constdata)
    .constdata                               0x080021ec   Section        4  ctype_o.o(.constdata)
    table                                    0x080021ec   Data           4  ctype_o.o(.constdata)
    .data                                    0x20000000   Section        4  system_stm32f1xx.o(.data)
    .data                                    0x20000004   Section        3  event_system.o(.data)
    tailBuf                                  0x20000004   Data           1  event_system.o(.data)
    headBuf                                  0x20000005   Data           1  event_system.o(.data)
    countBuf                                 0x20000006   Data           1  event_system.o(.data)
    .data                                    0x20000008   Section        6  interrupt.o(.data)
    sec                                      0x20000008   Data           1  interrupt.o(.data)
    Value_Prev                               0x2000000a   Data           2  interrupt.o(.data)
    Value                                    0x2000000c   Data           2  interrupt.o(.data)
    .data                                    0x2000000e   Section        3  gsm_common.o(.data)
    .data                                    0x20000011   Section        1  gsm_common.o(.data)
    .data                                    0x20000014   Section       12  gsm_usart.o(.data)
    report_form                              0x20000014   Data           1  gsm_usart.o(.data)
    symI                                     0x20000016   Data           2  gsm_usart.o(.data)
    rxLength                                 0x20000018   Data           2  gsm_usart.o(.data)
    prxBuffer                                0x2000001c   Data           4  gsm_usart.o(.data)
    .data                                    0x20000020   Section        4  errno.o(.data)
    _errno                                   0x20000020   Data           4  errno.o(.data)
    .bss                                     0x20000024   Section      128  event_system.o(.bss)
    cycleBuf                                 0x20000024   Data         128  event_system.o(.bss)
    .bss                                     0x200000a4   Section     1024  ssd1306.o(.bss)
    s_chDispalyBuffer                        0x200000a4   Data        1024  ssd1306.o(.bss)
    .bss                                     0x200004a4   Section      160  gsm_usart.o(.bss)
    STACK                                    0x20000548   Section     1024  startup_stm32f103xb.o(STACK)

    Global Symbols

    Symbol Name                              Value     Ov Type        Size  Object(Section)

    BuildAttributes$$THM_ISAv4$P$D$K$B$S$PE$A:L22UL41UL21$X:L11$S22US41US21$IEEE1$IW$USESV6$~STKCKD$USESV7$~SHL$OSPACE$ROPI$EBA8$MICROLIB$REQ8$PRES8$EABIv2 0x00000000   Number         0  anon$$obj.o ABSOLUTE
    __ARM_use_no_argv                        0x00000000   Number         0  main.o ABSOLUTE
    _printf_a                                0x00000000   Number         0  stubs.o ABSOLUTE
    _printf_c                                0x00000000   Number         0  stubs.o ABSOLUTE
    _printf_charcount                        0x00000000   Number         0  stubs.o ABSOLUTE
    _printf_d                                0x00000000   Number         0  stubs.o ABSOLUTE
    _printf_e                                0x00000000   Number         0  stubs.o ABSOLUTE
    _printf_f                                0x00000000   Number         0  stubs.o ABSOLUTE
    _printf_flags                            0x00000000   Number         0  stubs.o ABSOLUTE
    _printf_fp_dec                           0x00000000   Number         0  stubs.o ABSOLUTE
    _printf_fp_hex                           0x00000000   Number         0  stubs.o ABSOLUTE
    _printf_g                                0x00000000   Number         0  stubs.o ABSOLUTE
    _printf_i                                0x00000000   Number         0  stubs.o ABSOLUTE
    _printf_int_dec                          0x00000000   Number         0  stubs.o ABSOLUTE
    _printf_l                                0x00000000   Number         0  stubs.o ABSOLUTE
    _printf_lc                               0x00000000   Number         0  stubs.o ABSOLUTE
    _printf_ll                               0x00000000   Number         0  stubs.o ABSOLUTE
    _printf_lld                              0x00000000   Number         0  stubs.o ABSOLUTE
    _printf_lli                              0x00000000   Number         0  stubs.o ABSOLUTE
    _printf_llo                              0x00000000   Number         0  stubs.o ABSOLUTE
    _printf_llu                              0x00000000   Number         0  stubs.o ABSOLUTE
    _printf_llx                              0x00000000   Number         0  stubs.o ABSOLUTE
    _printf_longlong_dec                     0x00000000   Number         0  stubs.o ABSOLUTE
    _printf_longlong_hex                     0x00000000   Number         0  stubs.o ABSOLUTE
    _printf_longlong_oct                     0x00000000   Number         0  stubs.o ABSOLUTE
    _printf_ls                               0x00000000   Number         0  stubs.o ABSOLUTE
    _printf_mbtowc                           0x00000000   Number         0  stubs.o ABSOLUTE
    _printf_n                                0x00000000   Number         0  stubs.o ABSOLUTE
    _printf_o                                0x00000000   Number         0  stubs.o ABSOLUTE
    _printf_p                                0x00000000   Number         0  stubs.o ABSOLUTE
    _printf_percent                          0x00000000   Number         0  stubs.o ABSOLUTE
    _printf_pre_padding                      0x00000000   Number         0  stubs.o ABSOLUTE
    _printf_return_value                     0x00000000   Number         0  stubs.o ABSOLUTE
    _printf_s                                0x00000000   Number         0  stubs.o ABSOLUTE
    _printf_sizespec                         0x00000000   Number         0  stubs.o ABSOLUTE
    _printf_str                              0x00000000   Number         0  stubs.o ABSOLUTE
    _printf_truncate_signed                  0x00000000   Number         0  stubs.o ABSOLUTE
    _printf_truncate_unsigned                0x00000000   Number         0  stubs.o ABSOLUTE
    _printf_u                                0x00000000   Number         0  stubs.o ABSOLUTE
    _printf_wc                               0x00000000   Number         0  stubs.o ABSOLUTE
    _printf_wctomb                           0x00000000   Number         0  stubs.o ABSOLUTE
    _printf_widthprec                        0x00000000   Number         0  stubs.o ABSOLUTE
    _printf_x                                0x00000000   Number         0  stubs.o ABSOLUTE
    __cpp_initialize__aeabi_                  - Undefined Weak Reference
    __cxa_finalize                            - Undefined Weak Reference
    __decompress                              - Undefined Weak Reference
    _clock_init                               - Undefined Weak Reference
    _microlib_exit                            - Undefined Weak Reference
    __Vectors_Size                           0x000000ec   Number         0  startup_stm32f103xb.o ABSOLUTE
    __Vectors                                0x08000000   Data           4  startup_stm32f103xb.o(RESET)
    __Vectors_End                            0x080000ec   Data           0  startup_stm32f103xb.o(RESET)
    __main                                   0x080000ed   Thumb Code     0  entry.o(.ARM.Collect$$$$00000000)
    _main_stk                                0x080000ed   Thumb Code     0  entry2.o(.ARM.Collect$$$$00000001)
    _main_scatterload                        0x080000f1   Thumb Code     0  entry5.o(.ARM.Collect$$$$00000004)
    __main_after_scatterload                 0x080000f5   Thumb Code     0  entry5.o(.ARM.Collect$$$$00000004)
    _main_clock                              0x080000f5   Thumb Code     0  entry7b.o(.ARM.Collect$$$$00000008)
    _main_cpp_init                           0x080000f5   Thumb Code     0  entry8b.o(.ARM.Collect$$$$0000000A)
    _main_init                               0x080000f5   Thumb Code     0  entry9a.o(.ARM.Collect$$$$0000000B)
    __rt_final_cpp                           0x080000fd   Thumb Code     0  entry10a.o(.ARM.Collect$$$$0000000D)
    __rt_final_exit                          0x080000fd   Thumb Code     0  entry11a.o(.ARM.Collect$$$$0000000F)
    Reset_Handler                            0x08000101   Thumb Code     8  startup_stm32f103xb.o(.text)
    NMI_Handler                              0x08000109   Thumb Code     2  startup_stm32f103xb.o(.text)
    HardFault_Handler                        0x0800010b   Thumb Code     2  startup_stm32f103xb.o(.text)
    MemManage_Handler                        0x0800010d   Thumb Code     2  startup_stm32f103xb.o(.text)
    BusFault_Handler                         0x0800010f   Thumb Code     2  startup_stm32f103xb.o(.text)
    UsageFault_Handler                       0x08000111   Thumb Code     2  startup_stm32f103xb.o(.text)
    SVC_Handler                              0x08000113   Thumb Code     2  startup_stm32f103xb.o(.text)
    DebugMon_Handler                         0x08000115   Thumb Code     2  startup_stm32f103xb.o(.text)
    PendSV_Handler                           0x08000117   Thumb Code     2  startup_stm32f103xb.o(.text)
    SysTick_Handler                          0x08000119   Thumb Code     2  startup_stm32f103xb.o(.text)
    ADC1_2_IRQHandler                        0x0800011b   Thumb Code     0  startup_stm32f103xb.o(.text)
    CAN1_RX1_IRQHandler                      0x0800011b   Thumb Code     0  startup_stm32f103xb.o(.text)
    CAN1_SCE_IRQHandler                      0x0800011b   Thumb Code     0  startup_stm32f103xb.o(.text)
    DMA1_Channel1_IRQHandler                 0x0800011b   Thumb Code     0  startup_stm32f103xb.o(.text)
    DMA1_Channel2_IRQHandler                 0x0800011b   Thumb Code     0  startup_stm32f103xb.o(.text)
    DMA1_Channel3_IRQHandler                 0x0800011b   Thumb Code     0  startup_stm32f103xb.o(.text)
    DMA1_Channel4_IRQHandler                 0x0800011b   Thumb Code     0  startup_stm32f103xb.o(.text)
    DMA1_Channel5_IRQHandler                 0x0800011b   Thumb Code     0  startup_stm32f103xb.o(.text)
    DMA1_Channel6_IRQHandler                 0x0800011b   Thumb Code     0  startup_stm32f103xb.o(.text)
    DMA1_Channel7_IRQHandler                 0x0800011b   Thumb Code     0  startup_stm32f103xb.o(.text)
    EXTI0_IRQHandler                         0x0800011b   Thumb Code     0  startup_stm32f103xb.o(.text)
    EXTI1_IRQHandler                         0x0800011b   Thumb Code     0  startup_stm32f103xb.o(.text)
    EXTI2_IRQHandler                         0x0800011b   Thumb Code     0  startup_stm32f103xb.o(.text)
    EXTI3_IRQHandler                         0x0800011b   Thumb Code     0  startup_stm32f103xb.o(.text)
    EXTI4_IRQHandler                         0x0800011b   Thumb Code     0  startup_stm32f103xb.o(.text)
    EXTI9_5_IRQHandler                       0x0800011b   Thumb Code     0  startup_stm32f103xb.o(.text)
    FLASH_IRQHandler                         0x0800011b   Thumb Code     0  startup_stm32f103xb.o(.text)
    I2C1_ER_IRQHandler                       0x0800011b   Thumb Code     0  startup_stm32f103xb.o(.text)
    I2C1_EV_IRQHandler                       0x0800011b   Thumb Code     0  startup_stm32f103xb.o(.text)
    I2C2_ER_IRQHandler                       0x0800011b   Thumb Code     0  startup_stm32f103xb.o(.text)
    I2C2_EV_IRQHandler                       0x0800011b   Thumb Code     0  startup_stm32f103xb.o(.text)
    PVD_IRQHandler                           0x0800011b   Thumb Code     0  startup_stm32f103xb.o(.text)
    RCC_IRQHandler                           0x0800011b   Thumb Code     0  startup_stm32f103xb.o(.text)
    RTC_Alarm_IRQHandler                     0x0800011b   Thumb Code     0  startup_stm32f103xb.o(.text)
    RTC_IRQHandler                           0x0800011b   Thumb Code     0  startup_stm32f103xb.o(.text)
    SPI1_IRQHandler                          0x0800011b   Thumb Code     0  startup_stm32f103xb.o(.text)
    SPI2_IRQHandler                          0x0800011b   Thumb Code     0  startup_stm32f103xb.o(.text)
    TAMPER_IRQHandler                        0x0800011b   Thumb Code     0  startup_stm32f103xb.o(.text)
    TIM1_BRK_IRQHandler                      0x0800011b   Thumb Code     0  startup_stm32f103xb.o(.text)
    TIM1_CC_IRQHandler                       0x0800011b   Thumb Code     0  startup_stm32f103xb.o(.text)
    TIM1_TRG_COM_IRQHandler                  0x0800011b   Thumb Code     0  startup_stm32f103xb.o(.text)
    TIM1_UP_IRQHandler                       0x0800011b   Thumb Code     0  startup_stm32f103xb.o(.text)
    TIM3_IRQHandler                          0x0800011b   Thumb Code     0  startup_stm32f103xb.o(.text)
    USART2_IRQHandler                        0x0800011b   Thumb Code     0  startup_stm32f103xb.o(.text)
    USART3_IRQHandler                        0x0800011b   Thumb Code     0  startup_stm32f103xb.o(.text)
    USBWakeUp_IRQHandler                     0x0800011b   Thumb Code     0  startup_stm32f103xb.o(.text)
    USB_HP_CAN1_TX_IRQHandler                0x0800011b   Thumb Code     0  startup_stm32f103xb.o(.text)
    USB_LP_CAN1_RX0_IRQHandler               0x0800011b   Thumb Code     0  startup_stm32f103xb.o(.text)
    WWDG_IRQHandler                          0x0800011b   Thumb Code     0  startup_stm32f103xb.o(.text)
    __aeabi_memset                           0x08000125   Thumb Code    14  memseta.o(.text)
    __aeabi_memset4                          0x08000125   Thumb Code     0  memseta.o(.text)
    __aeabi_memset8                          0x08000125   Thumb Code     0  memseta.o(.text)
    __aeabi_memclr                           0x08000133   Thumb Code     4  memseta.o(.text)
    __aeabi_memclr4                          0x08000133   Thumb Code     0  memseta.o(.text)
    __aeabi_memclr8                          0x08000133   Thumb Code     0  memseta.o(.text)
    _memset$wrapper                          0x08000137   Thumb Code    18  memseta.o(.text)
    strchr                                   0x08000149   Thumb Code    20  strchr.o(.text)
    strlen                                   0x0800015d   Thumb Code    14  strlen.o(.text)
    atoi                                     0x0800016b   Thumb Code    26  atoi.o(.text)
    strtol                                   0x08000185   Thumb Code   112  strtol.o(.text)
    __scatterload                            0x080001f5   Thumb Code    28  init.o(.text)
    __scatterload_rt2                        0x080001f5   Thumb Code     0  init.o(.text)
    __rt_ctype_table                         0x08000219   Thumb Code     4  ctype_o.o(.text)
    _strtoul                                 0x08000221   Thumb Code   158  _strtoul.o(.text)
    _chval                                   0x080002bf   Thumb Code    28  _chval.o(.text)
    EF_PrintSignalLevel                      0x080002db   Thumb Code    24  event_functions.o(i.EF_PrintSignalLevel)
    ES_GetEvent                              0x080002f5   Thumb Code    42  event_system.o(i.ES_GetEvent)
    ES_PlaceEvent                            0x08000329   Thumb Code    38  event_system.o(i.ES_PlaceEvent)
    EXTI15_10_IRQHandler                     0x08000359   Thumb Code     2  interrupt.o(i.EXTI15_10_IRQHandler)
    GPIO_WritePin                            0x0800035b   Thumb Code    14  gpio.o(i.GPIO_WritePin)
    GSM_AT                                   0x08000369   Thumb Code    40  gsm.o(i.GSM_AT)
    GSM_Boot                                 0x0800039d   Thumb Code    36  gsm.o(i.GSM_Boot)
    GSM_Init                                 0x080003c1   Thumb Code   210  gsm.o(i.GSM_Init)
    GSM_SetStatus                            0x080004f5   Thumb Code    10  gsm_common.o(i.GSM_SetStatus)
    GSM_SignalLevel                          0x08000505   Thumb Code    90  gsm.o(i.GSM_SignalLevel)
    GSM_UART_FlushRxBuf                      0x08000571   Thumb Code    22  gsm_usart.o(i.GSM_UART_FlushRxBuf)
    GSM_UART_FlushTxBuf                      0x08000591   Thumb Code     8  gsm_usart.o(i.GSM_UART_FlushTxBuf)
    GSM_UART_GetRxBuffer                     0x0800059d   Thumb Code     4  gsm_usart.o(i.GSM_UART_GetRxBuffer)
    GSM_UART_GetTxBuffer                     0x080005a5   Thumb Code     4  gsm_usart.o(i.GSM_UART_GetTxBuffer)
    GSM_UART_Init                            0x080005ad   Thumb Code    76  gsm_usart.o(i.GSM_UART_Init)
    GSM_UART_SendATCommand                   0x08000611   Thumb Code    90  gsm_usart.o(i.GSM_UART_SendATCommand)
    SystemInit                               0x08000739   Thumb Code    56  system_stm32f1xx.o(i.SystemInit)
    TIM2_IRQHandler                          0x08000781   Thumb Code    52  interrupt.o(i.TIM2_IRQHandler)
    TIM4_IRQHandler                          0x080007bd   Thumb Code    74  interrupt.o(i.TIM4_IRQHandler)
    USART1_IRQHandler                        0x08000815   Thumb Code    66  gsm_usart.o(i.USART1_IRQHandler)
    __0sprintf$2                             0x08000861   Thumb Code    34  printf2.o(i.__0sprintf$2)
    __1sprintf$2                             0x08000861   Thumb Code     0  printf2.o(i.__0sprintf$2)
    __2sprintf                               0x08000861   Thumb Code     0  printf2.o(i.__0sprintf$2)
    __aeabi_errno_addr                       0x08000889   Thumb Code     4  errno.o(i.__aeabi_errno_addr)
    __rt_errno_addr                          0x08000889   Thumb Code     0  errno.o(i.__aeabi_errno_addr)
    __scatterload_copy                       0x08000891   Thumb Code    14  handlers.o(i.__scatterload_copy)
    __scatterload_null                       0x0800089f   Thumb Code     2  handlers.o(i.__scatterload_null)
    __scatterload_zeroinit                   0x080008a1   Thumb Code    14  handlers.o(i.__scatterload_zeroinit)
    delay_init                               0x08000991   Thumb Code    38  delay.o(i.delay_init)
    delay_ms                                 0x080009c1   Thumb Code    30  delay.o(i.delay_ms)
    delay_us                                 0x080009e9   Thumb Code    28  delay.o(i.delay_us)
    gsm_usart_send_char                      0x08000a11   Thumb Code    16  gsm_usart.o(i.gsm_usart_send_char)
    init_gpio                                0x08000acd   Thumb Code   126  gpio.o(i.init_gpio)
    init_mc                                  0x08000b55   Thumb Code    46  init_mc.o(i.init_mc)
    main                                     0x08000b8d   Thumb Code   302  main.o(i.main)
    ssd1306_clear_screen                     0x08000d15   Thumb Code    68  ssd1306.o(i.ssd1306_clear_screen)
    ssd1306_display_char                     0x08000d5d   Thumb Code   166  ssd1306.o(i.ssd1306_display_char)
    ssd1306_display_on                       0x08000e0d   Thumb Code    30  ssd1306.o(i.ssd1306_display_on)
    ssd1306_display_string                   0x08000e2b   Thumb Code    84  ssd1306.o(i.ssd1306_display_string)
    ssd1306_draw_1616char                    0x08000e81   Thumb Code    84  ssd1306.o(i.ssd1306_draw_1616char)
    ssd1306_draw_3216char                    0x08000ed9   Thumb Code    84  ssd1306.o(i.ssd1306_draw_3216char)
    ssd1306_draw_antenna                     0x08000f31   Thumb Code   138  ssd1306.o(i.ssd1306_draw_antenna)
    ssd1306_draw_bitmap                      0x08000fcd   Thumb Code    98  ssd1306.o(i.ssd1306_draw_bitmap)
    ssd1306_draw_point                       0x08001031   Thumb Code    56  ssd1306.o(i.ssd1306_draw_point)
    ssd1306_init                             0x0800106d   Thumb Code   268  ssd1306.o(i.ssd1306_init)
    ssd1306_refresh_gram                     0x0800117d   Thumb Code    66  ssd1306.o(i.ssd1306_refresh_gram)
    c_chFont1206                             0x0800124c   Data        1140  fonts.o(.constdata)
    c_chFont1608                             0x080016c0   Data        1520  fonts.o(.constdata)
    c_chFont1612                             0x08001cb0   Data         352  fonts.o(.constdata)
    c_chFont3216                             0x08001e10   Data         704  fonts.o(.constdata)
    c_chBmp4016                              0x080020d0   Data          96  fonts.o(.constdata)
    c_chMsg816                               0x08002130   Data          16  fonts.o(.constdata)
    c_chBat816                               0x08002140   Data          16  fonts.o(.constdata)
    c_chBluetooth88                          0x08002150   Data           8  fonts.o(.constdata)
    c_chGPRS88                               0x08002158   Data           8  fonts.o(.constdata)
    c_chAlarm88                              0x08002160   Data           8  fonts.o(.constdata)
    __ctype_table                            0x08002168   Data         129  ctype_o.o(.constdata)
    Region$$Table$$Base                      0x080021f0   Number         0  anon$$obj.o(Region$$Table)
    Region$$Table$$Limit                     0x08002210   Number         0  anon$$obj.o(Region$$Table)
    SystemCoreClock                          0x20000000   Data           4  system_stm32f1xx.o(.data)
    end                                      0x2000000e   Data           3  gsm_common.o(.data)
    gsm_status                               0x20000011   Data           1  gsm_common.o(.data)
    txBuffer                                 0x200004a4   Data          32  gsm_usart.o(.bss)
    rxBuffer                                 0x200004c4   Data         128  gsm_usart.o(.bss)
    __initial_sp                             0x20000948   Data           0  startup_stm32f103xb.o(STACK)



==============================================================================

Memory Map of the image

  Image Entry point : 0x080000ed

  Load Region LR_IROM1 (Base: 0x08000000, Size: 0x00002234, Max: 0x00010000, ABSOLUTE)

    Execution Region ER_IROM1 (Base: 0x08000000, Size: 0x00002210, Max: 0x00010000, ABSOLUTE)

    Base Addr    Size         Type   Attr      Idx    E Section Name        Object

    0x08000000   0x000000ec   Data   RO           66    RESET               startup_stm32f103xb.o
    0x080000ec   0x00000000   Code   RO          787  * .ARM.Collect$$$$00000000  mc_w.l(entry.o)
    0x080000ec   0x00000004   Code   RO         1061    .ARM.Collect$$$$00000001  mc_w.l(entry2.o)
    0x080000f0   0x00000004   Code   RO         1064    .ARM.Collect$$$$00000004  mc_w.l(entry5.o)
    0x080000f4   0x00000000   Code   RO         1066    .ARM.Collect$$$$00000008  mc_w.l(entry7b.o)
    0x080000f4   0x00000000   Code   RO         1068    .ARM.Collect$$$$0000000A  mc_w.l(entry8b.o)
    0x080000f4   0x00000008   Code   RO         1069    .ARM.Collect$$$$0000000B  mc_w.l(entry9a.o)
    0x080000fc   0x00000000   Code   RO         1071    .ARM.Collect$$$$0000000D  mc_w.l(entry10a.o)
    0x080000fc   0x00000000   Code   RO         1073    .ARM.Collect$$$$0000000F  mc_w.l(entry11a.o)
    0x080000fc   0x00000004   Code   RO         1062    .ARM.Collect$$$$00002712  mc_w.l(entry2.o)
    0x08000100   0x00000024   Code   RO           67    .text               startup_stm32f103xb.o
    0x08000124   0x00000024   Code   RO          790    .text               mc_w.l(memseta.o)
    0x08000148   0x00000014   Code   RO          794    .text               mc_w.l(strchr.o)
    0x0800015c   0x0000000e   Code   RO          796    .text               mc_w.l(strlen.o)
    0x0800016a   0x0000001a   Code   RO         1059    .text               mc_w.l(atoi.o)
    0x08000184   0x00000070   Code   RO         1089    .text               mc_w.l(strtol.o)
    0x080001f4   0x00000024   Code   RO         1102    .text               mc_w.l(init.o)
    0x08000218   0x00000008   Code   RO         1111    .text               mc_w.l(ctype_o.o)
    0x08000220   0x0000009e   Code   RO         1139    .text               mc_w.l(_strtoul.o)
    0x080002be   0x0000001c   Code   RO         1144    .text               mc_w.l(_chval.o)
    0x080002da   0x00000018   Code   RO          246    i.EF_PrintSignalLevel  event_functions.o
    0x080002f2   0x00000002   PAD
    0x080002f4   0x00000034   Code   RO          203    i.ES_GetEvent       event_system.o
    0x08000328   0x00000030   Code   RO          204    i.ES_PlaceEvent     event_system.o
    0x08000358   0x00000002   Code   RO          350    i.EXTI15_10_IRQHandler  interrupt.o
    0x0800035a   0x0000000e   Code   RO          408    i.GPIO_WritePin     gpio.o
    0x08000368   0x00000034   Code   RO          724    i.GSM_AT            gsm.o
    0x0800039c   0x00000024   Code   RO          725    i.GSM_Boot          gsm.o
    0x080003c0   0x00000134   Code   RO          727    i.GSM_Init          gsm.o
    0x080004f4   0x00000010   Code   RO          582    i.GSM_SetStatus     gsm_common.o
    0x08000504   0x0000006c   Code   RO          728    i.GSM_SignalLevel   gsm.o
    0x08000570   0x00000020   Code   RO          636    i.GSM_UART_FlushRxBuf  gsm_usart.o
    0x08000590   0x0000000c   Code   RO          637    i.GSM_UART_FlushTxBuf  gsm_usart.o
    0x0800059c   0x00000008   Code   RO          638    i.GSM_UART_GetRxBuffer  gsm_usart.o
    0x080005a4   0x00000008   Code   RO          639    i.GSM_UART_GetTxBuffer  gsm_usart.o
    0x080005ac   0x00000064   Code   RO          640    i.GSM_UART_Init     gsm_usart.o
    0x08000610   0x0000006c   Code   RO          642    i.GSM_UART_SendATCommand  gsm_usart.o
    0x0800067c   0x00000016   Code   RO          279    i.NVIC_EnableIRQ    init_mc.o
    0x08000692   0x00000002   PAD
    0x08000694   0x000000a4   Code   RO          280    i.SetSysClock       init_mc.o
    0x08000738   0x00000048   Code   RO            5    i.SystemInit        system_stm32f1xx.o
    0x08000780   0x0000003c   Code   RO          351    i.TIM2_IRQHandler   interrupt.o
    0x080007bc   0x00000058   Code   RO          352    i.TIM4_IRQHandler   interrupt.o
    0x08000814   0x0000004c   Code   RO          643    i.USART1_IRQHandler  gsm_usart.o
    0x08000860   0x00000028   Code   RO          867    i.__0sprintf$2      mc_w.l(printf2.o)
    0x08000888   0x00000008   Code   RO         1082    i.__aeabi_errno_addr  mc_w.l(errno.o)
    0x08000890   0x0000000e   Code   RO         1148    i.__scatterload_copy  mc_w.l(handlers.o)
    0x0800089e   0x00000002   Code   RO         1149    i.__scatterload_null  mc_w.l(handlers.o)
    0x080008a0   0x0000000e   Code   RO         1150    i.__scatterload_zeroinit  mc_w.l(handlers.o)
    0x080008ae   0x000000d6   Code   RO          872    i._printf_core      mc_w.l(printf2.o)
    0x08000984   0x0000000a   Code   RO          874    i._sputc            mc_w.l(printf2.o)
    0x0800098e   0x00000002   PAD
    0x08000990   0x00000030   Code   RO           74    i.delay_init        delay.o
    0x080009c0   0x00000028   Code   RO           75    i.delay_ms          delay.o
    0x080009e8   0x00000028   Code   RO           76    i.delay_us          delay.o
    0x08000a10   0x00000014   Code   RO          644    i.gsm_usart_send_char  gsm_usart.o
    0x08000a24   0x0000001c   Code   RO          281    i.initNVIC          init_mc.o
    0x08000a40   0x00000030   Code   RO          282    i.initTim2BaseMode  init_mc.o
    0x08000a70   0x0000005c   Code   RO          283    i.initTim4CaptureMode  init_mc.o
    0x08000acc   0x00000088   Code   RO          390    i.init_gpio         gpio.o
    0x08000b54   0x00000038   Code   RO          284    i.init_mc           init_mc.o
    0x08000b8c   0x00000188   Code   RO          124    i.main              main.o
    0x08000d14   0x00000048   Code   RO          423    i.ssd1306_clear_screen  ssd1306.o
    0x08000d5c   0x000000b0   Code   RO          424    i.ssd1306_display_char  ssd1306.o
    0x08000e0c   0x0000001e   Code   RO          427    i.ssd1306_display_on  ssd1306.o
    0x08000e2a   0x00000054   Code   RO          428    i.ssd1306_display_string  ssd1306.o
    0x08000e7e   0x00000002   PAD
    0x08000e80   0x00000058   Code   RO          429    i.ssd1306_draw_1616char  ssd1306.o
    0x08000ed8   0x00000058   Code   RO          430    i.ssd1306_draw_3216char  ssd1306.o
    0x08000f30   0x0000009c   Code   RO          431    i.ssd1306_draw_antenna  ssd1306.o
    0x08000fcc   0x00000062   Code   RO          432    i.ssd1306_draw_bitmap  ssd1306.o
    0x0800102e   0x00000002   PAD
    0x08001030   0x0000003c   Code   RO          433    i.ssd1306_draw_point  ssd1306.o
    0x0800106c   0x00000110   Code   RO          435    i.ssd1306_init      ssd1306.o
    0x0800117c   0x00000048   Code   RO          436    i.ssd1306_refresh_gram  ssd1306.o
    0x080011c4   0x00000088   Code   RO          437    i.ssd1306_write_byte  ssd1306.o
    0x0800124c   0x00000474   Data   RO          546    .constdata          fonts.o
    0x080016c0   0x000005f0   Data   RO          547    .constdata          fonts.o
    0x08001cb0   0x00000160   Data   RO          548    .constdata          fonts.o
    0x08001e10   0x000002c0   Data   RO          549    .constdata          fonts.o
    0x080020d0   0x00000060   Data   RO          550    .constdata          fonts.o
    0x08002130   0x00000010   Data   RO          552    .constdata          fonts.o
    0x08002140   0x00000010   Data   RO          553    .constdata          fonts.o
    0x08002150   0x00000008   Data   RO          554    .constdata          fonts.o
    0x08002158   0x00000008   Data   RO          555    .constdata          fonts.o
    0x08002160   0x00000008   Data   RO          556    .constdata          fonts.o
    0x08002168   0x00000081   Data   RO         1112    .constdata          mc_w.l(ctype_o.o)
    0x080021e9   0x00000003   PAD
    0x080021ec   0x00000004   Data   RO         1113    .constdata          mc_w.l(ctype_o.o)
    0x080021f0   0x00000020   Data   RO         1146    Region$$Table       anon$$obj.o


    Execution Region RW_IRAM1 (Base: 0x20000000, Size: 0x00000948, Max: 0x00005000, ABSOLUTE)

    Base Addr    Size         Type   Attr      Idx    E Section Name        Object

    0x20000000   0x00000004   Data   RW            8    .data               system_stm32f1xx.o
    0x20000004   0x00000003   Data   RW          206    .data               event_system.o
    0x20000007   0x00000001   PAD
    0x20000008   0x00000006   Data   RW          353    .data               interrupt.o
    0x2000000e   0x00000003   Data   RW          584    .data               gsm_common.o
    0x20000011   0x00000001   Data   RW          596    .data               gsm_common.o
    0x20000012   0x00000002   PAD
    0x20000014   0x0000000c   Data   RW          646    .data               gsm_usart.o
    0x20000020   0x00000004   Data   RW         1085    .data               mc_w.l(errno.o)
    0x20000024   0x00000080   Zero   RW          205    .bss                event_system.o
    0x200000a4   0x00000400   Zero   RW          438    .bss                ssd1306.o
    0x200004a4   0x000000a0   Zero   RW          645    .bss                gsm_usart.o
    0x20000544   0x00000004   PAD
    0x20000548   0x00000400   Zero   RW           64    STACK               startup_stm32f103xb.o


==============================================================================

Image component sizes


      Code (inc. data)   RO Data    RW Data    ZI Data      Debug   Object Name

       128         32          0          0          0       2219   delay.o
        24          0          0          0          0        530   event_functions.o
       100         20          0          3        128       1634   event_system.o
         0          0       3868          0          0       1113   fonts.o
       150         10          0          0          0       1268   gpio.o
       504        128          0          0          0       2417   gsm.o
        16          6          0          4          0       1989   gsm_common.o
       364         78          0         12        160      27720   gsm_usart.o
       410         40          0          0          0      25241   init_mc.o
       150         22          0          6          0       1899   interrupt.o
       392         90          0          0          0       2283   main.o
      1332         60          0          0       1024       9796   ssd1306.o
        36          8        236          0       1024        780   startup_stm32f103xb.o
        72         16          0          4          0     353991   system_stm32f1xx.o

    ----------------------------------------------------------------------
      3686        510       4136         32       2340     432880   Object Totals
         0          0         32          0          0          0   (incl. Generated)
         8          0          0          3          4          0   (incl. Padding)

    ----------------------------------------------------------------------

      Code (inc. data)   RO Data    RW Data    ZI Data      Debug   Library Member Name

        28          0          0          0          0         68   _chval.o
       158          0          0          0          0         92   _strtoul.o
        26          0          0          0          0         80   atoi.o
         8          4        133          0          0         68   ctype_o.o
         0          0          0          0          0          0   entry.o
         0          0          0          0          0          0   entry10a.o
         0          0          0          0          0          0   entry11a.o
         8          4          0          0          0          0   entry2.o
         4          0          0          0          0          0   entry5.o
         0          0          0          0          0          0   entry7b.o
         0          0          0          0          0          0   entry8b.o
         8          4          0          0          0          0   entry9a.o
         8          4          0          4          0         68   errno.o
        30          0          0          0          0          0   handlers.o
        36          8          0          0          0         68   init.o
        36          0          0          0          0        108   memseta.o
       264          6          0          0          0        244   printf2.o
        20          0          0          0          0         68   strchr.o
        14          0          0          0          0         68   strlen.o
       112          0          0          0          0         88   strtol.o

    ----------------------------------------------------------------------
       762         30        136          4          0       1020   Library Totals
         2          0          3          0          0          0   (incl. Padding)

    ----------------------------------------------------------------------

      Code (inc. data)   RO Data    RW Data    ZI Data      Debug   Library Name

       760         30        133          4          0       1020   mc_w.l

    ----------------------------------------------------------------------
       762         30        136          4          0       1020   Library Totals

    ----------------------------------------------------------------------

==============================================================================


      Code (inc. data)   RO Data    RW Data    ZI Data      Debug   

      4448        540       4272         36       2340     431556   Grand Totals
      4448        540       4272         36       2340     431556   ELF Image Totals
      4448        540       4272         36          0          0   ROM Totals

==============================================================================

    Total RO  Size (Code + RO Data)                 8720 (   8.52kB)
    Total RW  Size (RW Data + ZI Data)              2376 (   2.32kB)
    Total ROM Size (Code + RO Data + RW Data)       8756 (   8.55kB)

==============================================================================

